Archive member included to satisfy reference by file (symbol)

/Applications/ArmGNUToolchain/14.2.rel1/arm-none-eabi/bin/../lib/gcc/arm-none-eabi/14.2.1/../../../../arm-none-eabi/lib/thumb/v7e-m+dp/hard/libc_nano.a(libc_a-exit.o)
                              /Applications/ArmGNUToolchain/14.2.rel1/arm-none-eabi/bin/../lib/gcc/arm-none-eabi/14.2.1/../../../../arm-none-eabi/lib/thumb/v7e-m+dp/hard/crt0.o (exit)
/Applications/ArmGNUToolchain/14.2.rel1/arm-none-eabi/bin/../lib/gcc/arm-none-eabi/14.2.1/../../../../arm-none-eabi/lib/thumb/v7e-m+dp/hard/libc_nano.a(libc_a-malloc.o)
                              build/usbd_cdc.o (malloc)
/Applications/ArmGNUToolchain/14.2.rel1/arm-none-eabi/bin/../lib/gcc/arm-none-eabi/14.2.1/../../../../arm-none-eabi/lib/thumb/v7e-m+dp/hard/libc_nano.a(libc_a-mallocr.o)
                              /Applications/ArmGNUToolchain/14.2.rel1/arm-none-eabi/bin/../lib/gcc/arm-none-eabi/14.2.1/../../../../arm-none-eabi/lib/thumb/v7e-m+dp/hard/libc_nano.a(libc_a-malloc.o) (_malloc_r)
/Applications/ArmGNUToolchain/14.2.rel1/arm-none-eabi/bin/../lib/gcc/arm-none-eabi/14.2.1/../../../../arm-none-eabi/lib/thumb/v7e-m+dp/hard/libc_nano.a(libc_a-snprintf.o)
                              build/esp8266.o (snprintf)
/Applications/ArmGNUToolchain/14.2.rel1/arm-none-eabi/bin/../lib/gcc/arm-none-eabi/14.2.1/../../../../arm-none-eabi/lib/thumb/v7e-m+dp/hard/libc_nano.a(libc_a-mlock.o)
                              /Applications/ArmGNUToolchain/14.2.rel1/arm-none-eabi/bin/../lib/gcc/arm-none-eabi/14.2.1/../../../../arm-none-eabi/lib/thumb/v7e-m+dp/hard/libc_nano.a(libc_a-mallocr.o) (__malloc_lock)
/Applications/ArmGNUToolchain/14.2.rel1/arm-none-eabi/bin/../lib/gcc/arm-none-eabi/14.2.1/../../../../arm-none-eabi/lib/thumb/v7e-m+dp/hard/libc_nano.a(libc_a-sprintf.o)
                              build/freertos.o (sprintf)
/Applications/ArmGNUToolchain/14.2.rel1/arm-none-eabi/bin/../lib/gcc/arm-none-eabi/14.2.1/../../../../arm-none-eabi/lib/thumb/v7e-m+dp/hard/libc_nano.a(libc_a-findfp.o)
                              /Applications/ArmGNUToolchain/14.2.rel1/arm-none-eabi/bin/../lib/gcc/arm-none-eabi/14.2.1/../../../../arm-none-eabi/lib/thumb/v7e-m+dp/hard/libc_nano.a(libc_a-exit.o) (__stdio_exit_handler)
/Applications/ArmGNUToolchain/14.2.rel1/arm-none-eabi/bin/../lib/gcc/arm-none-eabi/14.2.1/../../../../arm-none-eabi/lib/thumb/v7e-m+dp/hard/libc_nano.a(libc_a-fwalk.o)
                              /Applications/ArmGNUToolchain/14.2.rel1/arm-none-eabi/bin/../lib/gcc/arm-none-eabi/14.2.1/../../../../arm-none-eabi/lib/thumb/v7e-m+dp/hard/libc_nano.a(libc_a-findfp.o) (_fwalk_sglue)
/Applications/ArmGNUToolchain/14.2.rel1/arm-none-eabi/bin/../lib/gcc/arm-none-eabi/14.2.1/../../../../arm-none-eabi/lib/thumb/v7e-m+dp/hard/libc_nano.a(libc_a-memset.o)
                              /Applications/ArmGNUToolchain/14.2.rel1/arm-none-eabi/bin/../lib/gcc/arm-none-eabi/14.2.1/../../../../arm-none-eabi/lib/thumb/v7e-m+dp/hard/crt0.o (memset)
/Applications/ArmGNUToolchain/14.2.rel1/arm-none-eabi/bin/../lib/gcc/arm-none-eabi/14.2.1/../../../../arm-none-eabi/lib/thumb/v7e-m+dp/hard/libc_nano.a(libc_a-strpbrk.o)
                              build/freertos.o (strpbrk)
/Applications/ArmGNUToolchain/14.2.rel1/arm-none-eabi/bin/../lib/gcc/arm-none-eabi/14.2.1/../../../../arm-none-eabi/lib/thumb/v7e-m+dp/hard/libc_nano.a(libc_a-strstr.o)
                              build/freertos.o (strstr)
/Applications/ArmGNUToolchain/14.2.rel1/arm-none-eabi/bin/../lib/gcc/arm-none-eabi/14.2.1/../../../../arm-none-eabi/lib/thumb/v7e-m+dp/hard/libc_nano.a(libc_a-sbrkr.o)
                              /Applications/ArmGNUToolchain/14.2.rel1/arm-none-eabi/bin/../lib/gcc/arm-none-eabi/14.2.1/../../../../arm-none-eabi/lib/thumb/v7e-m+dp/hard/libc_nano.a(libc_a-mallocr.o) (_sbrk_r)
/Applications/ArmGNUToolchain/14.2.rel1/arm-none-eabi/bin/../lib/gcc/arm-none-eabi/14.2.1/../../../../arm-none-eabi/lib/thumb/v7e-m+dp/hard/libc_nano.a(libc_a-errno.o)
                              build/syscalls.o (__errno)
/Applications/ArmGNUToolchain/14.2.rel1/arm-none-eabi/bin/../lib/gcc/arm-none-eabi/14.2.1/../../../../arm-none-eabi/lib/thumb/v7e-m+dp/hard/libc_nano.a(libc_a-init.o)
                              /Applications/ArmGNUToolchain/14.2.rel1/arm-none-eabi/bin/../lib/gcc/arm-none-eabi/14.2.1/../../../../arm-none-eabi/lib/thumb/v7e-m+dp/hard/crt0.o (__libc_init_array)
/Applications/ArmGNUToolchain/14.2.rel1/arm-none-eabi/bin/../lib/gcc/arm-none-eabi/14.2.1/../../../../arm-none-eabi/lib/thumb/v7e-m+dp/hard/libc_nano.a(libc_a-lock.o)
                              /Applications/ArmGNUToolchain/14.2.rel1/arm-none-eabi/bin/../lib/gcc/arm-none-eabi/14.2.1/../../../../arm-none-eabi/lib/thumb/v7e-m+dp/hard/libc_nano.a(libc_a-findfp.o) (__retarget_lock_init_recursive)
/Applications/ArmGNUToolchain/14.2.rel1/arm-none-eabi/bin/../lib/gcc/arm-none-eabi/14.2.1/../../../../arm-none-eabi/lib/thumb/v7e-m+dp/hard/libc_nano.a(libc_a-reent.o)
[...]
Memory Configuration

Name             Origin             Length             Attributes
RAM              0x20000000         0x00080000         xrw
FLASH            0x08000000         0x00200000         xr
*default*        0x00000000         0xffffffff

Linker script and memory map

LOAD /Applications/ArmGNUToolchain/14.2.rel1/arm-none-eabi/bin/../lib/gcc/arm-none-eabi/14.2.1/thumb/v7e-m+dp/hard/crti.o
LOAD /Applications/ArmGNUToolchain/14.2.rel1/arm-none-eabi/bin/../lib/gcc/arm-none-eabi/14.2.1/thumb/v7e-m+dp/hard/crtbegin.o
LOAD /Applications/ArmGNUToolchain/14.2.rel1/arm-none-eabi/bin/../lib/gcc/arm-none-eabi/14.2.1/../../../../arm-none-eabi/lib/thumb/v7e-m+dp/hard/crt0.o
LOAD build/stm32f7xx_hal_timebase_tim.o
LOAD build/fmc.o
LOAD build/gpio.o
LOAD build/dsihost.o
LOAD build/ltdc.o
LOAD build/syscalls.o
LOAD build/i2c.o
LOAD build/stm32f7xx_it.o
LOAD build/freertos.o
LOAD build/main.o
LOAD build/system_stm32f7xx.o
LOAD build/sysmem.o
LOAD build/stm32f7xx_hal_msp.o
LOAD build/dma2d.o
LOAD build/crc.o
LOAD build/stm32f7xx_hal_rcc.o
LOAD build/stm32f7xx_hal_sram.o
LOAD build/stm32f7xx_hal_flash.o
LOAD build/stm32f7xx_hal_gpio.o
LOAD build/stm32f7xx_hal_nor.o
LOAD build/stm32f7xx_hal_i2c.o
LOAD build/stm32f7xx_hal_pcd.o
LOAD build/stm32f7xx_hal_ltdc.o
LOAD build/stm32f7xx_hal_tim.o
LOAD build/stm32f7xx_hal_exti.o
LOAD build/stm32f7xx_hal_crc.o
LOAD build/stm32f7xx_hal_i2c_ex.o
LOAD build/stm32f7xx_hal_nand.o
LOAD build/stm32f7xx_hal_pcd_ex.o
LOAD build/stm32f7xx_hal_tim_ex.o
LOAD build/stm32f7xx_hal_flash_ex.o
LOAD build/stm32f7xx_hal_dsi.o
LOAD build/stm32f7xx_hal.o
LOAD build/stm32f7xx_ll_usb.o
LOAD build/stm32f7xx_hal_ltdc_ex.o
LOAD build/stm32f7xx_ll_fmc.o
LOAD build/stm32f7xx_hal_uart_ex.o
LOAD build/stm32f7xx_hal_rcc_ex.o
LOAD build/stm32f7xx_hal_dma.o
LOAD build/stm32f7xx_hal_sdram.o
LOAD build/stm32f7xx_hal_cortex.o
LOAD build/stm32f7xx_hal_dma_ex.o
LOAD build/stm32f7xx_hal_pwr_ex.o
LOAD build/stm32f7xx_hal_crc_ex.o
LOAD build/stm32f7xx_hal_dma2d.o
LOAD build/stm32f7xx_hal_pwr.o
LOAD build/stm32f7xx_hal_uart.o
LOAD build/stm32f769i_discovery_eeprom.o
LOAD build/stm32f769i_discovery_sdram.o
LOAD build/stm32f769i_discovery.o
LOAD build/esp8266.o
LOAD build/lan8742.o
LOAD build/ft6x06.o
LOAD build/dp83848.o
LOAD build/adv7533.o
LOAD build/otm8009a.o
LOAD build/wm8994.o
LOAD build/nt35510.o
LOAD build/app_touchgfx.o
LOAD build/usbd_ctlreq.o
LOAD build/usbd_core.o
LOAD build/usbd_ioreq.o
LOAD build/usbd_cdc.o
LOAD build/list.o
LOAD build/stream_buffer.o
LOAD build/port.o
LOAD build/heap_4.o
LOAD build/queue.o
LOAD build/timers.o
LOAD build/cmsis_os2.o
LOAD build/tasks.o
LOAD build/event_groups.o
LOAD build/croutine.o
LOAD build/usbd_cdc_if.o
LOAD build/usb_device.o
LOAD build/usbd_desc.o
LOAD build/usbd_conf.o
LOAD build/startup_stm32f769nihx.o
LOAD /Applications/ArmGNUToolchain/14.2.rel1/arm-none-eabi/bin/../lib/gcc/arm-none-eabi/14.2.1/../../../../arm-none-eabi/lib/thumb/v7e-m+dp/hard/libc_nano.a
LOAD /Applications/ArmGNUToolchain/14.2.rel1/arm-none-eabi/bin/../lib/gcc/arm-none-eabi/14.2.1/../../../../arm-none-eabi/lib/thumb/v7e-m+dp/hard/libm.a
LOAD /Applications/ArmGNUToolchain/14.2.rel1/arm-none-eabi/bin/../lib/gcc/arm-none-eabi/14.2.1/../../../../arm-none-eabi/lib/thumb/v7e-m+dp/hard/libnosys.a
START GROUP
LOAD /Applications/ArmGNUToolchain/14.2.rel1/arm-none-eabi/bin/../lib/gcc/arm-none-eabi/14.2.1/thumb/v7e-m+dp/hard/libgcc.a
LOAD /Applications/ArmGNUToolchain/14.2.rel1/arm-none-eabi/bin/../lib/gcc/arm-none-eabi/14.2.1/../../../../arm-none-eabi/lib/thumb/v7e-m+dp/hard/libc_nano.a
END GROUP
START GROUP
LOAD /Applications/ArmGNUToolchain/14.2.rel1/arm-none-eabi/bin/../lib/gcc/arm-none-eabi/14.2.1/thumb/v7e-m+dp/hard/libgcc.a
LOAD /Applications/ArmGNUToolchain/14.2.rel1/arm-none-eabi/bin/../lib/gcc/arm-none-eabi/14.2.1/../../../../arm-none-eabi/lib/thumb/v7e-m+dp/hard/libc_nano.a
END GROUP
LOAD /Applications/ArmGNUToolchain/14.2.rel1/arm-none-eabi/bin/../lib/gcc/arm-none-eabi/14.2.1/thumb/v7e-m+dp/hard/crtend.o
LOAD /Applications/ArmGNUToolchain/14.2.rel1/arm-none-eabi/bin/../lib/gcc/arm-none-eabi/14.2.1/thumb/v7e-m+dp/hard/crtn.o
                0x20080000                        _estack = (ORIGIN (RAM) + LENGTH (RAM))
                0x00000200                        _Min_Heap_Size = 0x200
                0x00000400                        _Min_Stack_Size = 0x400

.isr_vector     0x08000000      0x1f8
                0x08000000                        . = ALIGN (0x4)
 *(.isr_vector)
 .isr_vector    0x08000000      0x1f8 build/startup_stm32f769nihx.o
                0x08000000                g_pfnVectors
                0x080001f8                        . = ALIGN (0x4)

.text           0x08000200     0x9660
                0x08000200                        . = ALIGN (0x4)
 *(.text)
 .text          0x08000200       0x10 /Applications/ArmGNUToolchain/14.2.rel1/arm-none-eabi/bin/../lib/gcc/arm-none-eabi/14.2.1/../../../../arm-none-eabi/lib/thumb/v7e-m+dp/hard/libc_nano.a(libc_a-strlen.o)
                0x08000200                strlen
 .text          0x08000210       0xa0 /Applications/ArmGNUToolchain/14.2.rel1/arm-none-eabi/bin/../lib/gcc/arm-none-eabi/14.2.1/../../../../arm-none-eabi/lib/thumb/v7e-m+dp/hard/libc_nano.a(libc_a-memchr.o)
                0x08000210                memchr
 .text          0x080002b0       0x30 /Applications/ArmGNUToolchain/14.2.rel1/arm-none-eabi/bin/../lib/gcc/arm-none-eabi/14.2.1/thumb/v7e-m+dp/hard/libgcc.a(_aeabi_uldivmod.o)
                0x080002b0                __aeabi_uldivmod
 .text          0x080002e0        0x4 /Applications/ArmGNUToolchain/14.2.rel1/arm-none-eabi/bin/../lib/gcc/arm-none-eabi/14.2.1/thumb/v7e-m+dp/hard/libgcc.a(_dvmd_tls.o)
                0x080002e0                __aeabi_ldiv0
                0x080002e0                __aeabi_idiv0
 *(.text*)
 .text.deregister_tm_clones
                0x080002e4       0x1c /Applications/ArmGNUToolchain/14.2.rel1/arm-none-eabi/bin/../lib/gcc/arm-none-eabi/14.2.1/thumb/v7e-m+dp/hard/crtbegin.o
 .text.register_tm_clones
                0x08000300       0x24 /Applications/ArmGNUToolchain/14.2.rel1/arm-none-eabi/bin/../lib/gcc/arm-none-eabi/14.2.1/thumb/v7e-m+dp/hard/crtbegin.o
 .text.__do_global_dtors_aux
                0x08000324       0x28 /Applications/ArmGNUToolchain/14.2.rel1/arm-none-eabi/bin/../lib/gcc/arm-none-eabi/14.2.1/thumb/v7e-m+dp/hard/crtbegin.o
 .text.frame_dummy
                0x0800034c       0x24 /Applications/ArmGNUToolchain/14.2.rel1/arm-none-eabi/bin/../lib/gcc/arm-none-eabi/14.2.1/thumb/v7e-m+dp/hard/crtbegin.o
 .text.HAL_InitTick
                0x08000370       0xa0 build/stm32f7xx_hal_timebase_tim.o
                0x08000370                HAL_InitTick
 .text.HAL_FMC_MspInit
                0x08000410       0xf4 build/fmc.o
 .text.MX_FMC_Init
                0x08000504       0x5c build/fmc.o
                0x08000504                MX_FMC_Init
 .text.HAL_SDRAM_MspInit
                0x08000560        0x8 build/fmc.o
                0x08000560                HAL_SDRAM_MspInit
 .text.MX_GPIO_Init
                0x08000568      0x52c build/gpio.o
                0x08000568                MX_GPIO_Init
 .text.MX_DSIHOST_DSI_Init
                0x08000a94      0x15c build/dsihost.o
                0x08000a94                MX_DSIHOST_DSI_Init
 .text.HAL_DSI_MspInit
                0x08000bf0       0x64 build/dsihost.o
                0x08000bf0                HAL_DSI_MspInit
 .text.MX_LTDC_Init
                0x08000c54       0xb8 build/ltdc.o
                0x08000c54                MX_LTDC_Init
 .text.HAL_LTDC_MspInit
                0x08000d0c       0x70 build/ltdc.o
                0x08000d0c                HAL_LTDC_MspInit
 .text.MX_I2C1_Init
                0x08000d7c       0x5c build/i2c.o
                0x08000d7c                MX_I2C1_Init
 .text.HAL_I2C_MspInit
                0x08000dd8       0x8c build/i2c.o
                0x08000dd8                HAL_I2C_MspInit
 .text.NMI_Handler
                0x08000e64        0x2 build/stm32f7xx_it.o
                0x08000e64                NMI_Handler
 .text.HardFault_Handler
                0x08000e66        0x2 build/stm32f7xx_it.o
                0x08000e66                HardFault_Handler
 .text.MemManage_Handler
                0x08000e68        0x2 build/stm32f7xx_it.o
                0x08000e68                MemManage_Handler
 .text.BusFault_Handler
                0x08000e6a        0x2 build/stm32f7xx_it.o
                0x08000e6a                BusFault_Handler
 .text.UsageFault_Handler
                0x08000e6c        0x2 build/stm32f7xx_it.o
                0x08000e6c                UsageFault_Handler
 .text.DebugMon_Handler
                0x08000e6e        0x2 build/stm32f7xx_it.o
                0x08000e6e                DebugMon_Handler
 .text.TIM6_DAC_IRQHandler
                0x08000e70       0x10 build/stm32f7xx_it.o
                0x08000e70                TIM6_DAC_IRQHandler
 .text.OTG_HS_IRQHandler
                0x08000e80       0x10 build/stm32f7xx_it.o
                0x08000e80                OTG_HS_IRQHandler
 .text.LTDC_IRQHandler
                0x08000e90       0x10 build/stm32f7xx_it.o
                0x08000e90                LTDC_IRQHandler
 .text.UART5_IRQHandler
                0x08000ea0       0x48 build/stm32f7xx_it.o
                0x08000ea0                UART5_IRQHandler
 .text.StartDefaultTask
                0x08000ee8      0x1dc build/freertos.o
                0x08000ee8                StartDefaultTask
 .text.vApplicationIdleHook
                0x080010c4        0x2 build/freertos.o
                0x080010c4                vApplicationIdleHook
 .text.vApplicationStackOverflowHook
                0x080010c6        0x2 build/freertos.o
                0x080010c6                vApplicationStackOverflowHook
 .text.vApplicationMallocFailedHook
                0x080010c8        0x2 build/freertos.o
                0x080010c8                vApplicationMallocFailedHook
 *fill*         0x080010ca        0x2 
 .text.MX_FREERTOS_Init
                0x080010cc       0x20 build/freertos.o
                0x080010cc                MX_FREERTOS_Init
 .text.UART_Read
                0x080010ec       0x48 build/main.o
                0x080010ec                UART_Read
 .text.HAL_TIM_PeriodElapsedCallback
                0x08001134       0x18 build/main.o
                0x08001134                HAL_TIM_PeriodElapsedCallback
 .text.Error_Handler
                0x0800114c        0x4 build/main.o
                0x0800114c                Error_Handler
 .text.SystemClock_Config
                0x08001150       0xe8 build/main.o
                0x08001150                SystemClock_Config
 .text.MX_UART5_Init
                0x08001238       0x38 build/main.o
                0x08001238                MX_UART5_Init
 .text.main     0x08001270       0x48 build/main.o
                0x08001270                main
 .text.SystemInit
                0x080012b8       0x14 build/system_stm32f7xx.o
                0x080012b8                SystemInit
 .text._sbrk    0x080012cc       0x48 build/sysmem.o
                0x080012cc                _sbrk
 .text.HAL_MspInit
                0x08001314       0x40 build/stm32f7xx_hal_msp.o
                0x08001314                HAL_MspInit
 .text.HAL_UART_MspInit
                0x08001354       0xa8 build/stm32f7xx_hal_msp.o
                0x08001354                HAL_UART_MspInit
 .text.MX_DMA2D_Init
                0x080013fc       0x44 build/dma2d.o
                0x080013fc                MX_DMA2D_Init
 .text.HAL_DMA2D_MspInit
                0x08001440       0x2c build/dma2d.o
                0x08001440                HAL_DMA2D_MspInit
 .text.MX_CRC_Init
                0x0800146c       0x2c build/crc.o
                0x0800146c                MX_CRC_Init
 .text.HAL_CRC_MspInit
                0x08001498       0x2c build/crc.o
                0x08001498                HAL_CRC_MspInit
 .text.HAL_RCC_OscConfig
                0x080014c4      0x444 build/stm32f7xx_hal_rcc.o
                0x080014c4                HAL_RCC_OscConfig
 .text.HAL_RCC_MCOConfig
                0x08001908       0x98 build/stm32f7xx_hal_rcc.o
                0x08001908                HAL_RCC_MCOConfig
 .text.HAL_RCC_GetSysClockFreq
                0x080019a0       0xa8 build/stm32f7xx_hal_rcc.o
                0x080019a0                HAL_RCC_GetSysClockFreq
 .text.HAL_RCC_ClockConfig
                0x08001a48      0x16c build/stm32f7xx_hal_rcc.o
                0x08001a48                HAL_RCC_ClockConfig
 .text.HAL_RCC_GetHCLKFreq
                0x08001bb4        0xc build/stm32f7xx_hal_rcc.o
                0x08001bb4                HAL_RCC_GetHCLKFreq
 .text.HAL_RCC_GetPCLK1Freq
                0x08001bc0       0x20 build/stm32f7xx_hal_rcc.o
                0x08001bc0                HAL_RCC_GetPCLK1Freq
 .text.HAL_RCC_GetPCLK2Freq
                0x08001be0       0x20 build/stm32f7xx_hal_rcc.o
                0x08001be0                HAL_RCC_GetPCLK2Freq
 .text.HAL_RCC_GetClockConfig
                0x08001c00       0x3c build/stm32f7xx_hal_rcc.o
                0x08001c00                HAL_RCC_GetClockConfig
 .text.HAL_GPIO_Init
                0x08001c3c      0x204 build/stm32f7xx_hal_gpio.o
                0x08001c3c                HAL_GPIO_Init
 .text.HAL_GPIO_WritePin
                0x08001e40        0xc build/stm32f7xx_hal_gpio.o
                0x08001e40                HAL_GPIO_WritePin
 .text.HAL_GPIO_TogglePin
                0x08001e4c       0x12 build/stm32f7xx_hal_gpio.o
                0x08001e4c                HAL_GPIO_TogglePin
 *fill*         0x08001e5e        0x2 
 .text.HAL_I2C_Init
                0x08001e60       0xc8 build/stm32f7xx_hal_i2c.o
                0x08001e60                HAL_I2C_Init
 .text.PCD_WriteEmptyTxFifo
                0x08001f28       0xd0 build/stm32f7xx_hal_pcd.o
 .text.HAL_PCD_Init
                0x08001ff8      0x112 build/stm32f7xx_hal_pcd.o
                0x08001ff8                HAL_PCD_Init
 .text.HAL_PCD_Start
                0x0800210a       0x2a build/stm32f7xx_hal_pcd.o
                0x0800210a                HAL_PCD_Start
 .text.PCD_EP_OutXfrComplete_int
                0x08002134      0x104 build/stm32f7xx_hal_pcd.o
 .text.PCD_EP_OutSetupPacket_int
                0x08002238       0x50 build/stm32f7xx_hal_pcd.o
 .text.HAL_PCD_SetAddress
                0x08002288       0x26 build/stm32f7xx_hal_pcd.o
                0x08002288                HAL_PCD_SetAddress
 .text.HAL_PCD_EP_Open
                0x080022ae       0x8c build/stm32f7xx_hal_pcd.o
                0x080022ae                HAL_PCD_EP_Open
 .text.HAL_PCD_EP_Close
                0x0800233a       0x70 build/stm32f7xx_hal_pcd.o
                0x0800233a                HAL_PCD_EP_Close
 .text.HAL_PCD_EP_Receive
                0x080023aa       0x4a build/stm32f7xx_hal_pcd.o
                0x080023aa                HAL_PCD_EP_Receive
 .text.HAL_PCD_EP_GetRxCount
                0x080023f4       0x12 build/stm32f7xx_hal_pcd.o
                0x080023f4                HAL_PCD_EP_GetRxCount
 .text.HAL_PCD_EP_Transmit
                0x08002406       0x4a build/stm32f7xx_hal_pcd.o
                0x08002406                HAL_PCD_EP_Transmit
 .text.HAL_PCD_EP_SetStall
                0x08002450       0x86 build/stm32f7xx_hal_pcd.o
                0x08002450                HAL_PCD_EP_SetStall
 .text.HAL_PCD_EP_ClrStall
                0x080024d6       0x74 build/stm32f7xx_hal_pcd.o
                0x080024d6                HAL_PCD_EP_ClrStall
 .text.HAL_PCD_EP_Abort
                0x0800254a       0x34 build/stm32f7xx_hal_pcd.o
                0x0800254a                HAL_PCD_EP_Abort
 .text.HAL_PCD_IRQHandler
                0x0800257e      0x600 build/stm32f7xx_hal_pcd.o
                0x0800257e                HAL_PCD_IRQHandler
 *fill*         0x08002b7e        0x2 
 .text.LTDC_SetConfig
                0x08002b80      0x18c build/stm32f7xx_hal_ltdc.o
 .text.HAL_LTDC_Init
                0x08002d0c       0xbc build/stm32f7xx_hal_ltdc.o
                0x08002d0c                HAL_LTDC_Init
 .text.HAL_LTDC_ErrorCallback
                0x08002dc8        0x2 build/stm32f7xx_hal_ltdc.o
                0x08002dc8                HAL_LTDC_ErrorCallback
 .text.HAL_LTDC_LineEventCallback
                0x08002dca        0x2 build/stm32f7xx_hal_ltdc.o
                0x08002dca                HAL_LTDC_LineEventCallback
 .text.HAL_LTDC_ReloadEventCallback
                0x08002dcc        0x2 build/stm32f7xx_hal_ltdc.o
                0x08002dcc                HAL_LTDC_ReloadEventCallback
 .text.HAL_LTDC_IRQHandler
                0x08002dce       0xda build/stm32f7xx_hal_ltdc.o
                0x08002dce                HAL_LTDC_IRQHandler
 .text.HAL_LTDC_ConfigLayer
                0x08002ea8       0x68 build/stm32f7xx_hal_ltdc.o
                0x08002ea8                HAL_LTDC_ConfigLayer
 .text.HAL_TIM_Base_MspInit
                0x08002f10        0x2 build/stm32f7xx_hal_tim.o
                0x08002f10                HAL_TIM_Base_MspInit
 *fill*         0x08002f12        0x2 
 .text.HAL_TIM_Base_Start_IT
                0x08002f14       0x90 build/stm32f7xx_hal_tim.o
                0x08002f14                HAL_TIM_Base_Start_IT
 .text.HAL_TIM_OC_DelayElapsedCallback
                0x08002fa4        0x2 build/stm32f7xx_hal_tim.o
                0x08002fa4                HAL_TIM_OC_DelayElapsedCallback
 .text.HAL_TIM_IC_CaptureCallback
                0x08002fa6        0x2 build/stm32f7xx_hal_tim.o
                0x08002fa6                HAL_TIM_IC_CaptureCallback
 .text.HAL_TIM_PWM_PulseFinishedCallback
                0x08002fa8        0x2 build/stm32f7xx_hal_tim.o
                0x08002fa8                HAL_TIM_PWM_PulseFinishedCallback
 .text.HAL_TIM_TriggerCallback
                0x08002faa        0x2 build/stm32f7xx_hal_tim.o
                0x08002faa                HAL_TIM_TriggerCallback
 .text.HAL_TIM_IRQHandler
                0x08002fac      0x17a build/stm32f7xx_hal_tim.o
                0x08002fac                HAL_TIM_IRQHandler
 *fill*         0x08003126        0x2 
 .text.TIM_Base_SetConfig
                0x08003128      0x114 build/stm32f7xx_hal_tim.o
                0x08003128                TIM_Base_SetConfig
 .text.HAL_TIM_Base_Init
                0x0800323c       0x60 build/stm32f7xx_hal_tim.o
                0x0800323c                HAL_TIM_Base_Init
 .text.HAL_CRC_Init
                0x0800329c       0x80 build/stm32f7xx_hal_crc.o
                0x0800329c                HAL_CRC_Init
 .text.HAL_I2CEx_ConfigAnalogFilter
                0x0800331c       0x5a build/stm32f7xx_hal_i2c_ex.o
                0x0800331c                HAL_I2CEx_ConfigAnalogFilter
 .text.HAL_I2CEx_ConfigDigitalFilter
                0x08003376       0x56 build/stm32f7xx_hal_i2c_ex.o
                0x08003376                HAL_I2CEx_ConfigDigitalFilter
 .text.HAL_PCDEx_SetTxFiFo
                0x080033cc       0x4c build/stm32f7xx_hal_pcd_ex.o
                0x080033cc                HAL_PCDEx_SetTxFiFo
 .text.HAL_PCDEx_SetRxFiFo
                0x08003418        0x8 build/stm32f7xx_hal_pcd_ex.o
                0x08003418                HAL_PCDEx_SetRxFiFo
 .text.HAL_PCDEx_ActivateLPM
                0x08003420       0x28 build/stm32f7xx_hal_pcd_ex.o
                0x08003420                HAL_PCDEx_ActivateLPM
 .text.HAL_TIMEx_CommutCallback
                0x08003448        0x2 build/stm32f7xx_hal_tim_ex.o
                0x08003448                HAL_TIMEx_CommutCallback
 .text.HAL_TIMEx_BreakCallback
                0x0800344a        0x2 build/stm32f7xx_hal_tim_ex.o
                0x0800344a                HAL_TIMEx_BreakCallback
 .text.HAL_TIMEx_Break2Callback
                0x0800344c        0x2 build/stm32f7xx_hal_tim_ex.o
                0x0800344c                HAL_TIMEx_Break2Callback
 .text.HAL_DSI_ConfigErrorMonitor
                0x0800344e      0x1b0 build/stm32f7xx_hal_dsi.o
                0x0800344e                HAL_DSI_ConfigErrorMonitor
 *fill*         0x080035fe        0x2 
 .text.HAL_DSI_Init
                0x08003600      0x220 build/stm32f7xx_hal_dsi.o
                0x08003600                HAL_DSI_Init
 .text.HAL_DSI_SetGenericVCID
                0x08003820       0x28 build/stm32f7xx_hal_dsi.o
                0x08003820                HAL_DSI_SetGenericVCID
 .text.HAL_DSI_ConfigVideoMode
                0x08003848      0x260 build/stm32f7xx_hal_dsi.o
                0x08003848                HAL_DSI_ConfigVideoMode
 .text.HAL_DSI_ConfigFlowControl
                0x08003aa8       0x28 build/stm32f7xx_hal_dsi.o
                0x08003aa8                HAL_DSI_ConfigFlowControl
 .text.HAL_DSI_ConfigPhyTimer
                0x08003ad0       0x88 build/stm32f7xx_hal_dsi.o
                0x08003ad0                HAL_DSI_ConfigPhyTimer
 .text.HAL_DSI_ConfigHostTimeouts
                0x08003b58       0xf4 build/stm32f7xx_hal_dsi.o
                0x08003b58                HAL_DSI_ConfigHostTimeouts
 .text.HAL_DSI_SetLowPowerRXFilter
                0x08003c4c       0x32 build/stm32f7xx_hal_dsi.o
                0x08003c4c                HAL_DSI_SetLowPowerRXFilter
 .text.HAL_Init
                0x08003c7e       0x16 build/stm32f7xx_hal.o
                0x08003c7e                HAL_Init
 .text.HAL_IncTick
                0x08003c94       0x18 build/stm32f7xx_hal.o
                0x08003c94                HAL_IncTick
 .text.HAL_GetTick
                0x08003cac        0xc build/stm32f7xx_hal.o
                0x08003cac                HAL_GetTick
 .text.HAL_Delay
                0x08003cb8       0x28 build/stm32f7xx_hal.o
                0x08003cb8                HAL_Delay
 .text.USB_CoreReset
                0x08003ce0       0x58 build/stm32f7xx_ll_usb.o
 .text.USB_CoreInit
                0x08003d38       0x84 build/stm32f7xx_ll_usb.o
                0x08003d38                USB_CoreInit
 .text.USB_SetTurnaroundTime
                0x08003dbc       0xe4 build/stm32f7xx_ll_usb.o
                0x08003dbc                USB_SetTurnaroundTime
 .text.USB_EnableGlobalInt
                0x08003ea0        0xc build/stm32f7xx_ll_usb.o
                0x08003ea0                USB_EnableGlobalInt
 .text.USB_DisableGlobalInt
                0x08003eac        0xc build/stm32f7xx_ll_usb.o
                0x08003eac                USB_DisableGlobalInt
 .text.USB_FlushTxFifo
                0x08003eb8       0x4a build/stm32f7xx_ll_usb.o
                0x08003eb8                USB_FlushTxFifo
 .text.USB_FlushRxFifo
                0x08003f02       0x46 build/stm32f7xx_ll_usb.o
                0x08003f02                USB_FlushRxFifo
 .text.USB_SetDevSpeed
                0x08003f48        0xe build/stm32f7xx_ll_usb.o
                0x08003f48                USB_SetDevSpeed
 *fill*         0x08003f56        0x2 
 .text.USB_DevInit
                0x08003f58      0x190 build/stm32f7xx_ll_usb.o
                0x08003f58                USB_DevInit
 .text.USB_GetDevSpeed
                0x080040e8       0x22 build/stm32f7xx_ll_usb.o
                0x080040e8                USB_GetDevSpeed
 *fill*         0x0800410a        0x2 
 .text.USB_ActivateEndpoint
                0x0800410c       0x98 build/stm32f7xx_ll_usb.o
                0x0800410c                USB_ActivateEndpoint
 .text.USB_DeactivateEndpoint
                0x080041a4       0xe0 build/stm32f7xx_ll_usb.o
                0x080041a4                USB_DeactivateEndpoint
 .text.USB_EPStopXfer
                0x08004284       0xbe build/stm32f7xx_ll_usb.o
                0x08004284                USB_EPStopXfer
 .text.USB_WritePacket
                0x08004342       0x2e build/stm32f7xx_ll_usb.o
                0x08004342                USB_WritePacket
 .text.USB_EPStartXfer
                0x08004370      0x244 build/stm32f7xx_ll_usb.o
                0x08004370                USB_EPStartXfer
 .text.USB_ReadPacket
                0x080045b4       0x46 build/stm32f7xx_ll_usb.o
                0x080045b4                USB_ReadPacket
 .text.USB_EPSetStall
                0x080045fa       0x5a build/stm32f7xx_ll_usb.o
                0x080045fa                USB_EPSetStall
 .text.USB_EPClearStall
                0x08004654       0x5c build/stm32f7xx_ll_usb.o
                0x08004654                USB_EPClearStall
 .text.USB_SetDevAddress
                0x080046b0       0x20 build/stm32f7xx_ll_usb.o
                0x080046b0                USB_SetDevAddress
 .text.USB_DevConnect
                0x080046d0       0x1c build/stm32f7xx_ll_usb.o
                0x080046d0                USB_DevConnect
 .text.USB_DevDisconnect
                0x080046ec       0x1c build/stm32f7xx_ll_usb.o
                0x080046ec                USB_DevDisconnect
 .text.USB_ReadInterrupts
                0x08004708        0x8 build/stm32f7xx_ll_usb.o
                0x08004708                USB_ReadInterrupts
 .text.USB_ReadDevAllOutEpInterrupt
                0x08004710       0x10 build/stm32f7xx_ll_usb.o
                0x08004710                USB_ReadDevAllOutEpInterrupt
 .text.USB_ReadDevAllInEpInterrupt
                0x08004720       0x10 build/stm32f7xx_ll_usb.o
                0x08004720                USB_ReadDevAllInEpInterrupt
 .text.USB_ReadDevOutEPInterrupt
                0x08004730       0x12 build/stm32f7xx_ll_usb.o
                0x08004730                USB_ReadDevOutEPInterrupt
 .text.USB_ReadDevInEPInterrupt
                0x08004742       0x24 build/stm32f7xx_ll_usb.o
                0x08004742                USB_ReadDevInEPInterrupt
 .text.USB_GetMode
                0x08004766        0x8 build/stm32f7xx_ll_usb.o
                0x08004766                USB_GetMode
 .text.USB_SetCurrentMode
                0x0800476e       0x62 build/stm32f7xx_ll_usb.o
                0x0800476e                USB_SetCurrentMode
 .text.USB_ActivateSetup
                0x080047d0       0x1c build/stm32f7xx_ll_usb.o
                0x080047d0                USB_ActivateSetup
 .text.USB_EP0_OutStart
                0x080047ec       0x60 build/stm32f7xx_ll_usb.o
                0x080047ec                USB_EP0_OutStart
 .text.FMC_SDRAM_Init
                0x0800484c       0x70 build/stm32f7xx_ll_fmc.o
                0x0800484c                FMC_SDRAM_Init
 .text.FMC_SDRAM_Timing_Init
                0x080048bc       0xa8 build/stm32f7xx_ll_fmc.o
                0x080048bc                FMC_SDRAM_Timing_Init
 .text.HAL_RCCEx_PeriphCLKConfig
                0x08004964      0x600 build/stm32f7xx_hal_rcc_ex.o
                0x08004964                HAL_RCCEx_PeriphCLKConfig
 .text.HAL_SDRAM_Init
                0x08004f64       0x40 build/stm32f7xx_hal_sdram.o
                0x08004f64                HAL_SDRAM_Init
 .text.__NVIC_SetPriority
                0x08004fa4       0x24 build/stm32f7xx_hal_cortex.o
 .text.NVIC_EncodePriority
                0x08004fc8       0x3e build/stm32f7xx_hal_cortex.o
 *fill*         0x08005006        0x2 
 .text.HAL_NVIC_SetPriorityGrouping
                0x08005008       0x24 build/stm32f7xx_hal_cortex.o
                0x08005008                HAL_NVIC_SetPriorityGrouping
 .text.HAL_NVIC_SetPriority
                0x0800502c       0x20 build/stm32f7xx_hal_cortex.o
                0x0800502c                HAL_NVIC_SetPriority
 .text.HAL_NVIC_EnableIRQ
                0x0800504c       0x1c build/stm32f7xx_hal_cortex.o
                0x0800504c                HAL_NVIC_EnableIRQ
 .text.HAL_PWREx_EnableOverDrive
                0x08005068       0x7c build/stm32f7xx_hal_pwr_ex.o
                0x08005068                HAL_PWREx_EnableOverDrive
 .text.HAL_CRCEx_Polynomial_Set
                0x080050e4       0x78 build/stm32f7xx_hal_crc_ex.o
                0x080050e4                HAL_CRCEx_Polynomial_Set
 .text.HAL_DMA2D_Init
                0x0800515c       0x6e build/stm32f7xx_hal_dma2d.o
                0x0800515c                HAL_DMA2D_Init
 *fill*         0x080051ca        0x2 
 .text.HAL_DMA2D_ConfigLayer
                0x080051cc       0xe0 build/stm32f7xx_hal_dma2d.o
                0x080051cc                HAL_DMA2D_ConfigLayer
 .text.HAL_PWR_EnableBkUpAccess
                0x080052ac       0x10 build/stm32f7xx_hal_pwr.o
                0x080052ac                HAL_PWR_EnableBkUpAccess
 .text.UART_SetConfig
                0x080052bc       0xc0 build/stm32f7xx_hal_uart.o
 .text.UART_WaitOnFlagUntilTimeout
                0x0800537c       0x44 build/stm32f7xx_hal_uart.o
 .text.HAL_UART_Init
                0x080053c0       0x5e build/stm32f7xx_hal_uart.o
                0x080053c0                HAL_UART_Init
 .text.HAL_UART_Transmit
                0x0800541e       0xb6 build/stm32f7xx_hal_uart.o
                0x0800541e                HAL_UART_Transmit
 .text.ESP8266_SendCommand
                0x080054d4       0x34 build/esp8266.o
                0x080054d4                ESP8266_SendCommand
 .text.ESP8266_Init
                0x08005508       0x24 build/esp8266.o
                0x08005508                ESP8266_Init
 .text.ESP8266_WaitFor
                0x0800552c       0x64 build/esp8266.o
                0x0800552c                ESP8266_WaitFor
 .text.USBD_GetLen
                0x08005590       0x14 build/usbd_ctlreq.o
 .text.USBD_ParseSetupRequest
                0x080055a4       0x28 build/usbd_ctlreq.o
                0x080055a4                USBD_ParseSetupRequest
 .text.USBD_CtlError
                0x080055cc       0x14 build/usbd_ctlreq.o
                0x080055cc                USBD_CtlError
 .text.USBD_GetDescriptor
                0x080055e0      0x1ac build/usbd_ctlreq.o
 .text.USBD_SetAddress
                0x0800578c       0x4e build/usbd_ctlreq.o
 *fill*         0x080057da        0x2 
 .text.USBD_SetConfig
                0x080057dc       0xcc build/usbd_ctlreq.o
 .text.USBD_GetConfig
                0x080058a8       0x40 build/usbd_ctlreq.o
 .text.USBD_GetStatus
                0x080058e8       0x38 build/usbd_ctlreq.o
 .text.USBD_SetFeature
                0x08005920       0x2a build/usbd_ctlreq.o
 .text.USBD_ClrFeature
                0x0800594a       0x26 build/usbd_ctlreq.o
 .text.USBD_StdDevReq
                0x08005970       0x76 build/usbd_ctlreq.o
                0x08005970                USBD_StdDevReq
 .text.USBD_StdItfReq
                0x080059e6       0x84 build/usbd_ctlreq.o
                0x080059e6                USBD_StdItfReq
 .text.USBD_StdEPReq
                0x08005a6a      0x23c build/usbd_ctlreq.o
                0x08005a6a                USBD_StdEPReq
 .text.USBD_GetString
                0x08005ca6       0x46 build/usbd_ctlreq.o
                0x08005ca6                USBD_GetString
 .text.USBD_Init
                0x08005cec       0x2e build/usbd_core.o
                0x08005cec                USBD_Init
 .text.USBD_RegisterClass
                0x08005d1a       0x40 build/usbd_core.o
                0x08005d1a                USBD_RegisterClass
 .text.USBD_Start
                0x08005d5a        0x8 build/usbd_core.o
                0x08005d5a                USBD_Start
 .text.USBD_SetClassConfig
                0x08005d62       0x12 build/usbd_core.o
                0x08005d62                USBD_SetClassConfig
 .text.USBD_ClrClassConfig
                0x08005d74       0x12 build/usbd_core.o
                0x08005d74                USBD_ClrClassConfig
 .text.USBD_LL_SetupStage
                0x08005d86       0x58 build/usbd_core.o
                0x08005d86                USBD_LL_SetupStage
 .text.USBD_LL_Reset
                0x08005dde       0x66 build/usbd_core.o
                0x08005dde                USBD_LL_Reset
 .text.USBD_LL_SetSpeed
                0x08005e44        0x6 build/usbd_core.o
                0x08005e44                USBD_LL_SetSpeed
 .text.USBD_LL_Suspend
                0x08005e4a       0x1c build/usbd_core.o
                0x08005e4a                USBD_LL_Suspend
 .text.USBD_LL_Resume
                0x08005e66       0x18 build/usbd_core.o
                0x08005e66                USBD_LL_Resume
 .text.USBD_LL_SOF
                0x08005e7e       0x20 build/usbd_core.o
                0x08005e7e                USBD_LL_SOF
 .text.USBD_LL_IsoINIncomplete
                0x08005e9e       0x2c build/usbd_core.o
                0x08005e9e                USBD_LL_IsoINIncomplete
 .text.USBD_LL_IsoOUTIncomplete
                0x08005eca       0x2c build/usbd_core.o
                0x08005eca                USBD_LL_IsoOUTIncomplete
 .text.USBD_LL_DevConnected
                0x08005ef6        0x4 build/usbd_core.o
                0x08005ef6                USBD_LL_DevConnected
 .text.USBD_LL_DevDisconnected
                0x08005efa       0x20 build/usbd_core.o
                0x08005efa                USBD_LL_DevDisconnected
 .text.USBD_CoreFindIF
                0x08005f1a        0x4 build/usbd_core.o
                0x08005f1a                USBD_CoreFindIF
 .text.USBD_CoreFindEP
                0x08005f1e        0x4 build/usbd_core.o
                0x08005f1e                USBD_CoreFindEP
 .text.USBD_LL_DataOutStage
                0x08005f22       0xc6 build/usbd_core.o
                0x08005f22                USBD_LL_DataOutStage
 .text.USBD_LL_DataInStage
                0x08005fe8       0xd4 build/usbd_core.o
                0x08005fe8                USBD_LL_DataInStage
 .text.USBD_GetNextDesc
                0x080060bc        0xe build/usbd_core.o
                0x080060bc                USBD_GetNextDesc
 .text.USBD_GetEpDesc
                0x080060ca       0x3e build/usbd_core.o
                0x080060ca                USBD_GetEpDesc
 .text.USBD_CtlSendData
                0x08006108       0x1c build/usbd_ioreq.o
                0x08006108                USBD_CtlSendData
 .text.USBD_CtlContinueSendData
                0x08006124       0x10 build/usbd_ioreq.o
                0x08006124                USBD_CtlContinueSendData
 .text.USBD_CtlPrepareRx
                0x08006134       0x22 build/usbd_ioreq.o
                0x08006134                USBD_CtlPrepareRx
 .text.USBD_CtlContinueRx
                0x08006156       0x10 build/usbd_ioreq.o
                0x08006156                USBD_CtlContinueRx
 .text.USBD_CtlSendStatus
                0x08006166       0x16 build/usbd_ioreq.o
                0x08006166                USBD_CtlSendStatus
 .text.USBD_CtlReceiveStatus
                0x0800617c       0x16 build/usbd_ioreq.o
                0x0800617c                USBD_CtlReceiveStatus
 .text.USBD_CDC_EP0_RxReady
                0x08006192       0x40 build/usbd_cdc.o
 *fill*         0x080061d2        0x2 
 .text.USBD_CDC_GetDeviceQualifierDescriptor
                0x080061d4        0xc build/usbd_cdc.o
                0x080061d4                USBD_CDC_GetDeviceQualifierDescriptor
 .text.USBD_CDC_GetOtherSpeedCfgDesc
                0x080061e0       0x48 build/usbd_cdc.o
 .text.USBD_CDC_GetFSCfgDesc
                0x08006228       0x48 build/usbd_cdc.o
 .text.USBD_CDC_GetHSCfgDesc
                0x08006270       0x48 build/usbd_cdc.o
 .text.USBD_CDC_DataOut
                0x080062b8       0x38 build/usbd_cdc.o
 .text.USBD_CDC_DataIn
                0x080062f0       0x7c build/usbd_cdc.o
 .text.USBD_CDC_Setup
                0x0800636c      0x114 build/usbd_cdc.o
 .text.USBD_CDC_DeInit
                0x08006480       0x64 build/usbd_cdc.o
 .text.USBD_CDC_Init
                0x080064e4       0xee build/usbd_cdc.o
 .text.USBD_CDC_RegisterInterface
                0x080065d2       0x16 build/usbd_cdc.o
                0x080065d2                USBD_CDC_RegisterInterface
 .text.USBD_CDC_SetTxBuffer
                0x080065e8       0x1c build/usbd_cdc.o
                0x080065e8                USBD_CDC_SetTxBuffer
 .text.USBD_CDC_SetRxBuffer
                0x08006604       0x18 build/usbd_cdc.o
                0x08006604                USBD_CDC_SetRxBuffer
 .text.USBD_CDC_TransmitPacket
                0x0800661c       0x36 build/usbd_cdc.o
                0x0800661c                USBD_CDC_TransmitPacket
 .text.USBD_CDC_ReceivePacket
                0x08006652       0x38 build/usbd_cdc.o
                0x08006652                USBD_CDC_ReceivePacket
 .text.vListInitialise
                0x0800668a       0x16 build/list.o
                0x0800668a                vListInitialise
 .text.vListInitialiseItem
                0x080066a0        0x6 build/list.o
                0x080066a0                vListInitialiseItem
 .text.vListInsertEnd
                0x080066a6       0x16 build/list.o
                0x080066a6                vListInsertEnd
 .text.vListInsert
                0x080066bc       0x32 build/list.o
                0x080066bc                vListInsert
 .text.uxListRemove
                0x080066ee       0x26 build/list.o
                0x080066ee                uxListRemove
 .text.prvTaskExitError
                0x08006714       0x48 build/port.o
 .text.prvPortStartFirstTask
                0x0800675c       0x28 build/port.o
 .text.vPortEnableVFP
                0x08006784       0x14 build/port.o
 .text.pxPortInitialiseStack
                0x08006798       0x2c build/port.o
                0x08006798                pxPortInitialiseStack
 *fill*         0x080067c4        0xc 
 .text.SVC_Handler
                0x080067d0       0x24 build/port.o
                0x080067d0                SVC_Handler
 .text.vPortEnterCritical
                0x080067f4       0x4c build/port.o
                0x080067f4                vPortEnterCritical
 .text.vPortExitCritical
                0x08006840       0x30 build/port.o
                0x08006840                vPortExitCritical
 .text.PendSV_Handler
                0x08006870       0x64 build/port.o
                0x08006870                PendSV_Handler
 .text.SysTick_Handler
                0x080068d4       0x30 build/port.o
                0x080068d4                SysTick_Handler
 .text.vPortSetupTimerInterrupt
                0x08006904       0x28 build/port.o
                0x08006904                vPortSetupTimerInterrupt
 .text.xPortStartScheduler
                0x0800692c       0xd4 build/port.o
                0x0800692c                xPortStartScheduler
 .text.vPortValidateInterruptPriority
                0x08006a00       0x64 build/port.o
                0x08006a00                vPortValidateInterruptPriority
 .text.prvHeapInit
                0x08006a64       0x68 build/heap_4.o
 .text.prvInsertBlockIntoFreeList
                0x08006acc       0x64 build/heap_4.o
 .text.pvPortMalloc
                0x08006b30      0x114 build/heap_4.o
                0x08006b30                pvPortMalloc
 .text.vPortFree
                0x08006c44       0x78 build/heap_4.o
                0x08006c44                vPortFree
 .text.prvIsQueueFull
                0x08006cbc       0x1e build/queue.o
 .text.prvIsQueueEmpty
                0x08006cda       0x1a build/queue.o
 .text.prvCopyDataToQueue
                0x08006cf4       0x76 build/queue.o
 .text.prvCopyDataFromQueue
                0x08006d6a       0x24 build/queue.o
 .text.prvUnlockQueue
                0x08006d8e       0x6e build/queue.o
 .text.xQueueGenericReset
                0x08006dfc       0x88 build/queue.o
                0x08006dfc                xQueueGenericReset
 .text.prvInitialiseNewQueue
                0x08006e84       0x22 build/queue.o
 .text.xQueueGenericCreateStatic
                0x08006ea6       0xba build/queue.o
                0x08006ea6                xQueueGenericCreateStatic
 .text.xQueueGenericSend
                0x08006f60      0x198 build/queue.o
                0x08006f60                xQueueGenericSend
 .text.xQueueGenericSendFromISR
                0x080070f8       0xdc build/queue.o
                0x080070f8                xQueueGenericSendFromISR
 .text.xQueueReceive
                0x080071d4      0x16a build/queue.o
                0x080071d4                xQueueReceive
 *fill*         0x0800733e        0x2 
 .text.vQueueAddToRegistry
                0x08007340       0x28 build/queue.o
                0x08007340                vQueueAddToRegistry
 .text.vQueueWaitForMessageRestricted
                0x08007368       0x52 build/queue.o
                0x08007368                vQueueWaitForMessageRestricted
 *fill*         0x080073ba        0x2 
 .text.prvGetNextExpireTime
                0x080073bc       0x20 build/timers.o
 .text.prvInsertTimerInActiveList
                0x080073dc       0x50 build/timers.o
 .text.prvCheckForValidListAndQueue
                0x0800742c       0x70 build/timers.o
 .text.xTimerCreateTimerTask
                0x0800749c       0x68 build/timers.o
                0x0800749c                xTimerCreateTimerTask
 .text.xTimerGenericCommand
                0x08007504       0x70 build/timers.o
                0x08007504                xTimerGenericCommand
 .text.prvSwitchTimerLists
                0x08007574       0x80 build/timers.o
 .text.prvSampleTimeNow
                0x080075f4       0x2c build/timers.o
 .text.prvProcessExpiredTimer
                0x08007620       0x70 build/timers.o
 .text.prvProcessTimerOrBlockTask
                0x08007690       0x78 build/timers.o
 .text.prvProcessReceivedCommands
                0x08007708      0x114 build/timers.o
 .text.prvTimerTask
                0x0800781c       0x16 build/timers.o
 *fill*         0x08007832        0x2 
 .text.osKernelInitialize
                0x08007834       0x3c build/cmsis_os2.o
                0x08007834                osKernelInitialize
 .text.osKernelStart
                0x08007870       0x48 build/cmsis_os2.o
                0x08007870                osKernelStart
 .text.osThreadNew
                0x080078b8       0xcc build/cmsis_os2.o
                0x080078b8                osThreadNew
 .text.osDelay  0x08007984       0x3c build/cmsis_os2.o
                0x08007984                osDelay
 .text.vApplicationGetIdleTaskMemory
                0x080079c0       0x18 build/cmsis_os2.o
                0x080079c0                vApplicationGetIdleTaskMemory
 .text.vApplicationGetTimerTaskMemory
                0x080079d8       0x18 build/cmsis_os2.o
                0x080079d8                vApplicationGetTimerTaskMemory
 .text.prvResetNextTaskUnblockTime
                0x080079f0       0x2c build/tasks.o
 .text.prvInitialiseNewTask
                0x08007a1c       0xa4 build/tasks.o
 .text.prvInitialiseTaskLists
                0x08007ac0       0x68 build/tasks.o
 .text.prvAddNewTaskToReadyList
                0x08007b28       0xac build/tasks.o
 .text.prvDeleteTCB
                0x08007bd4       0x3c build/tasks.o
 .text.prvCheckTasksWaitingTermination
                0x08007c10       0x4c build/tasks.o
 .text.prvAddCurrentTaskToDelayedList
                0x08007c5c       0x84 build/tasks.o
 .text.prvIdleTask
                0x08007ce0       0x30 build/tasks.o
 .text.xTaskCreateStatic
                0x08007d10       0x82 build/tasks.o
                0x08007d10                xTaskCreateStatic
 .text.xTaskCreate
                0x08007d92       0x64 build/tasks.o
                0x08007d92                xTaskCreate
 *fill*         0x08007df6        0x2 
 .text.vTaskStartScheduler
                0x08007df8       0xa0 build/tasks.o
                0x08007df8                vTaskStartScheduler
 .text.vTaskSuspendAll
                0x08007e98       0x10 build/tasks.o
                0x08007e98                vTaskSuspendAll
 .text.xTaskGetTickCount
                0x08007ea8        0xc build/tasks.o
                0x08007ea8                xTaskGetTickCount
 .text.xTaskIncrementTick
                0x08007eb4      0x11c build/tasks.o
                0x08007eb4                xTaskIncrementTick
 .text.xTaskResumeAll
                0x08007fd0       0xfc build/tasks.o
                0x08007fd0                xTaskResumeAll
 .text.vTaskDelay
                0x080080cc       0x50 build/tasks.o
                0x080080cc                vTaskDelay
 .text.vTaskSwitchContext
                0x0800811c       0xd0 build/tasks.o
                0x0800811c                vTaskSwitchContext
 .text.vTaskPlaceOnEventList
                0x080081ec       0x34 build/tasks.o
                0x080081ec                vTaskPlaceOnEventList
 .text.vTaskPlaceOnEventListRestricted
                0x08008220       0x3c build/tasks.o
                0x08008220                vTaskPlaceOnEventListRestricted
 .text.xTaskRemoveFromEventList
                0x0800825c       0x90 build/tasks.o
                0x0800825c                xTaskRemoveFromEventList
 .text.vTaskInternalSetTimeOutState
                0x080082ec       0x18 build/tasks.o
                0x080082ec                vTaskInternalSetTimeOutState
 .text.xTaskCheckForTimeOut
                0x08008304       0x90 build/tasks.o
                0x08008304                xTaskCheckForTimeOut
 .text.vTaskMissedYield
                0x08008394        0xc build/tasks.o
                0x08008394                vTaskMissedYield
 .text.xTaskGetSchedulerState
                0x080083a0       0x20 build/tasks.o
                0x080083a0                xTaskGetSchedulerState
 .text.xTaskPriorityDisinherit
                0x080083c0       0x98 build/tasks.o
                0x080083c0                xTaskPriorityDisinherit
 .text.CDC_DeInit_HS
                0x08008458        0x4 build/usbd_cdc_if.o
 .text.CDC_TransmitCplt_HS
                0x0800845c        0x4 build/usbd_cdc_if.o
 .text.CDC_Receive_HS
                0x08008460       0x2c build/usbd_cdc_if.o
 .text.CDC_Control_HS
                0x0800848c       0x78 build/usbd_cdc_if.o
 .text.CDC_Init_HS
                0x08008504       0x28 build/usbd_cdc_if.o
 .text.CDC_Transmit_HS
                0x0800852c       0x2c build/usbd_cdc_if.o
                0x0800852c                CDC_Transmit_HS
 .text.MX_USB_DEVICE_Init
                0x08008558       0x54 build/usb_device.o
                0x08008558                MX_USB_DEVICE_Init
 .text.USBD_HS_DeviceDescriptor
                0x080085ac        0xc build/usbd_desc.o
                0x080085ac                USBD_HS_DeviceDescriptor
 .text.USBD_HS_LangIDStrDescriptor
                0x080085b8        0xc build/usbd_desc.o
                0x080085b8                USBD_HS_LangIDStrDescriptor
 .text.USBD_HS_USR_BOSDescriptor
                0x080085c4        0xc build/usbd_desc.o
                0x080085c4                USBD_HS_USR_BOSDescriptor
 .text.IntToUnicode
                0x080085d0       0x46 build/usbd_desc.o
 *fill*         0x08008616        0x2 
 .text.Get_SerialNum
                0x08008618       0x38 build/usbd_desc.o
 .text.USBD_HS_SerialStrDescriptor
                0x08008650       0x14 build/usbd_desc.o
                0x08008650                USBD_HS_SerialStrDescriptor
 .text.USBD_HS_ProductStrDescriptor
                0x08008664       0x24 build/usbd_desc.o
                0x08008664                USBD_HS_ProductStrDescriptor
 .text.USBD_HS_ManufacturerStrDescriptor
                0x08008688       0x1c build/usbd_desc.o
                0x08008688                USBD_HS_ManufacturerStrDescriptor
 .text.USBD_HS_ConfigStrDescriptor
                0x080086a4       0x24 build/usbd_desc.o
                0x080086a4                USBD_HS_ConfigStrDescriptor
 .text.USBD_HS_InterfaceStrDescriptor
                0x080086c8       0x24 build/usbd_desc.o
                0x080086c8                USBD_HS_InterfaceStrDescriptor
 .text.SystemClockConfig_Resume
                0x080086ec        0x8 build/usbd_conf.o
 .text.HAL_PCD_MspInit
                0x080086f4      0x158 build/usbd_conf.o
                0x080086f4                HAL_PCD_MspInit
 .text.HAL_PCD_SetupStageCallback
                0x0800884c       0x10 build/usbd_conf.o
                0x0800884c                HAL_PCD_SetupStageCallback
 .text.HAL_PCD_DataOutStageCallback
                0x0800885c       0x18 build/usbd_conf.o
                0x0800885c                HAL_PCD_DataOutStageCallback
 .text.HAL_PCD_DataInStageCallback
                0x08008874       0x16 build/usbd_conf.o
                0x08008874                HAL_PCD_DataInStageCallback
 .text.HAL_PCD_SOFCallback
                0x0800888a        0xc build/usbd_conf.o
                0x0800888a                HAL_PCD_SOFCallback
 .text.HAL_PCD_ResetCallback
                0x08008896       0x28 build/usbd_conf.o
                0x08008896                HAL_PCD_ResetCallback
 *fill*         0x080088be        0x2 
 .text.HAL_PCD_SuspendCallback
                0x080088c0       0x30 build/usbd_conf.o
                0x080088c0                HAL_PCD_SuspendCallback
 .text.HAL_PCD_ResumeCallback
                0x080088f0        0xc build/usbd_conf.o
                0x080088f0                HAL_PCD_ResumeCallback
 .text.HAL_PCD_ISOOUTIncompleteCallback
                0x080088fc        0xc build/usbd_conf.o
                0x080088fc                HAL_PCD_ISOOUTIncompleteCallback
 .text.HAL_PCD_ISOINIncompleteCallback
                0x08008908        0xc build/usbd_conf.o
                0x08008908                HAL_PCD_ISOINIncompleteCallback
 .text.HAL_PCD_ConnectCallback
                0x08008914        0xc build/usbd_conf.o
                0x08008914                HAL_PCD_ConnectCallback
 .text.HAL_PCD_DisconnectCallback
                0x08008920        0xc build/usbd_conf.o
                0x08008920                HAL_PCD_DisconnectCallback
 .text.USBD_LL_Init
                0x0800892c       0x74 build/usbd_conf.o
                0x0800892c                USBD_LL_Init
 .text.USBD_LL_IsStallEP
                0x080089a0       0x2c build/usbd_conf.o
                0x080089a0                USBD_LL_IsStallEP
 .text.USBD_LL_GetRxDataSize
                0x080089cc        0xc build/usbd_conf.o
                0x080089cc                USBD_LL_GetRxDataSize
 .text.HAL_PCDEx_LPM_Callback
                0x080089d8       0x60 build/usbd_conf.o
                0x080089d8                HAL_PCDEx_LPM_Callback
 .text.USBD_Get_USB_Status
                0x08008a38       0x14 build/usbd_conf.o
                0x08008a38                USBD_Get_USB_Status
 .text.USBD_LL_Start
                0x08008a4c       0x10 build/usbd_conf.o
                0x08008a4c                USBD_LL_Start
 .text.USBD_LL_OpenEP
                0x08008a5c       0x16 build/usbd_conf.o
                0x08008a5c                USBD_LL_OpenEP
 .text.USBD_LL_CloseEP
                0x08008a72       0x10 build/usbd_conf.o
                0x08008a72                USBD_LL_CloseEP
 .text.USBD_LL_StallEP
                0x08008a82       0x10 build/usbd_conf.o
                0x08008a82                USBD_LL_StallEP
 .text.USBD_LL_ClearStallEP
                0x08008a92       0x10 build/usbd_conf.o
                0x08008a92                USBD_LL_ClearStallEP
 .text.USBD_LL_SetUSBAddress
                0x08008aa2       0x10 build/usbd_conf.o
                0x08008aa2                USBD_LL_SetUSBAddress
 .text.USBD_LL_Transmit
                0x08008ab2       0x10 build/usbd_conf.o
                0x08008ab2                USBD_LL_Transmit
 .text.USBD_LL_PrepareReceive
                0x08008ac2       0x10 build/usbd_conf.o
                0x08008ac2                USBD_LL_PrepareReceive
 *fill*         0x08008ad2        0x2 
 .text.Reset_Handler
                0x08008ad4       0x50 build/startup_stm32f769nihx.o
                0x08008ad4                Reset_Handler
 .text.Default_Handler
                0x08008b24        0x2 build/startup_stm32f769nihx.o
                0x08008b24                DMA1_Stream3_IRQHandler
                0x08008b24                EXTI2_IRQHandler
                0x08008b24                TIM8_CC_IRQHandler
                0x08008b24                UART8_IRQHandler
                0x08008b24                SPI4_IRQHandler
                0x08008b24                TIM1_CC_IRQHandler
                0x08008b24                DMA2_Stream5_IRQHandler
                0x08008b24                JPEG_IRQHandler
                0x08008b24                DMA1_Stream5_IRQHandler
                0x08008b24                CAN3_RX1_IRQHandler
                0x08008b24                PVD_IRQHandler
                0x08008b24                TAMP_STAMP_IRQHandler
                0x08008b24                CAN2_RX1_IRQHandler
                0x08008b24                EXTI3_IRQHandler
                0x08008b24                TIM8_TRG_COM_TIM14_IRQHandler
                0x08008b24                DFSDM1_FLT1_IRQHandler
                0x08008b24                TIM1_UP_TIM10_IRQHandler
                0x08008b24                TIM8_UP_TIM13_IRQHandler
                0x08008b24                I2C3_ER_IRQHandler
                0x08008b24                DFSDM1_FLT2_IRQHandler
                0x08008b24                EXTI0_IRQHandler
                0x08008b24                I2C2_EV_IRQHandler
                0x08008b24                DMA1_Stream2_IRQHandler
                0x08008b24                CAN1_RX0_IRQHandler
                0x08008b24                FPU_IRQHandler
                0x08008b24                OTG_HS_WKUP_IRQHandler
                0x08008b24                CAN3_SCE_IRQHandler
                0x08008b24                LTDC_ER_IRQHandler
                0x08008b24                CAN2_SCE_IRQHandler
                0x08008b24                DMA2_Stream2_IRQHandler
                0x08008b24                SPI1_IRQHandler
                0x08008b24                TIM1_BRK_TIM9_IRQHandler
                0x08008b24                DCMI_IRQHandler
                0x08008b24                CAN2_RX0_IRQHandler
                0x08008b24                DMA2_Stream3_IRQHandler
                0x08008b24                SAI2_IRQHandler
                0x08008b24                DFSDM1_FLT3_IRQHandler
                0x08008b24                USART6_IRQHandler
                0x08008b24                CAN3_RX0_IRQHandler
                0x08008b24                USART3_IRQHandler
                0x08008b24                CAN1_RX1_IRQHandler
                0x08008b24                DMA2_Stream0_IRQHandler
                0x08008b24                TIM4_IRQHandler
                0x08008b24                QUADSPI_IRQHandler
                0x08008b24                I2C1_EV_IRQHandler
                0x08008b24                DMA1_Stream6_IRQHandler
                0x08008b24                DMA1_Stream1_IRQHandler
                0x08008b24                UART4_IRQHandler
                0x08008b24                TIM3_IRQHandler
                0x08008b24                RCC_IRQHandler
                0x08008b24                TIM8_BRK_TIM12_IRQHandler
                0x08008b24                Default_Handler
                0x08008b24                CEC_IRQHandler
                0x08008b24                EXTI15_10_IRQHandler
                0x08008b24                ADC_IRQHandler
                0x08008b24                DMA1_Stream7_IRQHandler
                0x08008b24                SPI5_IRQHandler
                0x08008b24                TIM7_IRQHandler
                0x08008b24                SDMMC1_IRQHandler
                0x08008b24                CAN2_TX_IRQHandler
                0x08008b24                TIM5_IRQHandler
                0x08008b24                DMA2_Stream7_IRQHandler
                0x08008b24                I2C3_EV_IRQHandler
                0x08008b24                EXTI9_5_IRQHandler
                0x08008b24                RTC_WKUP_IRQHandler
                0x08008b24                ETH_WKUP_IRQHandler
                0x08008b24                SPDIF_RX_IRQHandler
                0x08008b24                SPI2_IRQHandler
                0x08008b24                OTG_HS_EP1_IN_IRQHandler
                0x08008b24                DMA1_Stream0_IRQHandler
                0x08008b24                CAN1_TX_IRQHandler
                0x08008b24                EXTI4_IRQHandler
                0x08008b24                RNG_IRQHandler
                0x08008b24                DSI_IRQHandler
                0x08008b24                ETH_IRQHandler
                0x08008b24                OTG_HS_EP1_OUT_IRQHandler
                0x08008b24                WWDG_IRQHandler
                0x08008b24                SPI6_IRQHandler
                0x08008b24                MDIOS_IRQHandler
                0x08008b24                I2C4_EV_IRQHandler
                0x08008b24                CAN3_TX_IRQHandler
                0x08008b24                TIM2_IRQHandler
                0x08008b24                OTG_FS_WKUP_IRQHandler
                0x08008b24                TIM1_TRG_COM_TIM11_IRQHandler
                0x08008b24                DMA2D_IRQHandler
                0x08008b24                EXTI1_IRQHandler
                0x08008b24                SDMMC2_IRQHandler
                0x08008b24                UART7_IRQHandler
                0x08008b24                USART2_IRQHandler
                0x08008b24                DFSDM1_FLT0_IRQHandler
                0x08008b24                I2C2_ER_IRQHandler
                0x08008b24                DMA2_Stream1_IRQHandler
                0x08008b24                CAN1_SCE_IRQHandler
                0x08008b24                FLASH_IRQHandler
                0x08008b24                DMA2_Stream4_IRQHandler
                0x08008b24                USART1_IRQHandler
                0x08008b24                OTG_FS_IRQHandler
                0x08008b24                SPI3_IRQHandler
                0x08008b24                DMA1_Stream4_IRQHandler
                0x08008b24                I2C1_ER_IRQHandler
                0x08008b24                FMC_IRQHandler
                0x08008b24                LPTIM1_IRQHandler
                0x08008b24                I2C4_ER_IRQHandler
                0x08008b24                DMA2_Stream6_IRQHandler
                0x08008b24                SAI1_IRQHandler
                0x08008b24                RTC_Alarm_IRQHandler
 *fill*         0x08008b26        0x2 
 .text.malloc   0x08008b28       0x10 /Applications/ArmGNUToolchain/14.2.rel1/arm-none-eabi/bin/../lib/gcc/arm-none-eabi/14.2.1/../../../../arm-none-eabi/lib/thumb/v7e-m+dp/hard/libc_nano.a(libc_a-malloc.o)
                0x08008b28                malloc
 .text.free     0x08008b38       0x10 /Applications/ArmGNUToolchain/14.2.rel1/arm-none-eabi/bin/../lib/gcc/arm-none-eabi/14.2.1/../../../../arm-none-eabi/lib/thumb/v7e-m+dp/hard/libc_nano.a(libc_a-malloc.o)
                0x08008b38                free
 .text.sbrk_aligned
                0x08008b48       0x44 /Applications/ArmGNUToolchain/14.2.rel1/arm-none-eabi/bin/../lib/gcc/arm-none-eabi/14.2.1/../../../../arm-none-eabi/lib/thumb/v7e-m+dp/hard/libc_nano.a(libc_a-mallocr.o)
 .text._malloc_r
                0x08008b8c      0x100 /Applications/ArmGNUToolchain/14.2.rel1/arm-none-eabi/bin/../lib/gcc/arm-none-eabi/14.2.1/../../../../arm-none-eabi/lib/thumb/v7e-m+dp/hard/libc_nano.a(libc_a-mallocr.o)
                0x08008b8c                _malloc_r
 .text.snprintf
                0x08008c8c       0x6c /Applications/ArmGNUToolchain/14.2.rel1/arm-none-eabi/bin/../lib/gcc/arm-none-eabi/14.2.1/../../../../arm-none-eabi/lib/thumb/v7e-m+dp/hard/libc_nano.a(libc_a-snprintf.o)
                0x08008c8c                snprintf
                0x08008c8c                sniprintf
 .text.__malloc_lock
                0x08008cf8        0xc /Applications/ArmGNUToolchain/14.2.rel1/arm-none-eabi/bin/../lib/gcc/arm-none-eabi/14.2.1/../../../../arm-none-eabi/lib/thumb/v7e-m+dp/hard/libc_nano.a(libc_a-mlock.o)
                0x08008cf8                __malloc_lock
 .text.__malloc_unlock
                0x08008d04        0xc /Applications/ArmGNUToolchain/14.2.rel1/arm-none-eabi/bin/../lib/gcc/arm-none-eabi/14.2.1/../../../../arm-none-eabi/lib/thumb/v7e-m+dp/hard/libc_nano.a(libc_a-mlock.o)
                0x08008d04                __malloc_unlock
 .text.sprintf  0x08008d10       0x44 /Applications/ArmGNUToolchain/14.2.rel1/arm-none-eabi/bin/../lib/gcc/arm-none-eabi/14.2.1/../../../../arm-none-eabi/lib/thumb/v7e-m+dp/hard/libc_nano.a(libc_a-sprintf.o)
                0x08008d10                sprintf
                0x08008d10                siprintf
 .text.memset   0x08008d54       0x10 /Applications/ArmGNUToolchain/14.2.rel1/arm-none-eabi/bin/../lib/gcc/arm-none-eabi/14.2.1/../../../../arm-none-eabi/lib/thumb/v7e-m+dp/hard/libc_nano.a(libc_a-memset.o)
                0x08008d54                memset
 .text.strpbrk  0x08008d64       0x22 /Applications/ArmGNUToolchain/14.2.rel1/arm-none-eabi/bin/../lib/gcc/arm-none-eabi/14.2.1/../../../../arm-none-eabi/lib/thumb/v7e-m+dp/hard/libc_nano.a(libc_a-strpbrk.o)
                0x08008d64                strpbrk
 .text.strstr   0x08008d86       0x2c /Applications/ArmGNUToolchain/14.2.rel1/arm-none-eabi/bin/../lib/gcc/arm-none-eabi/14.2.1/../../../../arm-none-eabi/lib/thumb/v7e-m+dp/hard/libc_nano.a(libc_a-strstr.o)
                0x08008d86                strstr
 *fill*         0x08008db2        0x2 
 .text._sbrk_r  0x08008db4       0x20 /Applications/ArmGNUToolchain/14.2.rel1/arm-none-eabi/bin/../lib/gcc/arm-none-eabi/14.2.1/../../../../arm-none-eabi/lib/thumb/v7e-m+dp/hard/libc_nano.a(libc_a-sbrkr.o)
                0x08008db4                _sbrk_r
 .text.__errno  0x08008dd4        0xc /Applications/ArmGNUToolchain/14.2.rel1/arm-none-eabi/bin/../lib/gcc/arm-none-eabi/14.2.1/../../../../arm-none-eabi/lib/thumb/v7e-m+dp/hard/libc_nano.a(libc_a-errno.o)
                0x08008dd4                __errno
 .text.__libc_init_array
                0x08008de0       0x48 /Applications/ArmGNUToolchain/14.2.rel1/arm-none-eabi/bin/../lib/gcc/arm-none-eabi/14.2.1/../../../../arm-none-eabi/lib/thumb/v7e-m+dp/hard/libc_nano.a(libc_a-init.o)
                0x08008de0                __libc_init_array
 .text.__retarget_lock_acquire_recursive
                0x08008e28        0x2 /Applications/ArmGNUToolchain/14.2.rel1/arm-none-eabi/bin/../lib/gcc/arm-none-eabi/14.2.1/../../../../arm-none-eabi/lib/thumb/v7e-m+dp/hard/libc_nano.a(libc_a-lock.o)
                0x08008e28                __retarget_lock_acquire_recursive
 .text.__retarget_lock_release_recursive
                0x08008e2a        0x2 /Applications/ArmGNUToolchain/14.2.rel1/arm-none-eabi/bin/../lib/gcc/arm-none-eabi/14.2.1/../../../../arm-none-eabi/lib/thumb/v7e-m+dp/hard/libc_nano.a(libc_a-lock.o)
                0x08008e2a                __retarget_lock_release_recursive
 .text.memcpy   0x08008e2c       0x1c /Applications/ArmGNUToolchain/14.2.rel1/arm-none-eabi/bin/../lib/gcc/arm-none-eabi/14.2.1/../../../../arm-none-eabi/lib/thumb/v7e-m+dp/hard/libc_nano.a(libc_a-memcpy-stub.o)
                0x08008e2c                memcpy
 .text._free_r  0x08008e48       0x94 /Applications/ArmGNUToolchain/14.2.rel1/arm-none-eabi/bin/../lib/gcc/arm-none-eabi/14.2.1/../../../../arm-none-eabi/lib/thumb/v7e-m+dp/hard/libc_nano.a(libc_a-freer.o)
                0x08008e48                _free_r
 .text.__ssputs_r
                0x08008edc       0xc0 /Applications/ArmGNUToolchain/14.2.rel1/arm-none-eabi/bin/../lib/gcc/arm-none-eabi/14.2.1/../../../../arm-none-eabi/lib/thumb/v7e-m+dp/hard/libc_nano.a(libc_a-nano-svfprintf.o)
                0x08008edc                __ssputs_r
 .text._svfprintf_r
                0x08008f9c      0x1f8 /Applications/ArmGNUToolchain/14.2.rel1/arm-none-eabi/bin/../lib/gcc/arm-none-eabi/14.2.1/../../../../arm-none-eabi/lib/thumb/v7e-m+dp/hard/libc_nano.a(libc_a-nano-svfprintf.o)
                0x08008f9c                _svfprintf_r
                0x08008f9c                _svfiprintf_r
 .text._printf_common
                0x08009194       0xda /Applications/ArmGNUToolchain/14.2.rel1/arm-none-eabi/bin/../lib/gcc/arm-none-eabi/14.2.1/../../../../arm-none-eabi/lib/thumb/v7e-m+dp/hard/libc_nano.a(libc_a-nano-vfprintf_i.o)
                0x08009194                _printf_common
 *fill*         0x0800926e        0x2 
 .text._printf_i
                0x08009270      0x240 /Applications/ArmGNUToolchain/14.2.rel1/arm-none-eabi/bin/../lib/gcc/arm-none-eabi/14.2.1/../../../../arm-none-eabi/lib/thumb/v7e-m+dp/hard/libc_nano.a(libc_a-nano-vfprintf_i.o)
                0x08009270                _printf_i
 .text._realloc_r
                0x080094b0       0x5c /Applications/ArmGNUToolchain/14.2.rel1/arm-none-eabi/bin/../lib/gcc/arm-none-eabi/14.2.1/../../../../arm-none-eabi/lib/thumb/v7e-m+dp/hard/libc_nano.a(libc_a-reallocr.o)
                0x080094b0                _realloc_r
 .text.memmove  0x0800950c       0x32 /Applications/ArmGNUToolchain/14.2.rel1/arm-none-eabi/bin/../lib/gcc/arm-none-eabi/14.2.1/../../../../arm-none-eabi/lib/thumb/v7e-m+dp/hard/libc_nano.a(libc_a-memmove.o)
                0x0800950c                memmove
 .text._malloc_usable_size_r
                0x0800953e       0x10 /Applications/ArmGNUToolchain/14.2.rel1/arm-none-eabi/bin/../lib/gcc/arm-none-eabi/14.2.1/../../../../arm-none-eabi/lib/thumb/v7e-m+dp/hard/libc_nano.a(libc_a-msizer.o)
                0x0800953e                _malloc_usable_size_r
 *fill*         0x0800954e        0x2 
 .text.__udivmoddi4
                0x08009550      0x2f8 /Applications/ArmGNUToolchain/14.2.rel1/arm-none-eabi/bin/../lib/gcc/arm-none-eabi/14.2.1/thumb/v7e-m+dp/hard/libgcc.a(_udivmoddi4.o)
                0x08009550                __udivmoddi4
 *(.glue_7)
 .glue_7        0x08009848        0x0 linker stubs
 *(.glue_7t)
 .glue_7t       0x08009848        0x0 linker stubs
 *(.eh_frame)
 .eh_frame      0x08009848        0x0 /Applications/ArmGNUToolchain/14.2.rel1/arm-none-eabi/bin/../lib/gcc/arm-none-eabi/14.2.1/thumb/v7e-m+dp/hard/crtbegin.o
 *(.init)
 .init          0x08009848        0x4 /Applications/ArmGNUToolchain/14.2.rel1/arm-none-eabi/bin/../lib/gcc/arm-none-eabi/14.2.1/thumb/v7e-m+dp/hard/crti.o
                0x08009848                _init
 .init          0x0800984c        0x8 /Applications/ArmGNUToolchain/14.2.rel1/arm-none-eabi/bin/../lib/gcc/arm-none-eabi/14.2.1/thumb/v7e-m+dp/hard/crtn.o
 *(.fini)
 .fini          0x08009854        0x4 /Applications/ArmGNUToolchain/14.2.rel1/arm-none-eabi/bin/../lib/gcc/arm-none-eabi/14.2.1/thumb/v7e-m+dp/hard/crti.o
                0x08009854                _fini
 .fini          0x08009858        0x8 /Applications/ArmGNUToolchain/14.2.rel1/arm-none-eabi/bin/../lib/gcc/arm-none-eabi/14.2.1/thumb/v7e-m+dp/hard/crtn.o
                0x08009860                        . = ALIGN (0x4)
                0x08009860                        _etext = .

.vfp11_veneer   0x08009860        0x0
 .vfp11_veneer  0x08009860        0x0 linker stubs

.v4_bx          0x08009860        0x0
 .v4_bx         0x08009860        0x0 linker stubs

.iplt           0x08009860        0x0
 .iplt          0x08009860        0x0 /Applications/ArmGNUToolchain/14.2.rel1/arm-none-eabi/bin/../lib/gcc/arm-none-eabi/14.2.1/thumb/v7e-m+dp/hard/crtbegin.o

.rodata         0x08009860      0x1ec
                0x08009860                        . = ALIGN (0x4)
 *(.rodata)
 *(.rodata*)
 .rodata.StartDefaultTask.str1.4
                0x08009860      0x17a build/freertos.o
                                 0xfb (size before relaxing)
 .rodata.str1.4
                0x080099da        0xc build/freertos.o
 *fill*         0x080099da        0x2 
 .rodata.defaultTask_attributes
                0x080099dc       0x24 build/freertos.o
                0x080099dc                defaultTask_attributes
 .rodata.APBPrescTable
                0x08009a00        0x8 build/system_stm32f7xx.o
                0x08009a00                APBPrescTable
 .rodata.AHBPrescTable
                0x08009a08       0x10 build/system_stm32f7xx.o
                0x08009a08                AHBPrescTable
 .rodata.ESP8266_SendCommand.str1.4
                0x08009a18        0x5 build/esp8266.o
 .rodata.ESP8266_Init.str1.4
                0x08009a18        0x9 build/esp8266.o
 .rodata.prvCheckForValidListAndQueue.str1.4
                0x08009a18        0x5 build/timers.o
 .rodata.xTimerCreateTimerTask.str1.4
                0x08009a18        0x8 build/timers.o
 .rodata.vTaskStartScheduler.str1.4
                0x08009a18        0x5 build/tasks.o
 .rodata.USBD_HS_ProductStrDescriptor.str1.4
                0x08009a18       0x16 build/usbd_desc.o
 .rodata.USBD_HS_ManufacturerStrDescriptor.str1.4
                0x08009a18       0x13 build/usbd_desc.o
 .rodata.USBD_HS_ConfigStrDescriptor.str1.4
                0x08009a18        0xb build/usbd_desc.o
 .rodata.USBD_HS_InterfaceStrDescriptor.str1.4
                0x08009a18        0xe build/usbd_desc.o
 .rodata._svfprintf_r.str1.1
                0x08009a18       0x33 /Applications/ArmGNUToolchain/14.2.rel1/arm-none-eabi/bin/../lib/gcc/arm-none-eabi/14.2.1/../../../../arm-none-eabi/lib/thumb/v7e-m+dp/hard/libc_nano.a(libc_a-nano-svfprintf.o)
                                 0x11 (size before relaxing)
 .rodata._printf_i.str1.1
                0x08009a4b       0x22 /Applications/ArmGNUToolchain/14.2.rel1/arm-none-eabi/bin/../lib/gcc/arm-none-eabi/14.2.1/../../../../arm-none-eabi/lib/thumb/v7e-m+dp/hard/libc_nano.a(libc_a-nano-vfprintf_i.o)
                0x08009a70                        . = ALIGN (0x4)
 *fill*         0x08009a4b        0x1 

.ARM.extab      0x08009a4c        0x0
                0x08009a4c                        . = ALIGN (0x4)
 *(.ARM.extab* .gnu.linkonce.armextab.*)
                0x08009a4c                        . = ALIGN (0x4)

.ARM            0x08009a4c        0x8
                0x08009a4c                        . = ALIGN (0x4)
                0x08009a4c                        __exidx_start = .
 *(.ARM.exidx*)
 .ARM.exidx     0x08009a4c        0x8 /Applications/ArmGNUToolchain/14.2.rel1/arm-none-eabi/bin/../lib/gcc/arm-none-eabi/14.2.1/../../../../arm-none-eabi/lib/thumb/v7e-m+dp/hard/libc_nano.a(libc_a-strlen.o)
 .ARM.exidx     0x08009a54        0x0 /Applications/ArmGNUToolchain/14.2.rel1/arm-none-eabi/bin/../lib/gcc/arm-none-eabi/14.2.1/../../../../arm-none-eabi/lib/thumb/v7e-m+dp/hard/libc_nano.a(libc_a-memchr.o)
                                  0x8 (size before relaxing)
 .ARM.exidx.text.__udivmoddi4
                0x08009a54        0x0 /Applications/ArmGNUToolchain/14.2.rel1/arm-none-eabi/bin/../lib/gcc/arm-none-eabi/14.2.1/thumb/v7e-m+dp/hard/libgcc.a(_udivmoddi4.o)
                                  0x8 (size before relaxing)
                0x08009a54                        __exidx_end = .
                0x08009a54                        . = ALIGN (0x4)

.preinit_array  0x08009a54        0x0
                0x08009a54                        . = ALIGN (0x4)
                0x08009a54                        PROVIDE (__preinit_array_start = .)
 *(.preinit_array*)
                0x08009a54                        PROVIDE (__preinit_array_end = .)
                0x08009a54                        . = ALIGN (0x4)

.init_array     0x08009a54        0x4
                0x08009a54                        . = ALIGN (0x4)
                0x08009a54                        PROVIDE (__init_array_start = .)
 *(SORT_BY_NAME(.init_array.*))
 *(.init_array*)
 .init_array    0x08009a54        0x4 /Applications/ArmGNUToolchain/14.2.rel1/arm-none-eabi/bin/../lib/gcc/arm-none-eabi/14.2.1/thumb/v7e-m+dp/hard/crtbegin.o
                0x08009a58                        PROVIDE (__init_array_end = .)
                0x08009a58                        . = ALIGN (0x4)

.fini_array     0x08009a58        0x4
                0x08009a58                        . = ALIGN (0x4)
                [!provide]                        PROVIDE (__fini_array_start = .)
 *(SORT_BY_NAME(.fini_array.*))
 *(.fini_array*)
 .fini_array    0x08009a58        0x4 /Applications/ArmGNUToolchain/14.2.rel1/arm-none-eabi/bin/../lib/gcc/arm-none-eabi/14.2.1/thumb/v7e-m+dp/hard/crtbegin.o
                [!provide]                        PROVIDE (__fini_array_end = .)
                0x08009a5c                        . = ALIGN (0x4)
                0x08009a5c                        _sidata = LOADADDR (.data)

.rel.dyn        0x08009a5c        0x0
 .rel.iplt      0x08009a5c        0x0 /Applications/ArmGNUToolchain/14.2.rel1/arm-none-eabi/bin/../lib/gcc/arm-none-eabi/14.2.1/thumb/v7e-m+dp/hard/crtbegin.o

.data           0x20000000      0x15c load address 0x08009a5c
                0x20000000                        . = ALIGN (0x4)
                0x20000000                        _sdata = .
 *(.data)
 *(.data*)
 .data.SystemCoreClock
                0x20000000        0x4 build/system_stm32f7xx.o
                0x20000000                SystemCoreClock
 .data.uwTickFreq
                0x20000004        0x1 build/stm32f7xx_hal.o
                0x20000004                uwTickFreq
 *fill*         0x20000005        0x3 
 .data.uwTickPrio
                0x20000008        0x4 build/stm32f7xx_hal.o
                0x20000008                uwTickPrio
 .data.USBD_CDC_CfgDesc
                0x2000000c       0x43 build/usbd_cdc.o
 *fill*         0x2000004f        0x1 
 .data.USBD_CDC
                0x20000050       0x38 build/usbd_cdc.o
                0x20000050                USBD_CDC
 .data.USBD_CDC_DeviceQualifierDesc
                0x20000088        0xa build/usbd_cdc.o
 *fill*         0x20000092        0x2 
 .data.uxCriticalNesting
                0x20000094        0x4 build/port.o
 .data.USBD_Interface_fops_HS
                0x20000098       0x14 build/usbd_cdc_if.o
                0x20000098                USBD_Interface_fops_HS
 .data.USBD_StringSerial
                0x200000ac       0x1a build/usbd_desc.o
                0x200000ac                USBD_StringSerial
 *fill*         0x200000c6        0x2 
 .data.USBD_LangIDDesc
                0x200000c8        0x4 build/usbd_desc.o
                0x200000c8                USBD_LangIDDesc
 .data.USBD_HS_BOSDesc
                0x200000cc        0xc build/usbd_desc.o
                0x200000cc                USBD_HS_BOSDesc
 .data.USBD_HS_DeviceDesc
                0x200000d8       0x12 build/usbd_desc.o
                0x200000d8                USBD_HS_DeviceDesc
 *fill*         0x200000ea        0x2 
 .data.HS_Desc  0x200000ec       0x20 build/usbd_desc.o
                0x200000ec                HS_Desc
 .data._impure_ptr
                0x2000010c        0x4 /Applications/ArmGNUToolchain/14.2.rel1/arm-none-eabi/bin/../lib/gcc/arm-none-eabi/14.2.1/../../../../arm-none-eabi/lib/thumb/v7e-m+dp/hard/libc_nano.a(libc_a-impure.o)
                0x2000010c                _impure_ptr
 .data._impure_data
                0x20000110       0x4c /Applications/ArmGNUToolchain/14.2.rel1/arm-none-eabi/bin/../lib/gcc/arm-none-eabi/14.2.1/../../../../arm-none-eabi/lib/thumb/v7e-m+dp/hard/libc_nano.a(libc_a-impure.o)
                0x20000110                _impure_data
 *(.RamFunc)
 *(.RamFunc*)
                0x2000015c                        . = ALIGN (0x4)
                0x2000015c                        _edata = .

.tm_clone_table
                0x2000015c        0x0 load address 0x08009bb8
 .tm_clone_table
                0x2000015c        0x0 /Applications/ArmGNUToolchain/14.2.rel1/arm-none-eabi/bin/../lib/gcc/arm-none-eabi/14.2.1/thumb/v7e-m+dp/hard/crtbegin.o
 .tm_clone_table
                0x2000015c        0x0 /Applications/ArmGNUToolchain/14.2.rel1/arm-none-eabi/bin/../lib/gcc/arm-none-eabi/14.2.1/thumb/v7e-m+dp/hard/crtend.o

.igot.plt       0x2000015c        0x0 load address 0x08009bb8
 .igot.plt      0x2000015c        0x0 /Applications/ArmGNUToolchain/14.2.rel1/arm-none-eabi/bin/../lib/gcc/arm-none-eabi/14.2.1/thumb/v7e-m+dp/hard/crtbegin.o
                0x2000015c                        . = ALIGN (0x4)

.bss            0x2000015c    0x14110 load address 0x08009bb8
                0x2000015c                        _sbss = .
                0x2000015c                        __bss_start__ = _sbss
 *(.bss)
 *(.bss*)
 .bss.completed.1
                0x2000015c        0x1 /Applications/ArmGNUToolchain/14.2.rel1/arm-none-eabi/bin/../lib/gcc/arm-none-eabi/14.2.1/thumb/v7e-m+dp/hard/crtbegin.o
 *fill*         0x2000015d        0x3 
 .bss.object.0  0x20000160       0x18 /Applications/ArmGNUToolchain/14.2.rel1/arm-none-eabi/bin/../lib/gcc/arm-none-eabi/14.2.1/thumb/v7e-m+dp/hard/crtbegin.o
 .bss.htim6     0x20000178       0x4c build/stm32f7xx_hal_timebase_tim.o
                0x20000178                htim6
 .bss.FMC_Initialized
                0x200001c4        0x4 build/fmc.o
 .bss.hsdram1   0x200001c8       0x34 build/fmc.o
                0x200001c8                hsdram1
 .bss.hdsi      0x200001fc       0x1c build/dsihost.o
                0x200001fc                hdsi
 .bss.hltdc     0x20000218       0xa8 build/ltdc.o
                0x20000218                hltdc
 .bss.hi2c1     0x200002c0       0x54 build/i2c.o
                0x200002c0                hi2c1
 .bss.rx_buf.0  0x20000314      0x800 build/freertos.o
 .bss.defaultTaskHandle
                0x20000b14        0x4 build/freertos.o
                0x20000b14                defaultTaskHandle
 .bss.huart5    0x20000b18       0x70 build/main.o
                0x20000b18                huart5
 .bss.UartRxTail
                0x20000b88        0x4 build/main.o
                0x20000b88                UartRxTail
 .bss.UartRxHead
                0x20000b8c        0x4 build/main.o
                0x20000b8c                UartRxHead
 .bss.UartRxBuffer
                0x20000b90      0x800 build/main.o
                0x20000b90                UartRxBuffer
 .bss.__sbrk_heap_end
                0x20001390        0x4 build/sysmem.o
 .bss.hdma2d    0x20001394       0x58 build/dma2d.o
                0x20001394                hdma2d
 .bss.hcrc      0x200013ec       0x24 build/crc.o
                0x200013ec                hcrc
 .bss.uwTick    0x20001410        0x4 build/stm32f7xx_hal.o
                0x20001410                uwTick
 .bss.cfgidx.0  0x20001414        0x1 build/usbd_ctlreq.o
 *fill*         0x20001415        0x3 
 .bss.ulMaxPRIGROUPValue
                0x20001418        0x4 build/port.o
 .bss.ucMaxSysCallPriority
                0x2000141c        0x1 build/port.o
 *fill*         0x2000141d        0x3 
 .bss.xBlockAllocatedBit
                0x20001420        0x4 build/heap_4.o
 .bss.xMinimumEverFreeBytesRemaining
                0x20001424        0x4 build/heap_4.o
 .bss.xFreeBytesRemaining
                0x20001428        0x4 build/heap_4.o
 .bss.pxEnd     0x2000142c        0x4 build/heap_4.o
 .bss.xStart    0x20001430        0x8 build/heap_4.o
 .bss.ucHeap    0x20001438     0xffff build/heap_4.o
 *fill*         0x20011437        0x1 
 .bss.xQueueRegistry
                0x20011438       0x40 build/queue.o
                0x20011438                xQueueRegistry
 .bss.xStaticTimerQueue.0
                0x20011478       0x50 build/timers.o
 .bss.ucStaticTimerQueueStorage.1
                0x200114c8       0xa0 build/timers.o
 .bss.xLastTime.2
                0x20011568        0x4 build/timers.o
 .bss.xTimerTaskHandle
                0x2001156c        0x4 build/timers.o
 .bss.xTimerQueue
                0x20011570        0x4 build/timers.o
 .bss.pxOverflowTimerList
                0x20011574        0x4 build/timers.o
 .bss.pxCurrentTimerList
                0x20011578        0x4 build/timers.o
 .bss.xActiveTimerList2
                0x2001157c       0x14 build/timers.o
 .bss.xActiveTimerList1
                0x20011590       0x14 build/timers.o
 .bss.Timer_Stack
                0x200115a4      0x800 build/cmsis_os2.o
 .bss.Timer_TCB
                0x20011da4       0x60 build/cmsis_os2.o
 .bss.Idle_Stack
                0x20011e04      0x400 build/cmsis_os2.o
 .bss.Idle_TCB  0x20012204       0x60 build/cmsis_os2.o
 .bss.KernelState
                0x20012264        0x4 build/cmsis_os2.o
 .bss.uxSchedulerSuspended
                0x20012268        0x4 build/tasks.o
 .bss.xIdleTaskHandle
                0x2001226c        0x4 build/tasks.o
 .bss.xNextTaskUnblockTime
                0x20012270        0x4 build/tasks.o
 .bss.uxTaskNumber
                0x20012274        0x4 build/tasks.o
 .bss.xNumOfOverflows
                0x20012278        0x4 build/tasks.o
 .bss.xYieldPending
                0x2001227c        0x4 build/tasks.o
 .bss.uxPendedTicks
                0x20012280        0x4 build/tasks.o
 .bss.xSchedulerRunning
                0x20012284        0x4 build/tasks.o
 .bss.uxTopReadyPriority
                0x20012288        0x4 build/tasks.o
 .bss.xTickCount
                0x2001228c        0x4 build/tasks.o
 .bss.uxCurrentNumberOfTasks
                0x20012290        0x4 build/tasks.o
 .bss.xSuspendedTaskList
                0x20012294       0x14 build/tasks.o
 .bss.uxDeletedTasksWaitingCleanUp
                0x200122a8        0x4 build/tasks.o
 .bss.xTasksWaitingTermination
                0x200122ac       0x14 build/tasks.o
 .bss.xPendingReadyList
                0x200122c0       0x14 build/tasks.o
 .bss.pxOverflowDelayedTaskList
                0x200122d4        0x4 build/tasks.o
 .bss.pxDelayedTaskList
                0x200122d8        0x4 build/tasks.o
 .bss.xDelayedTaskList2
                0x200122dc       0x14 build/tasks.o
 .bss.xDelayedTaskList1
                0x200122f0       0x14 build/tasks.o
 .bss.pxReadyTasksLists
                0x20012304      0x460 build/tasks.o
 .bss.pxCurrentTCB
                0x20012764        0x4 build/tasks.o
                0x20012764                pxCurrentTCB
 .bss.UserTxBufferHS
                0x20012768      0x800 build/usbd_cdc_if.o
                0x20012768                UserTxBufferHS
 .bss.UserRxBufferHS
                0x20012f68      0x800 build/usbd_cdc_if.o
                0x20012f68                UserRxBufferHS
 .bss.hUsbDeviceHS
                0x20013768      0x2dc build/usb_device.o
                0x20013768                hUsbDeviceHS
 .bss.USBD_StrDesc
                0x20013a44      0x200 build/usbd_desc.o
                0x20013a44                USBD_StrDesc
 .bss.hpcd_USB_OTG_HS
                0x20013c44      0x4e0 build/usbd_conf.o
                0x20013c44                hpcd_USB_OTG_HS
 .bss.__malloc_sbrk_start
                0x20014124        0x4 /Applications/ArmGNUToolchain/14.2.rel1/arm-none-eabi/bin/../lib/gcc/arm-none-eabi/14.2.1/../../../../arm-none-eabi/lib/thumb/v7e-m+dp/hard/libc_nano.a(libc_a-mallocr.o)
                0x20014124                __malloc_sbrk_start
 .bss.__malloc_free_list
                0x20014128        0x4 /Applications/ArmGNUToolchain/14.2.rel1/arm-none-eabi/bin/../lib/gcc/arm-none-eabi/14.2.1/../../../../arm-none-eabi/lib/thumb/v7e-m+dp/hard/libc_nano.a(libc_a-mallocr.o)
                0x20014128                __malloc_free_list
 .bss.__sf      0x2001412c      0x138 /Applications/ArmGNUToolchain/14.2.rel1/arm-none-eabi/bin/../lib/gcc/arm-none-eabi/14.2.1/../../../../arm-none-eabi/lib/thumb/v7e-m+dp/hard/libc_nano.a(libc_a-findfp.o)
                0x2001412c                __sf
 .bss.__lock___malloc_recursive_mutex
                0x20014264        0x1 /Applications/ArmGNUToolchain/14.2.rel1/arm-none-eabi/bin/../lib/gcc/arm-none-eabi/14.2.1/../../../../arm-none-eabi/lib/thumb/v7e-m+dp/hard/libc_nano.a(libc_a-lock.o)
                0x20014264                __lock___malloc_recursive_mutex
 *fill*         0x20014265        0x3 
 .bss.errno     0x20014268        0x4 /Applications/ArmGNUToolchain/14.2.rel1/arm-none-eabi/bin/../lib/gcc/arm-none-eabi/14.2.1/../../../../arm-none-eabi/lib/thumb/v7e-m+dp/hard/libc_nano.a(libc_a-reent.o)
                0x20014268                errno
 *(COMMON)
                0x2001426c                        . = ALIGN (0x4)
                0x2001426c                        _ebss = .
                0x2001426c                        __bss_end__ = _ebss

._user_heap_stack
                0x2001426c      0x604 load address 0x08009bb8
                0x20014270                        . = ALIGN (0x8)
 *fill*         0x2001426c        0x4 
                [!provide]                        PROVIDE (end = .)
                0x20014270                        PROVIDE (_end = .)
                0x20014470                        . = (. + _Min_Heap_Size)
 *fill*         0x20014270      0x200 
                0x20014870                        . = (. + _Min_Stack_Size)
 *fill*         0x20014470      0x400 
                0x20014870                        . = ALIGN (0x8)

/DISCARD/
 libc.a(*)
 libm.a(*)
 libgcc.a(*)

.ARM.attributes
                0x00000000       0x2e
 *(.ARM.attributes)
 .ARM.attributes
                0x00000000       0x20 /Applications/ArmGNUToolchain/14.2.rel1/arm-none-eabi/bin/../lib/gcc/arm-none-eabi/14.2.1/thumb/v7e-m+dp/hard/crti.o
 .ARM.attributes
                0x00000020       0x32 /Applications/ArmGNUToolchain/14.2.rel1/arm-none-eabi/bin/../lib/gcc/arm-none-eabi/14.2.1/thumb/v7e-m+dp/hard/crtbegin.o
 .ARM.attributes
                0x00000052       0x32 build/stm32f7xx_hal_timebase_tim.o
 .ARM.attributes
                0x00000084       0x32 build/fmc.o
 .ARM.attributes
                0x000000b6       0x32 build/gpio.o
 .ARM.attributes
                0x000000e8       0x32 build/dsihost.o
 .ARM.attributes
                0x0000011a       0x32 build/ltdc.o
 .ARM.attributes
                0x0000014c       0x32 build/i2c.o
 .ARM.attributes
                0x0000017e       0x32 build/stm32f7xx_it.o
 .ARM.attributes
                0x000001b0       0x32 build/freertos.o
 .ARM.attributes
                0x000001e2       0x32 build/main.o
 .ARM.attributes
                0x00000214       0x32 build/system_stm32f7xx.o
 .ARM.attributes
                0x00000246       0x32 build/sysmem.o
 .ARM.attributes
                0x00000278       0x32 build/stm32f7xx_hal_msp.o
 .ARM.attributes
                0x000002aa       0x32 build/dma2d.o
 .ARM.attributes
                0x000002dc       0x32 build/crc.o
 .ARM.attributes
                0x0000030e       0x32 build/stm32f7xx_hal_rcc.o
 .ARM.attributes
                0x00000340       0x32 build/stm32f7xx_hal_gpio.o
 .ARM.attributes
                0x00000372       0x32 build/stm32f7xx_hal_i2c.o
 .ARM.attributes
                0x000003a4       0x32 build/stm32f7xx_hal_pcd.o
 .ARM.attributes
                0x000003d6       0x32 build/stm32f7xx_hal_ltdc.o
 .ARM.attributes
                0x00000408       0x32 build/stm32f7xx_hal_tim.o
 .ARM.attributes
                0x0000043a       0x32 build/stm32f7xx_hal_crc.o
 .ARM.attributes
                0x0000046c       0x32 build/stm32f7xx_hal_i2c_ex.o
 .ARM.attributes
                0x0000049e       0x32 build/stm32f7xx_hal_pcd_ex.o
 .ARM.attributes
                0x000004d0       0x32 build/stm32f7xx_hal_tim_ex.o
 .ARM.attributes
                0x00000502       0x32 build/stm32f7xx_hal_dsi.o
 .ARM.attributes
                0x00000534       0x32 build/stm32f7xx_hal.o
 .ARM.attributes
                0x00000566       0x32 build/stm32f7xx_ll_usb.o
 .ARM.attributes
                0x00000598       0x32 build/stm32f7xx_ll_fmc.o
 .ARM.attributes
                0x000005ca       0x32 build/stm32f7xx_hal_rcc_ex.o
 .ARM.attributes
                0x000005fc       0x32 build/stm32f7xx_hal_sdram.o
 .ARM.attributes
                0x0000062e       0x32 build/stm32f7xx_hal_cortex.o
 .ARM.attributes
                0x00000660       0x32 build/stm32f7xx_hal_pwr_ex.o
 .ARM.attributes
                0x00000692       0x32 build/stm32f7xx_hal_crc_ex.o
 .ARM.attributes
                0x000006c4       0x32 build/stm32f7xx_hal_dma2d.o
 .ARM.attributes
                0x000006f6       0x32 build/stm32f7xx_hal_pwr.o
 .ARM.attributes
                0x00000728       0x32 build/stm32f7xx_hal_uart.o
 .ARM.attributes
                0x0000075a       0x32 build/esp8266.o
 .ARM.attributes
                0x0000078c       0x32 build/usbd_ctlreq.o
 .ARM.attributes
                0x000007be       0x32 build/usbd_core.o
 .ARM.attributes
                0x000007f0       0x32 build/usbd_ioreq.o
 .ARM.attributes
                0x00000822       0x32 build/usbd_cdc.o
 .ARM.attributes
                0x00000854       0x32 build/list.o
 .ARM.attributes
                0x00000886       0x32 build/port.o
 .ARM.attributes
                0x000008b8       0x32 build/heap_4.o
 .ARM.attributes
                0x000008ea       0x32 build/queue.o
 .ARM.attributes
                0x0000091c       0x32 build/timers.o
 .ARM.attributes
                0x0000094e       0x32 build/cmsis_os2.o
 .ARM.attributes
                0x00000980       0x32 build/tasks.o
 .ARM.attributes
                0x000009b2       0x32 build/usbd_cdc_if.o
 .ARM.attributes
                0x000009e4       0x32 build/usb_device.o
 .ARM.attributes
                0x00000a16       0x32 build/usbd_desc.o
 .ARM.attributes
                0x00000a48       0x32 build/usbd_conf.o
 .ARM.attributes
                0x00000a7a       0x21 build/startup_stm32f769nihx.o
 .ARM.attributes
                0x00000a9b       0x32 /Applications/ArmGNUToolchain/14.2.rel1/arm-none-eabi/bin/../lib/gcc/arm-none-eabi/14.2.1/../../../../arm-none-eabi/lib/thumb/v7e-m+dp/hard/libc_nano.a(libc_a-malloc.o)
 .ARM.attributes
                0x00000acd       0x32 /Applications/ArmGNUToolchain/14.2.rel1/arm-none-eabi/bin/../lib/gcc/arm-none-eabi/14.2.1/../../../../arm-none-eabi/lib/thumb/v7e-m+dp/hard/libc_nano.a(libc_a-mallocr.o)
 .ARM.attributes
                0x00000aff       0x32 /Applications/ArmGNUToolchain/14.2.rel1/arm-none-eabi/bin/../lib/gcc/arm-none-eabi/14.2.1/../../../../arm-none-eabi/lib/thumb/v7e-m+dp/hard/libc_nano.a(libc_a-snprintf.o)
 .ARM.attributes
                0x00000b31       0x32 /Applications/ArmGNUToolchain/14.2.rel1/arm-none-eabi/bin/../lib/gcc/arm-none-eabi/14.2.1/../../../../arm-none-eabi/lib/thumb/v7e-m+dp/hard/libc_nano.a(libc_a-mlock.o)
 .ARM.attributes
                0x00000b63       0x32 /Applications/ArmGNUToolchain/14.2.rel1/arm-none-eabi/bin/../lib/gcc/arm-none-eabi/14.2.1/../../../../arm-none-eabi/lib/thumb/v7e-m+dp/hard/libc_nano.a(libc_a-sprintf.o)
 .ARM.attributes
                0x00000b95       0x32 /Applications/ArmGNUToolchain/14.2.rel1/arm-none-eabi/bin/../lib/gcc/arm-none-eabi/14.2.1/../../../../arm-none-eabi/lib/thumb/v7e-m+dp/hard/libc_nano.a(libc_a-findfp.o)
 .ARM.attributes
                0x00000bc7       0x32 /Applications/ArmGNUToolchain/14.2.rel1/arm-none-eabi/bin/../lib/gcc/arm-none-eabi/14.2.1/../../../../arm-none-eabi/lib/thumb/v7e-m+dp/hard/libc_nano.a(libc_a-memset.o)
 .ARM.attributes
                0x00000bf9       0x32 /Applications/ArmGNUToolchain/14.2.rel1/arm-none-eabi/bin/../lib/gcc/arm-none-eabi/14.2.1/../../../../arm-none-eabi/lib/thumb/v7e-m+dp/hard/libc_nano.a(libc_a-strpbrk.o)
 .ARM.attributes
                0x00000c2b       0x32 /Applications/ArmGNUToolchain/14.2.rel1/arm-none-eabi/bin/../lib/gcc/arm-none-eabi/14.2.1/../../../../arm-none-eabi/lib/thumb/v7e-m+dp/hard/libc_nano.a(libc_a-strstr.o)
 .ARM.attributes
                0x00000c5d       0x32 /Applications/ArmGNUToolchain/14.2.rel1/arm-none-eabi/bin/../lib/gcc/arm-none-eabi/14.2.1/../../../../arm-none-eabi/lib/thumb/v7e-m+dp/hard/libc_nano.a(libc_a-sbrkr.o)
 .ARM.attributes
                0x00000c8f       0x32 /Applications/ArmGNUToolchain/14.2.rel1/arm-none-eabi/bin/../lib/gcc/arm-none-eabi/14.2.1/../../../../arm-none-eabi/lib/thumb/v7e-m+dp/hard/libc_nano.a(libc_a-errno.o)
 .ARM.attributes
                0x00000cc1       0x32 /Applications/ArmGNUToolchain/14.2.rel1/arm-none-eabi/bin/../lib/gcc/arm-none-eabi/14.2.1/../../../../arm-none-eabi/lib/thumb/v7e-m+dp/hard/libc_nano.a(libc_a-init.o)
 .ARM.attributes
                0x00000cf3       0x32 /Applications/ArmGNUToolchain/14.2.rel1/arm-none-eabi/bin/../lib/gcc/arm-none-eabi/14.2.1/../../../../arm-none-eabi/lib/thumb/v7e-m+dp/hard/libc_nano.a(libc_a-lock.o)
 .ARM.attributes
                0x00000d25       0x32 /Applications/ArmGNUToolchain/14.2.rel1/arm-none-eabi/bin/../lib/gcc/arm-none-eabi/14.2.1/../../../../arm-none-eabi/lib/thumb/v7e-m+dp/hard/libc_nano.a(libc_a-reent.o)
 .ARM.attributes
                0x00000d57       0x32 /Applications/ArmGNUToolchain/14.2.rel1/arm-none-eabi/bin/../lib/gcc/arm-none-eabi/14.2.1/../../../../arm-none-eabi/lib/thumb/v7e-m+dp/hard/libc_nano.a(libc_a-impure.o)
 .ARM.attributes
                0x00000d89       0x32 /Applications/ArmGNUToolchain/14.2.rel1/arm-none-eabi/bin/../lib/gcc/arm-none-eabi/14.2.1/../../../../arm-none-eabi/lib/thumb/v7e-m+dp/hard/libc_nano.a(libc_a-memcpy-stub.o)
 .ARM.attributes
                0x00000dbb       0x17 /Applications/ArmGNUToolchain/14.2.rel1/arm-none-eabi/bin/../lib/gcc/arm-none-eabi/14.2.1/../../../../arm-none-eabi/lib/thumb/v7e-m+dp/hard/libc_nano.a(libc_a-strlen.o)
 .ARM.attributes
                0x00000dd2       0x32 /Applications/ArmGNUToolchain/14.2.rel1/arm-none-eabi/bin/../lib/gcc/arm-none-eabi/14.2.1/../../../../arm-none-eabi/lib/thumb/v7e-m+dp/hard/libc_nano.a(libc_a-freer.o)
 .ARM.attributes
                0x00000e04       0x32 /Applications/ArmGNUToolchain/14.2.rel1/arm-none-eabi/bin/../lib/gcc/arm-none-eabi/14.2.1/../../../../arm-none-eabi/lib/thumb/v7e-m+dp/hard/libc_nano.a(libc_a-nano-svfprintf.o)
 .ARM.attributes
                0x00000e36       0x32 /Applications/ArmGNUToolchain/14.2.rel1/arm-none-eabi/bin/../lib/gcc/arm-none-eabi/14.2.1/../../../../arm-none-eabi/lib/thumb/v7e-m+dp/hard/libc_nano.a(libc_a-nano-vfprintf_i.o)
 .ARM.attributes
                0x00000e68       0x32 /Applications/ArmGNUToolchain/14.2.rel1/arm-none-eabi/bin/../lib/gcc/arm-none-eabi/14.2.1/../../../../arm-none-eabi/lib/thumb/v7e-m+dp/hard/libc_nano.a(libc_a-reallocr.o)
 .ARM.attributes
                0x00000e9a       0x32 /Applications/ArmGNUToolchain/14.2.rel1/arm-none-eabi/bin/../lib/gcc/arm-none-eabi/14.2.1/../../../../arm-none-eabi/lib/thumb/v7e-m+dp/hard/libc_nano.a(libc_a-memmove.o)
 .ARM.attributes
                0x00000ecc       0x1c /Applications/ArmGNUToolchain/14.2.rel1/arm-none-eabi/bin/../lib/gcc/arm-none-eabi/14.2.1/../../../../arm-none-eabi/lib/thumb/v7e-m+dp/hard/libc_nano.a(libc_a-memchr.o)
 .ARM.attributes
                0x00000ee8       0x32 /Applications/ArmGNUToolchain/14.2.rel1/arm-none-eabi/bin/../lib/gcc/arm-none-eabi/14.2.1/../../../../arm-none-eabi/lib/thumb/v7e-m+dp/hard/libc_nano.a(libc_a-msizer.o)
 .ARM.attributes
                0x00000f1a       0x20 /Applications/ArmGNUToolchain/14.2.rel1/arm-none-eabi/bin/../lib/gcc/arm-none-eabi/14.2.1/thumb/v7e-m+dp/hard/libgcc.a(_aeabi_uldivmod.o)
 .ARM.attributes