Archive member included to satisfy reference by file (symbol)

/Applications/ArmGNUToolchain/14.2.rel1/arm-none-eabi/bin/../lib/gcc/arm-none-eabi/14.2.1/../../../../arm-none-eabi/lib/thumb/v7e-m+dp/hard/libc_nano.a(libc_a-exit.o)
                              /Applications/ArmGNUToolchain/14.2.rel1/arm-none-eabi/bin/../lib/gcc/arm-none-eabi/14.2.1/../../../../arm-none-eabi/lib/thumb/v7e-m+dp/hard/crt0.o (exit)
/Applications/ArmGNUToolchain/14.2.rel1/arm-none-eabi/bin/../lib/gcc/arm-none-eabi/14.2.1/../../../../arm-none-eabi/lib/thumb/v7e-m+dp/hard/libc_nano.a(libc_a-malloc.o)
                              build/usbd_cdc.o (malloc)
/Applications/ArmGNUToolchain/14.2.rel1/arm-none-eabi/bin/../lib/gcc/arm-none-eabi/14.2.1/../../../../arm-none-eabi/lib/thumb/v7e-m+dp/hard/libc_nano.a(libc_a-mallocr.o)
                              /Applications/ArmGNUToolchain/14.2.rel1/arm-none-eabi/bin/../lib/gcc/arm-none-eabi/14.2.1/../../../../arm-none-eabi/lib/thumb/v7e-m+dp/hard/libc_nano.a(libc_a-malloc.o) (_malloc_r)
/Applications/ArmGNUToolchain/14.2.rel1/arm-none-eabi/bin/../lib/gcc/arm-none-eabi/14.2.1/../../../../arm-none-eabi/lib/thumb/v7e-m+dp/hard/libc_nano.a(libc_a-snprintf.o)
                              build/esp8266.o (snprintf)
/Applications/ArmGNUToolchain/14.2.rel1/arm-none-eabi/bin/../lib/gcc/arm-none-eabi/14.2.1/../../../../arm-none-eabi/lib/thumb/v7e-m+dp/hard/libc_nano.a(libc_a-mlock.o)
                              /Applications/ArmGNUToolchain/14.2.rel1/arm-none-eabi/bin/../lib/gcc/arm-none-eabi/14.2.1/../../../../arm-none-eabi/lib/thumb/v7e-m+dp/hard/libc_nano.a(libc_a-mallocr.o) (__malloc_lock)
/Applications/ArmGNUToolchain/14.2.rel1/arm-none-eabi/bin/../lib/gcc/arm-none-eabi/14.2.1/../../../../arm-none-eabi/lib/thumb/v7e-m+dp/hard/libc_nano.a(libc_a-sprintf.o)
                              build/freertos.o (sprintf)
/Applications/ArmGNUToolchain/14.2.rel1/arm-none-eabi/bin/../lib/gcc/arm-none-eabi/14.2.1/../../../../arm-none-eabi/lib/thumb/v7e-m+dp/hard/libc_nano.a(libc_a-findfp.o)
                              /Applications/ArmGNUToolchain/14.2.rel1/arm-none-eabi/bin/../lib/gcc/arm-none-eabi/14.2.1/../../../../arm-none-eabi/lib/thumb/v7e-m+dp/hard/libc_nano.a(libc_a-exit.o) (__stdio_exit_handler)
/Applications/ArmGNUToolchain/14.2.rel1/arm-none-eabi/bin/../lib/gcc/arm-none-eabi/14.2.1/../../../../arm-none-eabi/lib/thumb/v7e-m+dp/hard/libc_nano.a(libc_a-fwalk.o)
                              /Applications/ArmGNUToolchain/14.2.rel1/arm-none-eabi/bin/../lib/gcc/arm-none-eabi/14.2.1/../../../../arm-none-eabi/lib/thumb/v7e-m+dp/hard/libc_nano.a(libc_a-findfp.o) (_fwalk_sglue)
/Applications/ArmGNUToolchain/14.2.rel1/arm-none-eabi/bin/../lib/gcc/arm-none-eabi/14.2.1/../../../../arm-none-eabi/lib/thumb/v7e-m+dp/hard/libc_nano.a(libc_a-memset.o)
                              /Applications/ArmGNUToolchain/14.2.rel1/arm-none-eabi/bin/../lib/gcc/arm-none-eabi/14.2.1/../../../../arm-none-eabi/lib/thumb/v7e-m+dp/hard/crt0.o (memset)
/Applications/ArmGNUToolchain/14.2.rel1/arm-none-eabi/bin/../lib/gcc/arm-none-eabi/14.2.1/../../../../arm-none-eabi/lib/thumb/v7e-m+dp/hard/libc_nano.a(libc_a-strchr.o)
                              build/freertos.o (strchr)
/Applications/ArmGNUToolchain/14.2.rel1/arm-none-eabi/bin/../lib/gcc/arm-none-eabi/14.2.1/../../../../arm-none-eabi/lib/thumb/v7e-m+dp/hard/libc_nano.a(libc_a-strncmp.o)
                              build/freertos.o (strncmp)
/Applications/ArmGNUToolchain/14.2.rel1/arm-none-eabi/bin/../lib/gcc/arm-none-eabi/14.2.1/../../../../arm-none-eabi/lib/thumb/v7e-m+dp/hard/libc_nano.a(libc_a-strncpy.o)
                              build/freertos.o (strncpy)
/Applications/ArmGNUToolchain/14.2.rel1/arm-none-eabi/bin/../lib/gcc/arm-none-eabi/14.2.1/../../../../arm-none-eabi/lib/thumb/v7e-m+dp/hard/libc_nano.a(libc_a-strtok.o)
                              build/freertos.o (strtok)
/Applications/ArmGNUToolchain/14.2.rel1/arm-none-eabi/bin/../lib/gcc/arm-none-eabi/14.2.1/../../../../arm-none-eabi/lib/thumb/v7e-m+dp/hard/libc_nano.a(libc_a-strtok_r.o)
                              /Applications/ArmGNUToolchain/14.2.rel1/arm-none-eabi/bin/../lib/gcc/arm-none-eabi/14.2.1/../../../../arm-none-eabi/lib/thumb/v7e-m+dp/hard/libc_nano.a(libc_a-strtok.o) (__strtok_r)
/Applications/ArmGNUToolchain/14.2.rel1/arm-none-eabi/bin/../lib/gcc/arm-none-eabi/14.2.1/../../../../arm-none-eabi/lib/thumb/v7e-m+dp/hard/libc_nano.a(libc_a-strstr.o)
                              build/freertos.o (strstr)
/Applications/ArmGNUToolchain/14.2.rel1/arm-none-eabi/bin/../lib/gcc/arm-none-eabi/14.2.1/../../../../arm-none-eabi/lib/thumb/v7e-m+dp/hard/libc_nano.a(libc_a-sbrkr.o)
                              /Applications/ArmGNUToolchain/14.2.rel1/arm-none-eabi/bin/../lib/gcc/arm-none-eabi/14.2.1/../../../../arm-none-eabi/lib/thumb/v7e-m+dp/hard/libc_nano.a(libc_a-mallocr.o) (_sbrk_r)
[...]
Memory Configuration

Name             Origin             Length             Attributes
RAM              0x20000000         0x00080000         xrw
FLASH            0x08000000         0x00200000         xr
*default*        0x00000000         0xffffffff

Linker script and memory map

LOAD /Applications/ArmGNUToolchain/14.2.rel1/arm-none-eabi/bin/../lib/gcc/arm-none-eabi/14.2.1/thumb/v7e-m+dp/hard/crti.o
LOAD /Applications/ArmGNUToolchain/14.2.rel1/arm-none-eabi/bin/../lib/gcc/arm-none-eabi/14.2.1/thumb/v7e-m+dp/hard/crtbegin.o
LOAD /Applications/ArmGNUToolchain/14.2.rel1/arm-none-eabi/bin/../lib/gcc/arm-none-eabi/14.2.1/../../../../arm-none-eabi/lib/thumb/v7e-m+dp/hard/crt0.o
LOAD build/stm32f7xx_hal_timebase_tim.o
LOAD build/fmc.o
LOAD build/gpio.o
LOAD build/dsihost.o
LOAD build/ltdc.o
LOAD build/syscalls.o
LOAD build/i2c.o
LOAD build/stm32f7xx_it.o
LOAD build/freertos.o
LOAD build/main.o
LOAD build/system_stm32f7xx.o
LOAD build/sysmem.o
LOAD build/stm32f7xx_hal_msp.o
LOAD build/dma2d.o
LOAD build/crc.o
LOAD build/stm32f7xx_hal_rcc.o
LOAD build/stm32f7xx_hal_sram.o
LOAD build/stm32f7xx_hal_flash.o
LOAD build/stm32f7xx_hal_gpio.o
LOAD build/stm32f7xx_hal_nor.o
LOAD build/stm32f7xx_hal_i2c.o
LOAD build/stm32f7xx_hal_pcd.o
LOAD build/stm32f7xx_hal_ltdc.o
LOAD build/stm32f7xx_hal_tim.o
LOAD build/stm32f7xx_hal_exti.o
LOAD build/stm32f7xx_hal_crc.o
LOAD build/stm32f7xx_hal_i2c_ex.o
LOAD build/stm32f7xx_hal_nand.o
LOAD build/stm32f7xx_hal_pcd_ex.o
LOAD build/stm32f7xx_hal_tim_ex.o
LOAD build/stm32f7xx_hal_flash_ex.o
LOAD build/stm32f7xx_hal_dsi.o
LOAD build/stm32f7xx_hal.o
LOAD build/stm32f7xx_ll_usb.o
LOAD build/stm32f7xx_hal_ltdc_ex.o
LOAD build/stm32f7xx_ll_fmc.o
LOAD build/stm32f7xx_hal_uart_ex.o
LOAD build/stm32f7xx_hal_rcc_ex.o
LOAD build/stm32f7xx_hal_dma.o
LOAD build/stm32f7xx_hal_sdram.o
LOAD build/stm32f7xx_hal_cortex.o
LOAD build/stm32f7xx_hal_dma_ex.o
LOAD build/stm32f7xx_hal_pwr_ex.o
LOAD build/stm32f7xx_hal_crc_ex.o
LOAD build/stm32f7xx_hal_dma2d.o
LOAD build/stm32f7xx_hal_pwr.o
LOAD build/stm32f7xx_hal_uart.o
LOAD build/stm32f769i_discovery_eeprom.o
LOAD build/stm32f769i_discovery_sdram.o
LOAD build/stm32f769i_discovery_lcd.o
LOAD build/stm32f769i_discovery.o
LOAD build/stm32f769i_discovery_ts.o
LOAD build/esp8266.o
LOAD build/lan8742.o
LOAD build/ft6x06.o
LOAD build/dp83848.o
LOAD build/adv7533.o
LOAD build/otm8009a.o
LOAD build/wm8994.o
LOAD build/nt35510.o
LOAD build/app_touchgfx.o
LOAD build/usbd_ctlreq.o
LOAD build/usbd_core.o
LOAD build/usbd_ioreq.o
LOAD build/usbd_cdc.o
LOAD build/list.o
LOAD build/stream_buffer.o
LOAD build/port.o
LOAD build/heap_4.o
LOAD build/queue.o
LOAD build/timers.o
LOAD build/cmsis_os2.o
LOAD build/tasks.o
LOAD build/event_groups.o
LOAD build/croutine.o
LOAD build/usbd_cdc_if.o
LOAD build/usb_device.o
LOAD build/usbd_desc.o
LOAD build/usbd_conf.o
LOAD build/startup_stm32f769nihx.o
LOAD /Applications/ArmGNUToolchain/14.2.rel1/arm-none-eabi/bin/../lib/gcc/arm-none-eabi/14.2.1/../../../../arm-none-eabi/lib/thumb/v7e-m+dp/hard/libc_nano.a
LOAD /Applications/ArmGNUToolchain/14.2.rel1/arm-none-eabi/bin/../lib/gcc/arm-none-eabi/14.2.1/../../../../arm-none-eabi/lib/thumb/v7e-m+dp/hard/libm.a
LOAD /Applications/ArmGNUToolchain/14.2.rel1/arm-none-eabi/bin/../lib/gcc/arm-none-eabi/14.2.1/../../../../arm-none-eabi/lib/thumb/v7e-m+dp/hard/libnosys.a
START GROUP
LOAD /Applications/ArmGNUToolchain/14.2.rel1/arm-none-eabi/bin/../lib/gcc/arm-none-eabi/14.2.1/thumb/v7e-m+dp/hard/libgcc.a
LOAD /Applications/ArmGNUToolchain/14.2.rel1/arm-none-eabi/bin/../lib/gcc/arm-none-eabi/14.2.1/../../../../arm-none-eabi/lib/thumb/v7e-m+dp/hard/libc_nano.a
END GROUP
START GROUP
LOAD /Applications/ArmGNUToolchain/14.2.rel1/arm-none-eabi/bin/../lib/gcc/arm-none-eabi/14.2.1/thumb/v7e-m+dp/hard/libgcc.a
LOAD /Applications/ArmGNUToolchain/14.2.rel1/arm-none-eabi/bin/../lib/gcc/arm-none-eabi/14.2.1/../../../../arm-none-eabi/lib/thumb/v7e-m+dp/hard/libc_nano.a
END GROUP
LOAD /Applications/ArmGNUToolchain/14.2.rel1/arm-none-eabi/bin/../lib/gcc/arm-none-eabi/14.2.1/thumb/v7e-m+dp/hard/crtend.o
LOAD /Applications/ArmGNUToolchain/14.2.rel1/arm-none-eabi/bin/../lib/gcc/arm-none-eabi/14.2.1/thumb/v7e-m+dp/hard/crtn.o
                0x20080000                        _estack = (ORIGIN (RAM) + LENGTH (RAM))
                0x00000200                        _Min_Heap_Size = 0x200
                0x00000400                        _Min_Stack_Size = 0x400

.isr_vector     0x08000000      0x1f8
                0x08000000                        . = ALIGN (0x4)
 *(.isr_vector)
 .isr_vector    0x08000000      0x1f8 build/startup_stm32f769nihx.o
                0x08000000                g_pfnVectors
                0x080001f8                        . = ALIGN (0x4)

.text           0x08000200     0xca64
                0x08000200                        . = ALIGN (0x4)
 *(.text)
 .text          0x08000200       0x10 /Applications/ArmGNUToolchain/14.2.rel1/arm-none-eabi/bin/../lib/gcc/arm-none-eabi/14.2.1/../../../../arm-none-eabi/lib/thumb/v7e-m+dp/hard/libc_nano.a(libc_a-strlen.o)
                0x08000200                strlen
 .text          0x08000210       0xa0 /Applications/ArmGNUToolchain/14.2.rel1/arm-none-eabi/bin/../lib/gcc/arm-none-eabi/14.2.1/../../../../arm-none-eabi/lib/thumb/v7e-m+dp/hard/libc_nano.a(libc_a-memchr.o)
                0x08000210                memchr
 .text          0x080002b0       0x30 /Applications/ArmGNUToolchain/14.2.rel1/arm-none-eabi/bin/../lib/gcc/arm-none-eabi/14.2.1/thumb/v7e-m+dp/hard/libgcc.a(_aeabi_uldivmod.o)
                0x080002b0                __aeabi_uldivmod
 .text          0x080002e0        0x4 /Applications/ArmGNUToolchain/14.2.rel1/arm-none-eabi/bin/../lib/gcc/arm-none-eabi/14.2.1/thumb/v7e-m+dp/hard/libgcc.a(_dvmd_tls.o)
                0x080002e0                __aeabi_ldiv0
                0x080002e0                __aeabi_idiv0
 *(.text*)
 .text.deregister_tm_clones
                0x080002e4       0x1c /Applications/ArmGNUToolchain/14.2.rel1/arm-none-eabi/bin/../lib/gcc/arm-none-eabi/14.2.1/thumb/v7e-m+dp/hard/crtbegin.o
 .text.register_tm_clones
                0x08000300       0x24 /Applications/ArmGNUToolchain/14.2.rel1/arm-none-eabi/bin/../lib/gcc/arm-none-eabi/14.2.1/thumb/v7e-m+dp/hard/crtbegin.o
 .text.__do_global_dtors_aux
                0x08000324       0x28 /Applications/ArmGNUToolchain/14.2.rel1/arm-none-eabi/bin/../lib/gcc/arm-none-eabi/14.2.1/thumb/v7e-m+dp/hard/crtbegin.o
 .text.frame_dummy
                0x0800034c       0x24 /Applications/ArmGNUToolchain/14.2.rel1/arm-none-eabi/bin/../lib/gcc/arm-none-eabi/14.2.1/thumb/v7e-m+dp/hard/crtbegin.o
 .text.HAL_InitTick
                0x08000370       0xa0 build/stm32f7xx_hal_timebase_tim.o
                0x08000370                HAL_InitTick
 .text.HAL_FMC_MspInit
                0x08000410       0xf4 build/fmc.o
 .text.HAL_SDRAM_MspInit
                0x08000504        0x8 build/fmc.o
                0x08000504                HAL_SDRAM_MspInit
 .text.MX_GPIO_Init
                0x0800050c      0x52c build/gpio.o
                0x0800050c                MX_GPIO_Init
 .text.HAL_DSI_MspInit
                0x08000a38       0x64 build/dsihost.o
                0x08000a38                HAL_DSI_MspInit
 .text.HAL_DSI_MspDeInit
                0x08000a9c       0x2c build/dsihost.o
                0x08000a9c                HAL_DSI_MspDeInit
 .text.HAL_LTDC_MspInit
                0x08000ac8       0x68 build/ltdc.o
                0x08000ac8                HAL_LTDC_MspInit
 .text._getpid  0x08000b30        0x4 build/syscalls.o
                0x08000b30                _getpid
 .text._kill    0x08000b34       0x10 build/syscalls.o
                0x08000b34                _kill
 .text._exit    0x08000b44        0xc build/syscalls.o
                0x08000b44                _exit
 .text._read    0x08000b50       0x20 build/syscalls.o
                0x08000b50                _read
 .text._write   0x08000b70       0x1c build/syscalls.o
                0x08000b70                _write
 .text._close   0x08000b8c        0x6 build/syscalls.o
                0x08000b8c                _close
 .text._fstat   0x08000b92        0xa build/syscalls.o
                0x08000b92                _fstat
 .text._isatty  0x08000b9c        0x4 build/syscalls.o
                0x08000b9c                _isatty
 .text._lseek   0x08000ba0        0x4 build/syscalls.o
                0x08000ba0                _lseek
 .text.MX_I2C1_Init
                0x08000ba4       0x5c build/i2c.o
                0x08000ba4                MX_I2C1_Init
 .text.HAL_I2C_MspInit
                0x08000c00       0x8c build/i2c.o
                0x08000c00                HAL_I2C_MspInit
 .text.HAL_I2C_MspDeInit
                0x08000c8c       0x3c build/i2c.o
                0x08000c8c                HAL_I2C_MspDeInit
 .text.NMI_Handler
                0x08000cc8        0x2 build/stm32f7xx_it.o
                0x08000cc8                NMI_Handler
 *fill*         0x08000cca        0x2 
 .text.HardFault_Handler
                0x08000ccc       0x10 build/stm32f7xx_it.o
                0x08000ccc                HardFault_Handler
 .text.MemManage_Handler
                0x08000cdc        0x2 build/stm32f7xx_it.o
                0x08000cdc                MemManage_Handler
 .text.BusFault_Handler
                0x08000cde        0x2 build/stm32f7xx_it.o
                0x08000cde                BusFault_Handler
 .text.UsageFault_Handler
                0x08000ce0        0x2 build/stm32f7xx_it.o
                0x08000ce0                UsageFault_Handler
 .text.DebugMon_Handler
                0x08000ce2        0x2 build/stm32f7xx_it.o
                0x08000ce2                DebugMon_Handler
 .text.TIM6_DAC_IRQHandler
                0x08000ce4       0x10 build/stm32f7xx_it.o
                0x08000ce4                TIM6_DAC_IRQHandler
 .text.OTG_HS_IRQHandler
                0x08000cf4       0x10 build/stm32f7xx_it.o
                0x08000cf4                OTG_HS_IRQHandler
 .text.LTDC_IRQHandler
                0x08000d04       0x10 build/stm32f7xx_it.o
                0x08000d04                LTDC_IRQHandler
 .text.UART5_IRQHandler
                0x08000d14       0x48 build/stm32f7xx_it.o
                0x08000d14                UART5_IRQHandler
 .text.vApplicationIdleHook
                0x08000d5c        0x2 build/freertos.o
                0x08000d5c                vApplicationIdleHook
 .text.vApplicationStackOverflowHook
                0x08000d5e        0x2 build/freertos.o
                0x08000d5e                vApplicationStackOverflowHook
 .text.vApplicationMallocFailedHook
                0x08000d60        0x2 build/freertos.o
                0x08000d60                vApplicationMallocFailedHook
 *fill*         0x08000d62        0x2 
 .text.MX_FREERTOS_Init
                0x08000d64       0x38 build/freertos.o
                0x08000d64                MX_FREERTOS_Init
 .text.SanitizeASCII
                0x08000d9c       0x24 build/freertos.o
                0x08000d9c                SanitizeASCII
 .text.Safe_Transmit
                0x08000dc0       0x18 build/freertos.o
                0x08000dc0                Safe_Transmit
 .text.StartDefaultTask
                0x08000dd8      0x548 build/freertos.o
                0x08000dd8                StartDefaultTask
 .text.StartTouchTask
                0x08001320       0x5c build/freertos.o
                0x08001320                StartTouchTask
 .text.SCB_DisableICache
                0x0800137c       0x28 build/main.o
 .text.SCB_DisableDCache
                0x080013a4       0x5c build/main.o
 .text.UART_Read
                0x08001400       0x48 build/main.o
                0x08001400                UART_Read
 .text.HAL_TIM_PeriodElapsedCallback
                0x08001448       0x18 build/main.o
                0x08001448                HAL_TIM_PeriodElapsedCallback
 .text.Error_Handler
                0x08001460        0x4 build/main.o
                0x08001460                Error_Handler
 .text.SystemClock_Config
                0x08001464       0xe8 build/main.o
                0x08001464                SystemClock_Config
 .text.MX_UART5_Init
                0x0800154c       0x38 build/main.o
                0x0800154c                MX_UART5_Init
 .text.MPU_Config
                0x08001584       0x50 build/main.o
                0x08001584                MPU_Config
 .text.main     0x080015d4       0x80 build/main.o
                0x080015d4                main
 .text.SystemInit
                0x08001654       0x14 build/system_stm32f7xx.o
                0x08001654                SystemInit
 .text._sbrk    0x08001668       0x48 build/sysmem.o
                0x08001668                _sbrk
 .text.HAL_MspInit
                0x080016b0       0x40 build/stm32f7xx_hal_msp.o
                0x080016b0                HAL_MspInit
 .text.HAL_UART_MspInit
                0x080016f0       0xa8 build/stm32f7xx_hal_msp.o
                0x080016f0                HAL_UART_MspInit
 .text.MX_DMA2D_Init
                0x08001798       0x44 build/dma2d.o
                0x08001798                MX_DMA2D_Init
 .text.HAL_DMA2D_MspInit
                0x080017dc       0x2c build/dma2d.o
                0x080017dc                HAL_DMA2D_MspInit
 .text.MX_CRC_Init
                0x08001808       0x2c build/crc.o
                0x08001808                MX_CRC_Init
 .text.HAL_CRC_MspInit
                0x08001834       0x2c build/crc.o
                0x08001834                HAL_CRC_MspInit
 .text.HAL_RCC_OscConfig
                0x08001860      0x444 build/stm32f7xx_hal_rcc.o
                0x08001860                HAL_RCC_OscConfig
 .text.HAL_RCC_MCOConfig
                0x08001ca4       0x98 build/stm32f7xx_hal_rcc.o
                0x08001ca4                HAL_RCC_MCOConfig
 .text.HAL_RCC_GetSysClockFreq
                0x08001d3c       0xa8 build/stm32f7xx_hal_rcc.o
                0x08001d3c                HAL_RCC_GetSysClockFreq
 .text.HAL_RCC_ClockConfig
                0x08001de4      0x16c build/stm32f7xx_hal_rcc.o
                0x08001de4                HAL_RCC_ClockConfig
 .text.HAL_RCC_GetHCLKFreq
                0x08001f50        0xc build/stm32f7xx_hal_rcc.o
                0x08001f50                HAL_RCC_GetHCLKFreq
 .text.HAL_RCC_GetPCLK1Freq
                0x08001f5c       0x20 build/stm32f7xx_hal_rcc.o
                0x08001f5c                HAL_RCC_GetPCLK1Freq
 .text.HAL_RCC_GetPCLK2Freq
                0x08001f7c       0x20 build/stm32f7xx_hal_rcc.o
                0x08001f7c                HAL_RCC_GetPCLK2Freq
 .text.HAL_RCC_GetClockConfig
                0x08001f9c       0x3c build/stm32f7xx_hal_rcc.o
                0x08001f9c                HAL_RCC_GetClockConfig
 .text.HAL_GPIO_Init
                0x08001fd8      0x204 build/stm32f7xx_hal_gpio.o
                0x08001fd8                HAL_GPIO_Init
 .text.HAL_GPIO_DeInit
                0x080021dc      0x14c build/stm32f7xx_hal_gpio.o
                0x080021dc                HAL_GPIO_DeInit
 .text.HAL_GPIO_WritePin
                0x08002328        0xc build/stm32f7xx_hal_gpio.o
                0x08002328                HAL_GPIO_WritePin
 .text.I2C_Flush_TXDR
                0x08002334       0x22 build/stm32f7xx_hal_i2c.o
 .text.I2C_TransferConfig
                0x08002356       0x3c build/stm32f7xx_hal_i2c.o
 .text.I2C_IsErrorOccurred
                0x08002392      0x118 build/stm32f7xx_hal_i2c.o
 .text.I2C_WaitOnTXISFlagUntilTimeout
                0x080024aa       0x60 build/stm32f7xx_hal_i2c.o
 .text.I2C_WaitOnFlagUntilTimeout
                0x0800250a       0x7c build/stm32f7xx_hal_i2c.o
 *fill*         0x08002586        0x2 
 .text.I2C_RequestMemoryWrite
                0x08002588       0x7c build/stm32f7xx_hal_i2c.o
 .text.I2C_RequestMemoryRead
                0x08002604       0x78 build/stm32f7xx_hal_i2c.o
 .text.I2C_WaitOnSTOPFlagUntilTimeout
                0x0800267c       0x5e build/stm32f7xx_hal_i2c.o
 *fill*         0x080026da        0x2 
 .text.HAL_I2C_Init
                0x080026dc       0xc8 build/stm32f7xx_hal_i2c.o
                0x080026dc                HAL_I2C_Init
 .text.HAL_I2C_DeInit
                0x080027a4       0x32 build/stm32f7xx_hal_i2c.o
                0x080027a4                HAL_I2C_DeInit
 .text.HAL_I2C_Mem_Write
                0x080027d6      0x1a8 build/stm32f7xx_hal_i2c.o
                0x080027d6                HAL_I2C_Mem_Write
 *fill*         0x0800297e        0x2 
 .text.HAL_I2C_Mem_Read
                0x08002980      0x1b0 build/stm32f7xx_hal_i2c.o
                0x08002980                HAL_I2C_Mem_Read
 .text.HAL_I2C_GetState
                0x08002b30        0x6 build/stm32f7xx_hal_i2c.o
                0x08002b30                HAL_I2C_GetState
 .text.PCD_WriteEmptyTxFifo
                0x08002b36       0xd0 build/stm32f7xx_hal_pcd.o
 .text.HAL_PCD_Init
                0x08002c06      0x112 build/stm32f7xx_hal_pcd.o
                0x08002c06                HAL_PCD_Init
 .text.HAL_PCD_Start
                0x08002d18       0x2a build/stm32f7xx_hal_pcd.o
                0x08002d18                HAL_PCD_Start
 *fill*         0x08002d42        0x2 
 .text.PCD_EP_OutXfrComplete_int
                0x08002d44      0x104 build/stm32f7xx_hal_pcd.o
 .text.PCD_EP_OutSetupPacket_int
                0x08002e48       0x50 build/stm32f7xx_hal_pcd.o
 .text.HAL_PCD_SetAddress
                0x08002e98       0x26 build/stm32f7xx_hal_pcd.o
                0x08002e98                HAL_PCD_SetAddress
 .text.HAL_PCD_EP_Open
                0x08002ebe       0x8c build/stm32f7xx_hal_pcd.o
                0x08002ebe                HAL_PCD_EP_Open
 .text.HAL_PCD_EP_Close
                0x08002f4a       0x70 build/stm32f7xx_hal_pcd.o
                0x08002f4a                HAL_PCD_EP_Close
 .text.HAL_PCD_EP_Receive
                0x08002fba       0x4a build/stm32f7xx_hal_pcd.o
                0x08002fba                HAL_PCD_EP_Receive
 .text.HAL_PCD_EP_GetRxCount
                0x08003004       0x12 build/stm32f7xx_hal_pcd.o
                0x08003004                HAL_PCD_EP_GetRxCount
 .text.HAL_PCD_EP_Transmit
                0x08003016       0x4a build/stm32f7xx_hal_pcd.o
                0x08003016                HAL_PCD_EP_Transmit
 .text.HAL_PCD_EP_SetStall
                0x08003060       0x86 build/stm32f7xx_hal_pcd.o
                0x08003060                HAL_PCD_EP_SetStall
 .text.HAL_PCD_EP_ClrStall
                0x080030e6       0x74 build/stm32f7xx_hal_pcd.o
                0x080030e6                HAL_PCD_EP_ClrStall
 .text.HAL_PCD_EP_Abort
                0x0800315a       0x34 build/stm32f7xx_hal_pcd.o
                0x0800315a                HAL_PCD_EP_Abort
 .text.HAL_PCD_IRQHandler
                0x0800318e      0x600 build/stm32f7xx_hal_pcd.o
                0x0800318e                HAL_PCD_IRQHandler
 *fill*         0x0800378e        0x2 
 .text.LTDC_SetConfig
                0x08003790      0x18c build/stm32f7xx_hal_ltdc.o
 .text.HAL_LTDC_Init
                0x0800391c       0xbc build/stm32f7xx_hal_ltdc.o
                0x0800391c                HAL_LTDC_Init
 .text.HAL_LTDC_ErrorCallback
                0x080039d8        0x2 build/stm32f7xx_hal_ltdc.o
                0x080039d8                HAL_LTDC_ErrorCallback
 .text.HAL_LTDC_LineEventCallback
                0x080039da        0x2 build/stm32f7xx_hal_ltdc.o
                0x080039da                HAL_LTDC_LineEventCallback
 .text.HAL_LTDC_ReloadEventCallback
                0x080039dc        0x2 build/stm32f7xx_hal_ltdc.o
                0x080039dc                HAL_LTDC_ReloadEventCallback
 .text.HAL_LTDC_IRQHandler
                0x080039de       0xda build/stm32f7xx_hal_ltdc.o
                0x080039de                HAL_LTDC_IRQHandler
 .text.HAL_LTDC_ConfigLayer
                0x08003ab8       0x68 build/stm32f7xx_hal_ltdc.o
                0x08003ab8                HAL_LTDC_ConfigLayer
 .text.HAL_TIM_Base_MspInit
                0x08003b20        0x2 build/stm32f7xx_hal_tim.o
                0x08003b20                HAL_TIM_Base_MspInit
 *fill*         0x08003b22        0x2 
 .text.HAL_TIM_Base_Start_IT
                0x08003b24       0x90 build/stm32f7xx_hal_tim.o
                0x08003b24                HAL_TIM_Base_Start_IT
 .text.HAL_TIM_OC_DelayElapsedCallback
                0x08003bb4        0x2 build/stm32f7xx_hal_tim.o
                0x08003bb4                HAL_TIM_OC_DelayElapsedCallback
 .text.HAL_TIM_IC_CaptureCallback
                0x08003bb6        0x2 build/stm32f7xx_hal_tim.o
                0x08003bb6                HAL_TIM_IC_CaptureCallback
 .text.HAL_TIM_PWM_PulseFinishedCallback
                0x08003bb8        0x2 build/stm32f7xx_hal_tim.o
                0x08003bb8                HAL_TIM_PWM_PulseFinishedCallback
 .text.HAL_TIM_TriggerCallback
                0x08003bba        0x2 build/stm32f7xx_hal_tim.o
                0x08003bba                HAL_TIM_TriggerCallback
 .text.HAL_TIM_IRQHandler
                0x08003bbc      0x17a build/stm32f7xx_hal_tim.o
                0x08003bbc                HAL_TIM_IRQHandler
 *fill*         0x08003d36        0x2 
 .text.TIM_Base_SetConfig
                0x08003d38      0x114 build/stm32f7xx_hal_tim.o
                0x08003d38                TIM_Base_SetConfig
 .text.HAL_TIM_Base_Init
                0x08003e4c       0x60 build/stm32f7xx_hal_tim.o
                0x08003e4c                HAL_TIM_Base_Init
 .text.HAL_CRC_Init
                0x08003eac       0x80 build/stm32f7xx_hal_crc.o
                0x08003eac                HAL_CRC_Init
 .text.HAL_I2CEx_ConfigAnalogFilter
                0x08003f2c       0x5a build/stm32f7xx_hal_i2c_ex.o
                0x08003f2c                HAL_I2CEx_ConfigAnalogFilter
 .text.HAL_I2CEx_ConfigDigitalFilter
                0x08003f86       0x56 build/stm32f7xx_hal_i2c_ex.o
                0x08003f86                HAL_I2CEx_ConfigDigitalFilter
 .text.HAL_PCDEx_SetTxFiFo
                0x08003fdc       0x4c build/stm32f7xx_hal_pcd_ex.o
                0x08003fdc                HAL_PCDEx_SetTxFiFo
 .text.HAL_PCDEx_SetRxFiFo
                0x08004028        0x8 build/stm32f7xx_hal_pcd_ex.o
                0x08004028                HAL_PCDEx_SetRxFiFo
 .text.HAL_PCDEx_ActivateLPM
                0x08004030       0x28 build/stm32f7xx_hal_pcd_ex.o
                0x08004030                HAL_PCDEx_ActivateLPM
 .text.HAL_TIMEx_CommutCallback
                0x08004058        0x2 build/stm32f7xx_hal_tim_ex.o
                0x08004058                HAL_TIMEx_CommutCallback
 .text.HAL_TIMEx_BreakCallback
                0x0800405a        0x2 build/stm32f7xx_hal_tim_ex.o
                0x0800405a                HAL_TIMEx_BreakCallback
 .text.HAL_TIMEx_Break2Callback
                0x0800405c        0x2 build/stm32f7xx_hal_tim_ex.o
                0x0800405c                HAL_TIMEx_Break2Callback
 .text.DSI_ConfigPacketHeader
                0x0800405e       0x12 build/stm32f7xx_hal_dsi.o
 .text.DSI_ShortWrite
                0x08004070       0x42 build/stm32f7xx_hal_dsi.o
 *fill*         0x080040b2        0x2 
 .text.HAL_DSI_Init
                0x080040b4      0x220 build/stm32f7xx_hal_dsi.o
                0x080040b4                HAL_DSI_Init
 .text.HAL_DSI_DeInit
                0x080042d4       0x9e build/stm32f7xx_hal_dsi.o
                0x080042d4                HAL_DSI_DeInit
 *fill*         0x08004372        0x2 
 .text.HAL_DSI_ConfigVideoMode
                0x08004374      0x260 build/stm32f7xx_hal_dsi.o
                0x08004374                HAL_DSI_ConfigVideoMode
 .text.HAL_DSI_ConfigFlowControl
                0x080045d4       0x28 build/stm32f7xx_hal_dsi.o
                0x080045d4                HAL_DSI_ConfigFlowControl
 .text.HAL_DSI_Start
                0x080045fc       0x4e build/stm32f7xx_hal_dsi.o
                0x080045fc                HAL_DSI_Start
 .text.HAL_DSI_Stop
                0x0800464a       0x4e build/stm32f7xx_hal_dsi.o
                0x0800464a                HAL_DSI_Stop
 .text.HAL_DSI_ShortWrite
                0x08004698       0x26 build/stm32f7xx_hal_dsi.o
                0x08004698                HAL_DSI_ShortWrite
 .text.HAL_DSI_LongWrite
                0x080046be       0xc0 build/stm32f7xx_hal_dsi.o
                0x080046be                HAL_DSI_LongWrite
 .text.HAL_DSI_Read
                0x0800477e      0x110 build/stm32f7xx_hal_dsi.o
                0x0800477e                HAL_DSI_Read
 .text.HAL_Init
                0x0800488e       0x16 build/stm32f7xx_hal.o
                0x0800488e                HAL_Init
 .text.HAL_IncTick
                0x080048a4       0x18 build/stm32f7xx_hal.o
                0x080048a4                HAL_IncTick
 .text.HAL_GetTick
                0x080048bc        0xc build/stm32f7xx_hal.o
                0x080048bc                HAL_GetTick
 .text.HAL_Delay
                0x080048c8       0x28 build/stm32f7xx_hal.o
                0x080048c8                HAL_Delay
 .text.USB_CoreReset
                0x080048f0       0x58 build/stm32f7xx_ll_usb.o
 .text.USB_CoreInit
                0x08004948       0x84 build/stm32f7xx_ll_usb.o
                0x08004948                USB_CoreInit
 .text.USB_SetTurnaroundTime
                0x080049cc       0xe4 build/stm32f7xx_ll_usb.o
                0x080049cc                USB_SetTurnaroundTime
 .text.USB_EnableGlobalInt
                0x08004ab0        0xc build/stm32f7xx_ll_usb.o
                0x08004ab0                USB_EnableGlobalInt
 .text.USB_DisableGlobalInt
                0x08004abc        0xc build/stm32f7xx_ll_usb.o
                0x08004abc                USB_DisableGlobalInt
 .text.USB_FlushTxFifo
                0x08004ac8       0x4a build/stm32f7xx_ll_usb.o
                0x08004ac8                USB_FlushTxFifo
 .text.USB_FlushRxFifo
                0x08004b12       0x46 build/stm32f7xx_ll_usb.o
                0x08004b12                USB_FlushRxFifo
 .text.USB_SetDevSpeed
                0x08004b58        0xe build/stm32f7xx_ll_usb.o
                0x08004b58                USB_SetDevSpeed
 *fill*         0x08004b66        0x2 
 .text.USB_DevInit
                0x08004b68      0x190 build/stm32f7xx_ll_usb.o
                0x08004b68                USB_DevInit
 .text.USB_GetDevSpeed
                0x08004cf8       0x22 build/stm32f7xx_ll_usb.o
                0x08004cf8                USB_GetDevSpeed
 *fill*         0x08004d1a        0x2 
 .text.USB_ActivateEndpoint
                0x08004d1c       0x98 build/stm32f7xx_ll_usb.o
                0x08004d1c                USB_ActivateEndpoint
 .text.USB_DeactivateEndpoint
                0x08004db4       0xe0 build/stm32f7xx_ll_usb.o
                0x08004db4                USB_DeactivateEndpoint
 .text.USB_EPStopXfer
                0x08004e94       0xbe build/stm32f7xx_ll_usb.o
                0x08004e94                USB_EPStopXfer
 .text.USB_WritePacket
                0x08004f52       0x2e build/stm32f7xx_ll_usb.o
                0x08004f52                USB_WritePacket
 .text.USB_EPStartXfer
                0x08004f80      0x244 build/stm32f7xx_ll_usb.o
                0x08004f80                USB_EPStartXfer
 .text.USB_ReadPacket
                0x080051c4       0x46 build/stm32f7xx_ll_usb.o
                0x080051c4                USB_ReadPacket
 .text.USB_EPSetStall
                0x0800520a       0x5a build/stm32f7xx_ll_usb.o
                0x0800520a                USB_EPSetStall
 .text.USB_EPClearStall
                0x08005264       0x5c build/stm32f7xx_ll_usb.o
                0x08005264                USB_EPClearStall
 .text.USB_SetDevAddress
                0x080052c0       0x20 build/stm32f7xx_ll_usb.o
                0x080052c0                USB_SetDevAddress
 .text.USB_DevConnect
                0x080052e0       0x1c build/stm32f7xx_ll_usb.o
                0x080052e0                USB_DevConnect
 .text.USB_DevDisconnect
                0x080052fc       0x1c build/stm32f7xx_ll_usb.o
                0x080052fc                USB_DevDisconnect
 .text.USB_ReadInterrupts
                0x08005318        0x8 build/stm32f7xx_ll_usb.o
                0x08005318                USB_ReadInterrupts
 .text.USB_ReadDevAllOutEpInterrupt
                0x08005320       0x10 build/stm32f7xx_ll_usb.o
                0x08005320                USB_ReadDevAllOutEpInterrupt
 .text.USB_ReadDevAllInEpInterrupt
                0x08005330       0x10 build/stm32f7xx_ll_usb.o
                0x08005330                USB_ReadDevAllInEpInterrupt
 .text.USB_ReadDevOutEPInterrupt
                0x08005340       0x12 build/stm32f7xx_ll_usb.o
                0x08005340                USB_ReadDevOutEPInterrupt
 .text.USB_ReadDevInEPInterrupt
                0x08005352       0x24 build/stm32f7xx_ll_usb.o
                0x08005352                USB_ReadDevInEPInterrupt
 .text.USB_GetMode
                0x08005376        0x8 build/stm32f7xx_ll_usb.o
                0x08005376                USB_GetMode
 .text.USB_SetCurrentMode
                0x0800537e       0x62 build/stm32f7xx_ll_usb.o
                0x0800537e                USB_SetCurrentMode
 .text.USB_ActivateSetup
                0x080053e0       0x1c build/stm32f7xx_ll_usb.o
                0x080053e0                USB_ActivateSetup
 .text.USB_EP0_OutStart
                0x080053fc       0x60 build/stm32f7xx_ll_usb.o
                0x080053fc                USB_EP0_OutStart
 .text.HAL_LTDCEx_StructInitFromVideoConfig
                0x0800545c       0x5a build/stm32f7xx_hal_ltdc_ex.o
                0x0800545c                HAL_LTDCEx_StructInitFromVideoConfig
 .text.FMC_SDRAM_Init
                0x080054b6       0x70 build/stm32f7xx_ll_fmc.o
                0x080054b6                FMC_SDRAM_Init
 *fill*         0x08005526        0x2 
 .text.FMC_SDRAM_Timing_Init
                0x08005528       0xa8 build/stm32f7xx_ll_fmc.o
                0x08005528                FMC_SDRAM_Timing_Init
 .text.FMC_SDRAM_SendCommand
                0x080055d0       0x2a build/stm32f7xx_ll_fmc.o
                0x080055d0                FMC_SDRAM_SendCommand
 .text.FMC_SDRAM_ProgramRefreshRate
                0x080055fa       0x10 build/stm32f7xx_ll_fmc.o
                0x080055fa                FMC_SDRAM_ProgramRefreshRate
 *fill*         0x0800560a        0x2 
 .text.HAL_RCCEx_PeriphCLKConfig
                0x0800560c      0x600 build/stm32f7xx_hal_rcc_ex.o
                0x0800560c                HAL_RCCEx_PeriphCLKConfig
 .text.DMA_CalcBaseAndBitshift
                0x08005c0c       0x3c build/stm32f7xx_hal_dma.o
 .text.DMA_CheckFifoParam
                0x08005c48       0x8e build/stm32f7xx_hal_dma.o
 *fill*         0x08005cd6        0x2 
 .text.HAL_DMA_Init
                0x08005cd8       0xd0 build/stm32f7xx_hal_dma.o
                0x08005cd8                HAL_DMA_Init
 .text.HAL_DMA_DeInit
                0x08005da8       0x64 build/stm32f7xx_hal_dma.o
                0x08005da8                HAL_DMA_DeInit
 .text.HAL_SDRAM_Init
                0x08005e0c       0x40 build/stm32f7xx_hal_sdram.o
                0x08005e0c                HAL_SDRAM_Init
 .text.HAL_SDRAM_SendCommand
                0x08005e4c       0x42 build/stm32f7xx_hal_sdram.o
                0x08005e4c                HAL_SDRAM_SendCommand
 .text.HAL_SDRAM_ProgramRefreshRate
                0x08005e8e       0x30 build/stm32f7xx_hal_sdram.o
                0x08005e8e                HAL_SDRAM_ProgramRefreshRate
 *fill*         0x08005ebe        0x2 
 .text.__NVIC_SetPriority
                0x08005ec0       0x24 build/stm32f7xx_hal_cortex.o
 .text.NVIC_EncodePriority
                0x08005ee4       0x3e build/stm32f7xx_hal_cortex.o
 *fill*         0x08005f22        0x2 
 .text.HAL_NVIC_SetPriorityGrouping
                0x08005f24       0x24 build/stm32f7xx_hal_cortex.o
                0x08005f24                HAL_NVIC_SetPriorityGrouping
 .text.HAL_NVIC_SetPriority
                0x08005f48       0x20 build/stm32f7xx_hal_cortex.o
                0x08005f48                HAL_NVIC_SetPriority
 .text.HAL_NVIC_EnableIRQ
                0x08005f68       0x1c build/stm32f7xx_hal_cortex.o
                0x08005f68                HAL_NVIC_EnableIRQ
 .text.HAL_MPU_Disable
                0x08005f84       0x1c build/stm32f7xx_hal_cortex.o
                0x08005f84                HAL_MPU_Disable
 .text.HAL_MPU_Enable
                0x08005fa0       0x20 build/stm32f7xx_hal_cortex.o
                0x08005fa0                HAL_MPU_Enable
 .text.HAL_MPU_ConfigRegion
                0x08005fc0       0x58 build/stm32f7xx_hal_cortex.o
                0x08005fc0                HAL_MPU_ConfigRegion
 .text.HAL_PWREx_EnableOverDrive
                0x08006018       0x7c build/stm32f7xx_hal_pwr_ex.o
                0x08006018                HAL_PWREx_EnableOverDrive
 .text.HAL_CRCEx_Polynomial_Set
                0x08006094       0x78 build/stm32f7xx_hal_crc_ex.o
                0x08006094                HAL_CRCEx_Polynomial_Set
 .text.DMA2D_SetConfig
                0x0800610c       0x8e build/stm32f7xx_hal_dma2d.o
 .text.HAL_DMA2D_Init
                0x0800619a       0x6e build/stm32f7xx_hal_dma2d.o
                0x0800619a                HAL_DMA2D_Init
 .text.HAL_DMA2D_Start
                0x08006208       0x38 build/stm32f7xx_hal_dma2d.o
                0x08006208                HAL_DMA2D_Start
 .text.HAL_DMA2D_PollForTransfer
                0x08006240      0x13e build/stm32f7xx_hal_dma2d.o
                0x08006240                HAL_DMA2D_PollForTransfer
 *fill*         0x0800637e        0x2 
 .text.HAL_DMA2D_ConfigLayer
                0x08006380       0xe0 build/stm32f7xx_hal_dma2d.o
                0x08006380                HAL_DMA2D_ConfigLayer
 .text.HAL_PWR_EnableBkUpAccess
                0x08006460       0x10 build/stm32f7xx_hal_pwr.o
                0x08006460                HAL_PWR_EnableBkUpAccess
 .text.UART_SetConfig
                0x08006470       0xc0 build/stm32f7xx_hal_uart.o
 .text.UART_WaitOnFlagUntilTimeout
                0x08006530       0x44 build/stm32f7xx_hal_uart.o
 .text.HAL_UART_Init
                0x08006574       0x5e build/stm32f7xx_hal_uart.o
                0x08006574                HAL_UART_Init
 .text.HAL_UART_Transmit
                0x080065d2       0xb6 build/stm32f7xx_hal_uart.o
                0x080065d2                HAL_UART_Transmit
 .text.BSP_SDRAM_Initialization_sequence
                0x08006688       0x9c build/stm32f769i_discovery_sdram.o
                0x08006688                BSP_SDRAM_Initialization_sequence
 .text.BSP_SDRAM_MspInit
                0x08006724      0x17c build/stm32f769i_discovery_sdram.o
                0x08006724                BSP_SDRAM_MspInit
 .text.BSP_SDRAM_Init
                0x080068a0       0x80 build/stm32f769i_discovery_sdram.o
                0x080068a0                BSP_SDRAM_Init
 .text.LCD_IO_GetID
                0x08006920        0x4 build/stm32f769i_discovery_lcd.o
 .text.Driver_Type
                0x08006924       0x1e build/stm32f769i_discovery_lcd.o
 *fill*         0x08006942        0x2 
 .text.LL_FillBuffer
                0x08006944       0x5c build/stm32f769i_discovery_lcd.o
 .text.BSP_LCD_Reset
                0x080069a0       0x60 build/stm32f769i_discovery_lcd.o
                0x080069a0                BSP_LCD_Reset
 .text.BSP_LCD_GetXSize
                0x08006a00        0xc build/stm32f769i_discovery_lcd.o
                0x08006a00                BSP_LCD_GetXSize
 .text.BSP_LCD_GetYSize
                0x08006a0c        0xc build/stm32f769i_discovery_lcd.o
                0x08006a0c                BSP_LCD_GetYSize
 .text.BSP_LCD_LayerDefaultInit
                0x08006a18       0x84 build/stm32f769i_discovery_lcd.o
                0x08006a18                BSP_LCD_LayerDefaultInit
 .text.BSP_LCD_SelectLayer
                0x08006a9c        0xc build/stm32f769i_discovery_lcd.o
                0x08006a9c                BSP_LCD_SelectLayer
 .text.BSP_LCD_SetLayerVisible
                0x08006aa8       0x40 build/stm32f769i_discovery_lcd.o
                0x08006aa8                BSP_LCD_SetLayerVisible
 .text.BSP_LCD_SetTextColor
                0x08006ae8       0x18 build/stm32f769i_discovery_lcd.o
                0x08006ae8                BSP_LCD_SetTextColor
 .text.BSP_LCD_SetFont
                0x08006b00       0x1c build/stm32f769i_discovery_lcd.o
                0x08006b00                BSP_LCD_SetFont
 .text.BSP_LCD_FillRect
                0x08006b1c       0x68 build/stm32f769i_discovery_lcd.o
                0x08006b1c                BSP_LCD_FillRect
 .text.BSP_LCD_DisplayOn
                0x08006b84       0x24 build/stm32f769i_discovery_lcd.o
                0x08006b84                BSP_LCD_DisplayOn
 .text.DSI_IO_WriteCmd
                0x08006ba8       0x38 build/stm32f769i_discovery_lcd.o
                0x08006ba8                DSI_IO_WriteCmd
 .text.DSI_IO_ReadCmd
                0x08006be0       0x2c build/stm32f769i_discovery_lcd.o
                0x08006be0                DSI_IO_ReadCmd
 .text.BSP_LCD_MspInit
                0x08006c0c       0xa8 build/stm32f769i_discovery_lcd.o
                0x08006c0c                BSP_LCD_MspInit
 .text.BSP_LCD_InitEx
                0x08006cb4      0x1ec build/stm32f769i_discovery_lcd.o
                0x08006cb4                BSP_LCD_InitEx
 .text.BSP_LCD_Init
                0x08006ea0        0xa build/stm32f769i_discovery_lcd.o
                0x08006ea0                BSP_LCD_Init
 *fill*         0x08006eaa        0x2 
 .text.BSP_LCD_DrawPixel
                0x08006eac       0x3c build/stm32f769i_discovery_lcd.o
                0x08006eac                BSP_LCD_DrawPixel
 .text.DrawChar
                0x08006ee8       0xe8 build/stm32f769i_discovery_lcd.o
 .text.BSP_LCD_DisplayChar
                0x08006fd0       0x38 build/stm32f769i_discovery_lcd.o
                0x08006fd0                BSP_LCD_DisplayChar
 .text.BSP_LCD_DisplayStringAt
                0x08007008       0xd0 build/stm32f769i_discovery_lcd.o
                0x08007008                BSP_LCD_DisplayStringAt
 .text.I2Cx_MspInit
                0x080070d8      0x140 build/stm32f769i_discovery.o
 .text.I2Cx_Init
                0x08007218       0x4c build/stm32f769i_discovery.o
 .text.I2Cx_Error
                0x08007264       0x10 build/stm32f769i_discovery.o
 .text.I2Cx_WriteMultiple
                0x08007274       0x30 build/stm32f769i_discovery.o
 .text.I2Cx_ReadMultiple
                0x080072a4       0x30 build/stm32f769i_discovery.o
 .text.TS_IO_Init
                0x080072d4       0x10 build/stm32f769i_discovery.o
                0x080072d4                TS_IO_Init
 .text.TS_IO_Write
                0x080072e4       0x28 build/stm32f769i_discovery.o
                0x080072e4                TS_IO_Write
 .text.TS_IO_Read
                0x0800730c       0x2c build/stm32f769i_discovery.o
                0x0800730c                TS_IO_Read
 .text.TS_IO_ReadMultiple
                0x08007338       0x20 build/stm32f769i_discovery.o
                0x08007338                TS_IO_ReadMultiple
 .text.OTM8009A_IO_Delay
                0x08007358        0x8 build/stm32f769i_discovery.o
                0x08007358                OTM8009A_IO_Delay
 .text.NT35510_IO_Delay
                0x08007360        0x8 build/stm32f769i_discovery.o
                0x08007360                NT35510_IO_Delay
 .text.BSP_TS_Init
                0x08007368       0x84 build/stm32f769i_discovery_ts.o
                0x08007368                BSP_TS_Init
 .text.BSP_TS_GetState
                0x080073ec      0x114 build/stm32f769i_discovery_ts.o
                0x080073ec                BSP_TS_GetState
 .text.ESP8266_SendCommand
                0x08007500       0x34 build/esp8266.o
                0x08007500                ESP8266_SendCommand
 .text.ESP8266_Init
                0x08007534       0x24 build/esp8266.o
                0x08007534                ESP8266_Init
 .text.ESP8266_WaitFor
                0x08007558       0x64 build/esp8266.o
                0x08007558                ESP8266_WaitFor
 .text.ft6x06_Reset
                0x080075bc        0x2 build/ft6x06.o
                0x080075bc                ft6x06_Reset
 .text.ft6x06_TS_ITStatus
                0x080075be        0x4 build/ft6x06.o
                0x080075be                ft6x06_TS_ITStatus
 .text.ft6x06_TS_ClearIT
                0x080075c2        0x2 build/ft6x06.o
                0x080075c2                ft6x06_TS_ClearIT
 .text.ft6x06_GetInstance
                0x080075c4       0x20 build/ft6x06.o
 .text.ft6x06_Init
                0x080075e4       0x28 build/ft6x06.o
                0x080075e4                ft6x06_Init
 .text.ft6x06_ReadID
                0x0800760c       0x12 build/ft6x06.o
                0x0800760c                ft6x06_ReadID
 *fill*         0x0800761e        0x2 
 .text.ft6x06_TS_DetectTouch
                0x08007620       0x4c build/ft6x06.o
                0x08007620                ft6x06_TS_DetectTouch
 .text.ft6x06_TS_GetXY
                0x0800766c       0x64 build/ft6x06.o
                0x0800766c                ft6x06_TS_GetXY
 .text.ft6x06_TS_EnableIT
                0x080076d0        0xe build/ft6x06.o
                0x080076d0                ft6x06_TS_EnableIT
 .text.ft6x06_TS_DisableIT
                0x080076de        0xe build/ft6x06.o
                0x080076de                ft6x06_TS_DisableIT
 .text.ft6x06_TS_Start
                0x080076ec        0x8 build/ft6x06.o
                0x080076ec                ft6x06_TS_Start
 .text.OTM8009A_Init
                0x080076f4      0x4c4 build/otm8009a.o
                0x080076f4                OTM8009A_Init
 .text.OTM8009A_ReadID
                0x08007bb8       0x20 build/otm8009a.o
                0x08007bb8                OTM8009A_ReadID
 .text.NT35510_Init
                0x08007bd8      0x2f0 build/nt35510.o
                0x08007bd8                NT35510_Init
 .text.NT35510_ReadID
                0x08007ec8       0x20 build/nt35510.o
                0x08007ec8                NT35510_ReadID
 .text.USBD_GetLen
                0x08007ee8       0x14 build/usbd_ctlreq.o
 .text.USBD_ParseSetupRequest
                0x08007efc       0x28 build/usbd_ctlreq.o
                0x08007efc                USBD_ParseSetupRequest
 .text.USBD_CtlError
                0x08007f24       0x14 build/usbd_ctlreq.o
                0x08007f24                USBD_CtlError
 .text.USBD_GetDescriptor
                0x08007f38      0x1ac build/usbd_ctlreq.o
 .text.USBD_SetAddress
                0x080080e4       0x4e build/usbd_ctlreq.o
 *fill*         0x08008132        0x2 
 .text.USBD_SetConfig
                0x08008134       0xcc build/usbd_ctlreq.o
 .text.USBD_GetConfig
                0x08008200       0x40 build/usbd_ctlreq.o
 .text.USBD_GetStatus
                0x08008240       0x38 build/usbd_ctlreq.o
 .text.USBD_SetFeature
                0x08008278       0x2a build/usbd_ctlreq.o
 .text.USBD_ClrFeature
                0x080082a2       0x26 build/usbd_ctlreq.o
 .text.USBD_StdDevReq
                0x080082c8       0x76 build/usbd_ctlreq.o
                0x080082c8                USBD_StdDevReq
 .text.USBD_StdItfReq
                0x0800833e       0x84 build/usbd_ctlreq.o
                0x0800833e                USBD_StdItfReq
 .text.USBD_StdEPReq
                0x080083c2      0x23c build/usbd_ctlreq.o
                0x080083c2                USBD_StdEPReq
 .text.USBD_GetString
                0x080085fe       0x46 build/usbd_ctlreq.o
                0x080085fe                USBD_GetString
 .text.USBD_Init
                0x08008644       0x2e build/usbd_core.o
                0x08008644                USBD_Init
 .text.USBD_RegisterClass
                0x08008672       0x40 build/usbd_core.o
                0x08008672                USBD_RegisterClass
 .text.USBD_Start
                0x080086b2        0x8 build/usbd_core.o
                0x080086b2                USBD_Start
 .text.USBD_SetClassConfig
                0x080086ba       0x12 build/usbd_core.o
                0x080086ba                USBD_SetClassConfig
 .text.USBD_ClrClassConfig
                0x080086cc       0x12 build/usbd_core.o
                0x080086cc                USBD_ClrClassConfig
 .text.USBD_LL_SetupStage
                0x080086de       0x58 build/usbd_core.o
                0x080086de                USBD_LL_SetupStage
 .text.USBD_LL_Reset
                0x08008736       0x66 build/usbd_core.o
                0x08008736                USBD_LL_Reset
 .text.USBD_LL_SetSpeed
                0x0800879c        0x6 build/usbd_core.o
                0x0800879c                USBD_LL_SetSpeed
 .text.USBD_LL_Suspend
                0x080087a2       0x1c build/usbd_core.o
                0x080087a2                USBD_LL_Suspend
 .text.USBD_LL_Resume
                0x080087be       0x18 build/usbd_core.o
                0x080087be                USBD_LL_Resume
 .text.USBD_LL_SOF
                0x080087d6       0x20 build/usbd_core.o
                0x080087d6                USBD_LL_SOF
 .text.USBD_LL_IsoINIncomplete
                0x080087f6       0x2c build/usbd_core.o
                0x080087f6                USBD_LL_IsoINIncomplete
 .text.USBD_LL_IsoOUTIncomplete
                0x08008822       0x2c build/usbd_core.o
                0x08008822                USBD_LL_IsoOUTIncomplete
 .text.USBD_LL_DevConnected
                0x0800884e        0x4 build/usbd_core.o
                0x0800884e                USBD_LL_DevConnected
 .text.USBD_LL_DevDisconnected
                0x08008852       0x20 build/usbd_core.o
                0x08008852                USBD_LL_DevDisconnected
 .text.USBD_CoreFindIF
                0x08008872        0x4 build/usbd_core.o
                0x08008872                USBD_CoreFindIF
 .text.USBD_CoreFindEP
                0x08008876        0x4 build/usbd_core.o
                0x08008876                USBD_CoreFindEP
 .text.USBD_LL_DataOutStage
                0x0800887a       0xc6 build/usbd_core.o
                0x0800887a                USBD_LL_DataOutStage
 .text.USBD_LL_DataInStage
                0x08008940       0xd4 build/usbd_core.o
                0x08008940                USBD_LL_DataInStage
 .text.USBD_GetNextDesc
                0x08008a14        0xe build/usbd_core.o
                0x08008a14                USBD_GetNextDesc
 .text.USBD_GetEpDesc
                0x08008a22       0x3e build/usbd_core.o
                0x08008a22                USBD_GetEpDesc
 .text.USBD_CtlSendData
                0x08008a60       0x1c build/usbd_ioreq.o
                0x08008a60                USBD_CtlSendData
 .text.USBD_CtlContinueSendData
                0x08008a7c       0x10 build/usbd_ioreq.o
                0x08008a7c                USBD_CtlContinueSendData
 .text.USBD_CtlPrepareRx
                0x08008a8c       0x22 build/usbd_ioreq.o
                0x08008a8c                USBD_CtlPrepareRx
 .text.USBD_CtlContinueRx
                0x08008aae       0x10 build/usbd_ioreq.o
                0x08008aae                USBD_CtlContinueRx
 .text.USBD_CtlSendStatus
                0x08008abe       0x16 build/usbd_ioreq.o
                0x08008abe                USBD_CtlSendStatus
 .text.USBD_CtlReceiveStatus
                0x08008ad4       0x16 build/usbd_ioreq.o
                0x08008ad4                USBD_CtlReceiveStatus
 .text.USBD_CDC_EP0_RxReady
                0x08008aea       0x40 build/usbd_cdc.o
 *fill*         0x08008b2a        0x2 
 .text.USBD_CDC_GetDeviceQualifierDescriptor
                0x08008b2c        0xc build/usbd_cdc.o
                0x08008b2c                USBD_CDC_GetDeviceQualifierDescriptor
 .text.USBD_CDC_GetOtherSpeedCfgDesc
                0x08008b38       0x48 build/usbd_cdc.o
 .text.USBD_CDC_GetFSCfgDesc
                0x08008b80       0x48 build/usbd_cdc.o
 .text.USBD_CDC_GetHSCfgDesc
                0x08008bc8       0x48 build/usbd_cdc.o
 .text.USBD_CDC_DataOut
                0x08008c10       0x38 build/usbd_cdc.o
 .text.USBD_CDC_DataIn
                0x08008c48       0x7c build/usbd_cdc.o
 .text.USBD_CDC_Setup
                0x08008cc4      0x114 build/usbd_cdc.o
 .text.USBD_CDC_DeInit
                0x08008dd8       0x64 build/usbd_cdc.o
 .text.USBD_CDC_Init
                0x08008e3c       0xee build/usbd_cdc.o
 .text.USBD_CDC_RegisterInterface
                0x08008f2a       0x16 build/usbd_cdc.o
                0x08008f2a                USBD_CDC_RegisterInterface
 .text.USBD_CDC_SetTxBuffer
                0x08008f40       0x1c build/usbd_cdc.o
                0x08008f40                USBD_CDC_SetTxBuffer
 .text.USBD_CDC_SetRxBuffer
                0x08008f5c       0x18 build/usbd_cdc.o
                0x08008f5c                USBD_CDC_SetRxBuffer
 .text.USBD_CDC_TransmitPacket
                0x08008f74       0x36 build/usbd_cdc.o
                0x08008f74                USBD_CDC_TransmitPacket
 .text.USBD_CDC_ReceivePacket
                0x08008faa       0x38 build/usbd_cdc.o
                0x08008faa                USBD_CDC_ReceivePacket
 .text.vListInitialise
                0x08008fe2       0x16 build/list.o
                0x08008fe2                vListInitialise
 .text.vListInitialiseItem
                0x08008ff8        0x6 build/list.o
                0x08008ff8                vListInitialiseItem
 .text.vListInsertEnd
                0x08008ffe       0x16 build/list.o
                0x08008ffe                vListInsertEnd
 .text.vListInsert
                0x08009014       0x32 build/list.o
                0x08009014                vListInsert
 .text.uxListRemove
                0x08009046       0x26 build/list.o
                0x08009046                uxListRemove
 .text.prvTaskExitError
                0x0800906c       0x48 build/port.o
 .text.prvPortStartFirstTask
                0x080090b4       0x28 build/port.o
 .text.vPortEnableVFP
                0x080090dc       0x14 build/port.o
 .text.pxPortInitialiseStack
                0x080090f0       0x2c build/port.o
                0x080090f0                pxPortInitialiseStack
 *fill*         0x0800911c        0x4 
 .text.SVC_Handler
                0x08009120       0x24 build/port.o
                0x08009120                SVC_Handler
 .text.vPortEnterCritical
                0x08009144       0x4c build/port.o
                0x08009144                vPortEnterCritical
 .text.vPortExitCritical
                0x08009190       0x30 build/port.o
                0x08009190                vPortExitCritical
 .text.PendSV_Handler
                0x080091c0       0x64 build/port.o
                0x080091c0                PendSV_Handler
 .text.SysTick_Handler
                0x08009224       0x30 build/port.o
                0x08009224                SysTick_Handler
 .text.vPortSetupTimerInterrupt
                0x08009254       0x28 build/port.o
                0x08009254                vPortSetupTimerInterrupt
 .text.xPortStartScheduler
                0x0800927c       0xd4 build/port.o
                0x0800927c                xPortStartScheduler
 .text.vPortValidateInterruptPriority
                0x08009350       0x64 build/port.o
                0x08009350                vPortValidateInterruptPriority
 .text.prvHeapInit
                0x080093b4       0x68 build/heap_4.o
 .text.prvInsertBlockIntoFreeList
                0x0800941c       0x64 build/heap_4.o
 .text.pvPortMalloc
                0x08009480      0x114 build/heap_4.o
                0x08009480                pvPortMalloc
 .text.vPortFree
                0x08009594       0x78 build/heap_4.o
                0x08009594                vPortFree
 .text.xPortGetFreeHeapSize
                0x0800960c        0xc build/heap_4.o
                0x0800960c                xPortGetFreeHeapSize
 .text.prvIsQueueFull
                0x08009618       0x1e build/queue.o
 .text.prvIsQueueEmpty
                0x08009636       0x1a build/queue.o
 .text.prvCopyDataToQueue
                0x08009650       0x76 build/queue.o
 .text.prvCopyDataFromQueue
                0x080096c6       0x24 build/queue.o
 .text.prvUnlockQueue
                0x080096ea       0x6e build/queue.o
 .text.xQueueGenericReset
                0x08009758       0x88 build/queue.o
                0x08009758                xQueueGenericReset
 .text.prvInitialiseNewQueue
                0x080097e0       0x22 build/queue.o
 .text.xQueueGenericCreateStatic
                0x08009802       0xba build/queue.o
                0x08009802                xQueueGenericCreateStatic
 .text.xQueueGenericSend
                0x080098bc      0x198 build/queue.o
                0x080098bc                xQueueGenericSend
 .text.xQueueGenericSendFromISR
                0x08009a54       0xdc build/queue.o
                0x08009a54                xQueueGenericSendFromISR
 .text.xQueueReceive
                0x08009b30      0x16a build/queue.o
                0x08009b30                xQueueReceive
 *fill*         0x08009c9a        0x2 
 .text.vQueueAddToRegistry
                0x08009c9c       0x28 build/queue.o
                0x08009c9c                vQueueAddToRegistry
 .text.vQueueWaitForMessageRestricted
                0x08009cc4       0x52 build/queue.o
                0x08009cc4                vQueueWaitForMessageRestricted
 *fill*         0x08009d16        0x2 
 .text.prvGetNextExpireTime
                0x08009d18       0x20 build/timers.o
 .text.prvInsertTimerInActiveList
                0x08009d38       0x50 build/timers.o
 .text.prvCheckForValidListAndQueue
                0x08009d88       0x70 build/timers.o
 .text.xTimerCreateTimerTask
                0x08009df8       0x68 build/timers.o
                0x08009df8                xTimerCreateTimerTask
 .text.xTimerGenericCommand
                0x08009e60       0x70 build/timers.o
                0x08009e60                xTimerGenericCommand
 .text.prvSwitchTimerLists
                0x08009ed0       0x80 build/timers.o
 .text.prvSampleTimeNow
                0x08009f50       0x2c build/timers.o
 .text.prvProcessExpiredTimer
                0x08009f7c       0x70 build/timers.o
 .text.prvProcessTimerOrBlockTask
                0x08009fec       0x78 build/timers.o
 .text.prvProcessReceivedCommands
                0x0800a064      0x114 build/timers.o
 .text.prvTimerTask
                0x0800a178       0x16 build/timers.o
 *fill*         0x0800a18e        0x2 
 .text.osKernelInitialize
                0x0800a190       0x3c build/cmsis_os2.o
                0x0800a190                osKernelInitialize
 .text.osKernelStart
                0x0800a1cc       0x48 build/cmsis_os2.o
                0x0800a1cc                osKernelStart
 .text.osThreadNew
                0x0800a214       0xcc build/cmsis_os2.o
                0x0800a214                osThreadNew
 .text.osDelay  0x0800a2e0       0x3c build/cmsis_os2.o
                0x0800a2e0                osDelay
 .text.vApplicationGetIdleTaskMemory
                0x0800a31c       0x18 build/cmsis_os2.o
                0x0800a31c                vApplicationGetIdleTaskMemory
 .text.vApplicationGetTimerTaskMemory
                0x0800a334       0x18 build/cmsis_os2.o
                0x0800a334                vApplicationGetTimerTaskMemory
 .text.prvResetNextTaskUnblockTime
                0x0800a34c       0x2c build/tasks.o
 .text.prvInitialiseNewTask
                0x0800a378       0xa4 build/tasks.o
 .text.prvInitialiseTaskLists
                0x0800a41c       0x68 build/tasks.o
 .text.prvAddNewTaskToReadyList
                0x0800a484       0xac build/tasks.o
 .text.prvDeleteTCB
                0x0800a530       0x3c build/tasks.o
 .text.prvCheckTasksWaitingTermination
                0x0800a56c       0x4c build/tasks.o
 .text.prvAddCurrentTaskToDelayedList
                0x0800a5b8       0x84 build/tasks.o
 .text.prvIdleTask
                0x0800a63c       0x30 build/tasks.o
 .text.xTaskCreateStatic
                0x0800a66c       0x82 build/tasks.o
                0x0800a66c                xTaskCreateStatic
 .text.xTaskCreate
                0x0800a6ee       0x64 build/tasks.o
                0x0800a6ee                xTaskCreate
 *fill*         0x0800a752        0x2 
 .text.vTaskStartScheduler
                0x0800a754       0xa0 build/tasks.o
                0x0800a754                vTaskStartScheduler
 .text.vTaskSuspendAll
                0x0800a7f4       0x10 build/tasks.o
                0x0800a7f4                vTaskSuspendAll
 .text.xTaskGetTickCount
                0x0800a804        0xc build/tasks.o
                0x0800a804                xTaskGetTickCount
 .text.xTaskIncrementTick
                0x0800a810      0x11c build/tasks.o
                0x0800a810                xTaskIncrementTick
 .text.xTaskResumeAll
                0x0800a92c       0xfc build/tasks.o
                0x0800a92c                xTaskResumeAll
 .text.vTaskDelay
                0x0800aa28       0x50 build/tasks.o
                0x0800aa28                vTaskDelay
 .text.vTaskSwitchContext
                0x0800aa78       0xd0 build/tasks.o
                0x0800aa78                vTaskSwitchContext
 .text.vTaskPlaceOnEventList
                0x0800ab48       0x34 build/tasks.o
                0x0800ab48                vTaskPlaceOnEventList
 .text.vTaskPlaceOnEventListRestricted
                0x0800ab7c       0x3c build/tasks.o
                0x0800ab7c                vTaskPlaceOnEventListRestricted
 .text.xTaskRemoveFromEventList
                0x0800abb8       0x90 build/tasks.o
                0x0800abb8                xTaskRemoveFromEventList
 .text.vTaskInternalSetTimeOutState
                0x0800ac48       0x18 build/tasks.o
                0x0800ac48                vTaskInternalSetTimeOutState
 .text.xTaskCheckForTimeOut
                0x0800ac60       0x90 build/tasks.o
                0x0800ac60                xTaskCheckForTimeOut
 .text.vTaskMissedYield
                0x0800acf0        0xc build/tasks.o
                0x0800acf0                vTaskMissedYield
 .text.xTaskGetSchedulerState
                0x0800acfc       0x20 build/tasks.o
                0x0800acfc                xTaskGetSchedulerState
 .text.xTaskPriorityDisinherit
                0x0800ad1c       0x98 build/tasks.o
                0x0800ad1c                xTaskPriorityDisinherit
 .text.CDC_DeInit_HS
                0x0800adb4        0x4 build/usbd_cdc_if.o
 .text.CDC_TransmitCplt_HS
                0x0800adb8        0x4 build/usbd_cdc_if.o
 .text.CDC_Control_HS
                0x0800adbc       0x78 build/usbd_cdc_if.o
 .text.CDC_Init_HS
                0x0800ae34       0x28 build/usbd_cdc_if.o
 .text.CDC_Transmit_HS
                0x0800ae5c       0x2c build/usbd_cdc_if.o
                0x0800ae5c                CDC_Transmit_HS
 .text.CDC_Receive_HS
                0x0800ae88       0x4c build/usbd_cdc_if.o
 .text.MX_USB_DEVICE_Init
                0x0800aed4       0x54 build/usb_device.o
                0x0800aed4                MX_USB_DEVICE_Init
 .text.USBD_HS_DeviceDescriptor
                0x0800af28        0xc build/usbd_desc.o
                0x0800af28                USBD_HS_DeviceDescriptor
 .text.USBD_HS_LangIDStrDescriptor
                0x0800af34        0xc build/usbd_desc.o
                0x0800af34                USBD_HS_LangIDStrDescriptor
 .text.USBD_HS_USR_BOSDescriptor
                0x0800af40        0xc build/usbd_desc.o
                0x0800af40                USBD_HS_USR_BOSDescriptor
 .text.IntToUnicode
                0x0800af4c       0x46 build/usbd_desc.o
 *fill*         0x0800af92        0x2 
 .text.Get_SerialNum
                0x0800af94       0x38 build/usbd_desc.o
 .text.USBD_HS_SerialStrDescriptor
                0x0800afcc       0x14 build/usbd_desc.o
                0x0800afcc                USBD_HS_SerialStrDescriptor
 .text.USBD_HS_ProductStrDescriptor
                0x0800afe0       0x24 build/usbd_desc.o
                0x0800afe0                USBD_HS_ProductStrDescriptor
 .text.USBD_HS_ManufacturerStrDescriptor
                0x0800b004       0x1c build/usbd_desc.o
                0x0800b004                USBD_HS_ManufacturerStrDescriptor
 .text.USBD_HS_ConfigStrDescriptor
                0x0800b020       0x24 build/usbd_desc.o
                0x0800b020                USBD_HS_ConfigStrDescriptor
 .text.USBD_HS_InterfaceStrDescriptor
                0x0800b044       0x24 build/usbd_desc.o
                0x0800b044                USBD_HS_InterfaceStrDescriptor
 .text.SystemClockConfig_Resume
                0x0800b068        0x8 build/usbd_conf.o
 .text.HAL_PCD_MspInit
                0x0800b070      0x158 build/usbd_conf.o
                0x0800b070                HAL_PCD_MspInit
 .text.HAL_PCD_SetupStageCallback
                0x0800b1c8       0x10 build/usbd_conf.o
                0x0800b1c8                HAL_PCD_SetupStageCallback
 .text.HAL_PCD_DataOutStageCallback
                0x0800b1d8       0x18 build/usbd_conf.o
                0x0800b1d8                HAL_PCD_DataOutStageCallback
 .text.HAL_PCD_DataInStageCallback
                0x0800b1f0       0x16 build/usbd_conf.o
                0x0800b1f0                HAL_PCD_DataInStageCallback
 .text.HAL_PCD_SOFCallback
                0x0800b206        0xc build/usbd_conf.o
                0x0800b206                HAL_PCD_SOFCallback
 .text.HAL_PCD_ResetCallback
                0x0800b212       0x28 build/usbd_conf.o
                0x0800b212                HAL_PCD_ResetCallback
 *fill*         0x0800b23a        0x2 
 .text.HAL_PCD_SuspendCallback
                0x0800b23c       0x30 build/usbd_conf.o
                0x0800b23c                HAL_PCD_SuspendCallback
 .text.HAL_PCD_ResumeCallback
                0x0800b26c        0xc build/usbd_conf.o
                0x0800b26c                HAL_PCD_ResumeCallback
 .text.HAL_PCD_ISOOUTIncompleteCallback
                0x0800b278        0xc build/usbd_conf.o
                0x0800b278                HAL_PCD_ISOOUTIncompleteCallback
 .text.HAL_PCD_ISOINIncompleteCallback
                0x0800b284        0xc build/usbd_conf.o
                0x0800b284                HAL_PCD_ISOINIncompleteCallback
 .text.HAL_PCD_ConnectCallback
                0x0800b290        0xc build/usbd_conf.o
                0x0800b290                HAL_PCD_ConnectCallback
 .text.HAL_PCD_DisconnectCallback
                0x0800b29c        0xc build/usbd_conf.o
                0x0800b29c                HAL_PCD_DisconnectCallback
 .text.USBD_LL_Init
                0x0800b2a8       0x74 build/usbd_conf.o
                0x0800b2a8                USBD_LL_Init
 .text.USBD_LL_IsStallEP
                0x0800b31c       0x2c build/usbd_conf.o
                0x0800b31c                USBD_LL_IsStallEP
 .text.USBD_LL_GetRxDataSize
                0x0800b348        0xc build/usbd_conf.o
                0x0800b348                USBD_LL_GetRxDataSize
 .text.HAL_PCDEx_LPM_Callback
                0x0800b354       0x60 build/usbd_conf.o
                0x0800b354                HAL_PCDEx_LPM_Callback
 .text.USBD_Get_USB_Status
                0x0800b3b4       0x14 build/usbd_conf.o
                0x0800b3b4                USBD_Get_USB_Status
 .text.USBD_LL_Start
                0x0800b3c8       0x10 build/usbd_conf.o
                0x0800b3c8                USBD_LL_Start
 .text.USBD_LL_OpenEP
                0x0800b3d8       0x16 build/usbd_conf.o
                0x0800b3d8                USBD_LL_OpenEP
 .text.USBD_LL_CloseEP
                0x0800b3ee       0x10 build/usbd_conf.o
                0x0800b3ee                USBD_LL_CloseEP
 .text.USBD_LL_StallEP
                0x0800b3fe       0x10 build/usbd_conf.o
                0x0800b3fe                USBD_LL_StallEP
 .text.USBD_LL_ClearStallEP
                0x0800b40e       0x10 build/usbd_conf.o
                0x0800b40e                USBD_LL_ClearStallEP
 .text.USBD_LL_SetUSBAddress
                0x0800b41e       0x10 build/usbd_conf.o
                0x0800b41e                USBD_LL_SetUSBAddress
 .text.USBD_LL_Transmit
                0x0800b42e       0x10 build/usbd_conf.o
                0x0800b42e                USBD_LL_Transmit
 .text.USBD_LL_PrepareReceive
                0x0800b43e       0x10 build/usbd_conf.o
                0x0800b43e                USBD_LL_PrepareReceive
 *fill*         0x0800b44e        0x2 
 .text.Reset_Handler
                0x0800b450       0x50 build/startup_stm32f769nihx.o
                0x0800b450                Reset_Handler
 .text.Default_Handler
                0x0800b4a0        0x2 build/startup_stm32f769nihx.o
                0x0800b4a0                DMA1_Stream3_IRQHandler
                0x0800b4a0                EXTI2_IRQHandler
                0x0800b4a0                TIM8_CC_IRQHandler
                0x0800b4a0                UART8_IRQHandler
                0x0800b4a0                SPI4_IRQHandler
                0x0800b4a0                TIM1_CC_IRQHandler
                0x0800b4a0                DMA2_Stream5_IRQHandler
                0x0800b4a0                JPEG_IRQHandler
                0x0800b4a0                DMA1_Stream5_IRQHandler
                0x0800b4a0                CAN3_RX1_IRQHandler
                0x0800b4a0                PVD_IRQHandler
                0x0800b4a0                TAMP_STAMP_IRQHandler
                0x0800b4a0                CAN2_RX1_IRQHandler
                0x0800b4a0                EXTI3_IRQHandler
                0x0800b4a0                TIM8_TRG_COM_TIM14_IRQHandler
                0x0800b4a0                DFSDM1_FLT1_IRQHandler
                0x0800b4a0                TIM1_UP_TIM10_IRQHandler
                0x0800b4a0                TIM8_UP_TIM13_IRQHandler
                0x0800b4a0                I2C3_ER_IRQHandler
                0x0800b4a0                DFSDM1_FLT2_IRQHandler
                0x0800b4a0                EXTI0_IRQHandler
                0x0800b4a0                I2C2_EV_IRQHandler
                0x0800b4a0                DMA1_Stream2_IRQHandler
                0x0800b4a0                CAN1_RX0_IRQHandler
                0x0800b4a0                FPU_IRQHandler
                0x0800b4a0                OTG_HS_WKUP_IRQHandler
                0x0800b4a0                CAN3_SCE_IRQHandler
                0x0800b4a0                LTDC_ER_IRQHandler
                0x0800b4a0                CAN2_SCE_IRQHandler
                0x0800b4a0                DMA2_Stream2_IRQHandler
                0x0800b4a0                SPI1_IRQHandler
                0x0800b4a0                TIM1_BRK_TIM9_IRQHandler
                0x0800b4a0                DCMI_IRQHandler
                0x0800b4a0                CAN2_RX0_IRQHandler
                0x0800b4a0                DMA2_Stream3_IRQHandler
                0x0800b4a0                SAI2_IRQHandler
                0x0800b4a0                DFSDM1_FLT3_IRQHandler
                0x0800b4a0                USART6_IRQHandler
                0x0800b4a0                CAN3_RX0_IRQHandler
                0x0800b4a0                USART3_IRQHandler
                0x0800b4a0                CAN1_RX1_IRQHandler
                0x0800b4a0                DMA2_Stream0_IRQHandler
                0x0800b4a0                TIM4_IRQHandler
                0x0800b4a0                QUADSPI_IRQHandler
                0x0800b4a0                I2C1_EV_IRQHandler
                0x0800b4a0                DMA1_Stream6_IRQHandler
                0x0800b4a0                DMA1_Stream1_IRQHandler
                0x0800b4a0                UART4_IRQHandler
                0x0800b4a0                TIM3_IRQHandler
                0x0800b4a0                RCC_IRQHandler
                0x0800b4a0                TIM8_BRK_TIM12_IRQHandler
                0x0800b4a0                Default_Handler
                0x0800b4a0                CEC_IRQHandler
                0x0800b4a0                EXTI15_10_IRQHandler
                0x0800b4a0                ADC_IRQHandler
                0x0800b4a0                DMA1_Stream7_IRQHandler
                0x0800b4a0                SPI5_IRQHandler
                0x0800b4a0                TIM7_IRQHandler
                0x0800b4a0                SDMMC1_IRQHandler
                0x0800b4a0                CAN2_TX_IRQHandler
                0x0800b4a0                TIM5_IRQHandler
                0x0800b4a0                DMA2_Stream7_IRQHandler
                0x0800b4a0                I2C3_EV_IRQHandler
                0x0800b4a0                EXTI9_5_IRQHandler
                0x0800b4a0                RTC_WKUP_IRQHandler
                0x0800b4a0                ETH_WKUP_IRQHandler
                0x0800b4a0                SPDIF_RX_IRQHandler
                0x0800b4a0                SPI2_IRQHandler
                0x0800b4a0                OTG_HS_EP1_IN_IRQHandler
                0x0800b4a0                DMA1_Stream0_IRQHandler
                0x0800b4a0                CAN1_TX_IRQHandler
                0x0800b4a0                EXTI4_IRQHandler
                0x0800b4a0                RNG_IRQHandler
                0x0800b4a0                DSI_IRQHandler
                0x0800b4a0                ETH_IRQHandler
                0x0800b4a0                OTG_HS_EP1_OUT_IRQHandler
                0x0800b4a0                WWDG_IRQHandler
                0x0800b4a0                SPI6_IRQHandler
                0x0800b4a0                MDIOS_IRQHandler
                0x0800b4a0                I2C4_EV_IRQHandler
                0x0800b4a0                CAN3_TX_IRQHandler
                0x0800b4a0                TIM2_IRQHandler
                0x0800b4a0                OTG_FS_WKUP_IRQHandler
                0x0800b4a0                TIM1_TRG_COM_TIM11_IRQHandler
                0x0800b4a0                DMA2D_IRQHandler
                0x0800b4a0                EXTI1_IRQHandler
                0x0800b4a0                SDMMC2_IRQHandler
                0x0800b4a0                UART7_IRQHandler
                0x0800b4a0                USART2_IRQHandler
                0x0800b4a0                DFSDM1_FLT0_IRQHandler
                0x0800b4a0                I2C2_ER_IRQHandler
                0x0800b4a0                DMA2_Stream1_IRQHandler
                0x0800b4a0                CAN1_SCE_IRQHandler
                0x0800b4a0                FLASH_IRQHandler
                0x0800b4a0                DMA2_Stream4_IRQHandler
                0x0800b4a0                USART1_IRQHandler
                0x0800b4a0                OTG_FS_IRQHandler
                0x0800b4a0                SPI3_IRQHandler
                0x0800b4a0                DMA1_Stream4_IRQHandler
                0x0800b4a0                I2C1_ER_IRQHandler
                0x0800b4a0                FMC_IRQHandler
                0x0800b4a0                LPTIM1_IRQHandler
                0x0800b4a0                I2C4_ER_IRQHandler
                0x0800b4a0                DMA2_Stream6_IRQHandler
                0x0800b4a0                SAI1_IRQHandler
                0x0800b4a0                RTC_Alarm_IRQHandler
 *fill*         0x0800b4a2        0x2 
 .text.malloc   0x0800b4a4       0x10 /Applications/ArmGNUToolchain/14.2.rel1/arm-none-eabi/bin/../lib/gcc/arm-none-eabi/14.2.1/../../../../arm-none-eabi/lib/thumb/v7e-m+dp/hard/libc_nano.a(libc_a-malloc.o)
                0x0800b4a4                malloc
 .text.free     0x0800b4b4       0x10 /Applications/ArmGNUToolchain/14.2.rel1/arm-none-eabi/bin/../lib/gcc/arm-none-eabi/14.2.1/../../../../arm-none-eabi/lib/thumb/v7e-m+dp/hard/libc_nano.a(libc_a-malloc.o)
                0x0800b4b4                free
 .text.sbrk_aligned
                0x0800b4c4       0x44 /Applications/ArmGNUToolchain/14.2.rel1/arm-none-eabi/bin/../lib/gcc/arm-none-eabi/14.2.1/../../../../arm-none-eabi/lib/thumb/v7e-m+dp/hard/libc_nano.a(libc_a-mallocr.o)
 .text._malloc_r
                0x0800b508      0x100 /Applications/ArmGNUToolchain/14.2.rel1/arm-none-eabi/bin/../lib/gcc/arm-none-eabi/14.2.1/../../../../arm-none-eabi/lib/thumb/v7e-m+dp/hard/libc_nano.a(libc_a-mallocr.o)
                0x0800b508                _malloc_r
 .text.snprintf
                0x0800b608       0x6c /Applications/ArmGNUToolchain/14.2.rel1/arm-none-eabi/bin/../lib/gcc/arm-none-eabi/14.2.1/../../../../arm-none-eabi/lib/thumb/v7e-m+dp/hard/libc_nano.a(libc_a-snprintf.o)
                0x0800b608                snprintf
                0x0800b608                sniprintf
 .text.__malloc_lock
                0x0800b674        0xc /Applications/ArmGNUToolchain/14.2.rel1/arm-none-eabi/bin/../lib/gcc/arm-none-eabi/14.2.1/../../../../arm-none-eabi/lib/thumb/v7e-m+dp/hard/libc_nano.a(libc_a-mlock.o)
                0x0800b674                __malloc_lock
 .text.__malloc_unlock
                0x0800b680        0xc /Applications/ArmGNUToolchain/14.2.rel1/arm-none-eabi/bin/../lib/gcc/arm-none-eabi/14.2.1/../../../../arm-none-eabi/lib/thumb/v7e-m+dp/hard/libc_nano.a(libc_a-mlock.o)
                0x0800b680                __malloc_unlock
 .text.sprintf  0x0800b68c       0x44 /Applications/ArmGNUToolchain/14.2.rel1/arm-none-eabi/bin/../lib/gcc/arm-none-eabi/14.2.1/../../../../arm-none-eabi/lib/thumb/v7e-m+dp/hard/libc_nano.a(libc_a-sprintf.o)
                0x0800b68c                sprintf
                0x0800b68c                siprintf
 .text.std      0x0800b6d0       0x6c /Applications/ArmGNUToolchain/14.2.rel1/arm-none-eabi/bin/../lib/gcc/arm-none-eabi/14.2.1/../../../../arm-none-eabi/lib/thumb/v7e-m+dp/hard/libc_nano.a(libc_a-findfp.o)
 .text.stdio_exit_handler
                0x0800b73c       0x18 /Applications/ArmGNUToolchain/14.2.rel1/arm-none-eabi/bin/../lib/gcc/arm-none-eabi/14.2.1/../../../../arm-none-eabi/lib/thumb/v7e-m+dp/hard/libc_nano.a(libc_a-findfp.o)
 .text.cleanup_stdio
                0x0800b754       0x40 /Applications/ArmGNUToolchain/14.2.rel1/arm-none-eabi/bin/../lib/gcc/arm-none-eabi/14.2.1/../../../../arm-none-eabi/lib/thumb/v7e-m+dp/hard/libc_nano.a(libc_a-findfp.o)
 .text.global_stdio_init.part.0
                0x0800b794       0x40 /Applications/ArmGNUToolchain/14.2.rel1/arm-none-eabi/bin/../lib/gcc/arm-none-eabi/14.2.1/../../../../arm-none-eabi/lib/thumb/v7e-m+dp/hard/libc_nano.a(libc_a-findfp.o)
 .text.__sfp_lock_acquire
                0x0800b7d4        0xc /Applications/ArmGNUToolchain/14.2.rel1/arm-none-eabi/bin/../lib/gcc/arm-none-eabi/14.2.1/../../../../arm-none-eabi/lib/thumb/v7e-m+dp/hard/libc_nano.a(libc_a-findfp.o)
                0x0800b7d4                __sfp_lock_acquire
 .text.__sfp_lock_release
                0x0800b7e0        0xc /Applications/ArmGNUToolchain/14.2.rel1/arm-none-eabi/bin/../lib/gcc/arm-none-eabi/14.2.1/../../../../arm-none-eabi/lib/thumb/v7e-m+dp/hard/libc_nano.a(libc_a-findfp.o)
                0x0800b7e0                __sfp_lock_release
 .text.__sinit  0x0800b7ec       0x30 /Applications/ArmGNUToolchain/14.2.rel1/arm-none-eabi/bin/../lib/gcc/arm-none-eabi/14.2.1/../../../../arm-none-eabi/lib/thumb/v7e-m+dp/hard/libc_nano.a(libc_a-findfp.o)
                0x0800b7ec                __sinit
 .text._fwalk_sglue
                0x0800b81c       0x3c /Applications/ArmGNUToolchain/14.2.rel1/arm-none-eabi/bin/../lib/gcc/arm-none-eabi/14.2.1/../../../../arm-none-eabi/lib/thumb/v7e-m+dp/hard/libc_nano.a(libc_a-fwalk.o)
                0x0800b81c                _fwalk_sglue
 .text.memset   0x0800b858       0x10 /Applications/ArmGNUToolchain/14.2.rel1/arm-none-eabi/bin/../lib/gcc/arm-none-eabi/14.2.1/../../../../arm-none-eabi/lib/thumb/v7e-m+dp/hard/libc_nano.a(libc_a-memset.o)
                0x0800b858                memset
 .text.strchr   0x0800b868       0x1a /Applications/ArmGNUToolchain/14.2.rel1/arm-none-eabi/bin/../lib/gcc/arm-none-eabi/14.2.1/../../../../arm-none-eabi/lib/thumb/v7e-m+dp/hard/libc_nano.a(libc_a-strchr.o)
                0x0800b868                strchr
 .text.strncmp  0x0800b882       0x24 /Applications/ArmGNUToolchain/14.2.rel1/arm-none-eabi/bin/../lib/gcc/arm-none-eabi/14.2.1/../../../../arm-none-eabi/lib/thumb/v7e-m+dp/hard/libc_nano.a(libc_a-strncmp.o)
                0x0800b882                strncmp
 .text.strncpy  0x0800b8a6       0x26 /Applications/ArmGNUToolchain/14.2.rel1/arm-none-eabi/bin/../lib/gcc/arm-none-eabi/14.2.1/../../../../arm-none-eabi/lib/thumb/v7e-m+dp/hard/libc_nano.a(libc_a-strncpy.o)
                0x0800b8a6                strncpy
 .text.strtok   0x0800b8cc       0x68 /Applications/ArmGNUToolchain/14.2.rel1/arm-none-eabi/bin/../lib/gcc/arm-none-eabi/14.2.1/../../../../arm-none-eabi/lib/thumb/v7e-m+dp/hard/libc_nano.a(libc_a-strtok.o)
                0x0800b8cc                strtok
 .text.__strtok_r
                0x0800b934       0x50 /Applications/ArmGNUToolchain/14.2.rel1/arm-none-eabi/bin/../lib/gcc/arm-none-eabi/14.2.1/../../../../arm-none-eabi/lib/thumb/v7e-m+dp/hard/libc_nano.a(libc_a-strtok_r.o)
                0x0800b934                __strtok_r
 .text.strstr   0x0800b984       0x2c /Applications/ArmGNUToolchain/14.2.rel1/arm-none-eabi/bin/../lib/gcc/arm-none-eabi/14.2.1/../../../../arm-none-eabi/lib/thumb/v7e-m+dp/hard/libc_nano.a(libc_a-strstr.o)
                0x0800b984                strstr
 .text._sbrk_r  0x0800b9b0       0x20 /Applications/ArmGNUToolchain/14.2.rel1/arm-none-eabi/bin/../lib/gcc/arm-none-eabi/14.2.1/../../../../arm-none-eabi/lib/thumb/v7e-m+dp/hard/libc_nano.a(libc_a-sbrkr.o)
                0x0800b9b0                _sbrk_r
 .text.__errno  0x0800b9d0        0xc /Applications/ArmGNUToolchain/14.2.rel1/arm-none-eabi/bin/../lib/gcc/arm-none-eabi/14.2.1/../../../../arm-none-eabi/lib/thumb/v7e-m+dp/hard/libc_nano.a(libc_a-errno.o)
                0x0800b9d0                __errno
 .text.__libc_init_array
                0x0800b9dc       0x48 /Applications/ArmGNUToolchain/14.2.rel1/arm-none-eabi/bin/../lib/gcc/arm-none-eabi/14.2.1/../../../../arm-none-eabi/lib/thumb/v7e-m+dp/hard/libc_nano.a(libc_a-init.o)
                0x0800b9dc                __libc_init_array
 .text.__retarget_lock_init_recursive
                0x0800ba24        0x2 /Applications/ArmGNUToolchain/14.2.rel1/arm-none-eabi/bin/../lib/gcc/arm-none-eabi/14.2.1/../../../../arm-none-eabi/lib/thumb/v7e-m+dp/hard/libc_nano.a(libc_a-lock.o)
                0x0800ba24                __retarget_lock_init_recursive
 .text.__retarget_lock_acquire_recursive
                0x0800ba26        0x2 /Applications/ArmGNUToolchain/14.2.rel1/arm-none-eabi/bin/../lib/gcc/arm-none-eabi/14.2.1/../../../../arm-none-eabi/lib/thumb/v7e-m+dp/hard/libc_nano.a(libc_a-lock.o)
                0x0800ba26                __retarget_lock_acquire_recursive
 .text.__retarget_lock_release_recursive
                0x0800ba28        0x2 /Applications/ArmGNUToolchain/14.2.rel1/arm-none-eabi/bin/../lib/gcc/arm-none-eabi/14.2.1/../../../../arm-none-eabi/lib/thumb/v7e-m+dp/hard/libc_nano.a(libc_a-lock.o)
                0x0800ba28                __retarget_lock_release_recursive
 .text.memcpy   0x0800ba2a       0x1c /Applications/ArmGNUToolchain/14.2.rel1/arm-none-eabi/bin/../lib/gcc/arm-none-eabi/14.2.1/../../../../arm-none-eabi/lib/thumb/v7e-m+dp/hard/libc_nano.a(libc_a-memcpy-stub.o)
                0x0800ba2a                memcpy
 *fill*         0x0800ba46        0x2 
 .text.__assert_func
                0x0800ba48       0x3c /Applications/ArmGNUToolchain/14.2.rel1/arm-none-eabi/bin/../lib/gcc/arm-none-eabi/14.2.1/../../../../arm-none-eabi/lib/thumb/v7e-m+dp/hard/libc_nano.a(libc_a-assert.o)
                0x0800ba48                __assert_func
 .text._free_r  0x0800ba84       0x94 /Applications/ArmGNUToolchain/14.2.rel1/arm-none-eabi/bin/../lib/gcc/arm-none-eabi/14.2.1/../../../../arm-none-eabi/lib/thumb/v7e-m+dp/hard/libc_nano.a(libc_a-freer.o)
                0x0800ba84                _free_r
 .text.__ssputs_r
                0x0800bb18       0xc0 /Applications/ArmGNUToolchain/14.2.rel1/arm-none-eabi/bin/../lib/gcc/arm-none-eabi/14.2.1/../../../../arm-none-eabi/lib/thumb/v7e-m+dp/hard/libc_nano.a(libc_a-nano-svfprintf.o)
                0x0800bb18                __ssputs_r
 .text._svfprintf_r
                0x0800bbd8      0x1f8 /Applications/ArmGNUToolchain/14.2.rel1/arm-none-eabi/bin/../lib/gcc/arm-none-eabi/14.2.1/../../../../arm-none-eabi/lib/thumb/v7e-m+dp/hard/libc_nano.a(libc_a-nano-svfprintf.o)
                0x0800bbd8                _svfprintf_r
                0x0800bbd8                _svfiprintf_r
 .text._printf_common
                0x0800bdd0       0xda /Applications/ArmGNUToolchain/14.2.rel1/arm-none-eabi/bin/../lib/gcc/arm-none-eabi/14.2.1/../../../../arm-none-eabi/lib/thumb/v7e-m+dp/hard/libc_nano.a(libc_a-nano-vfprintf_i.o)
                0x0800bdd0                _printf_common
 *fill*         0x0800beaa        0x2 
 .text._printf_i
                0x0800beac      0x240 /Applications/ArmGNUToolchain/14.2.rel1/arm-none-eabi/bin/../lib/gcc/arm-none-eabi/14.2.1/../../../../arm-none-eabi/lib/thumb/v7e-m+dp/hard/libc_nano.a(libc_a-nano-vfprintf_i.o)
                0x0800beac                _printf_i
 .text.__sflush_r
                0x0800c0ec      0x104 /Applications/ArmGNUToolchain/14.2.rel1/arm-none-eabi/bin/../lib/gcc/arm-none-eabi/14.2.1/../../../../arm-none-eabi/lib/thumb/v7e-m+dp/hard/libc_nano.a(libc_a-fflush.o)
                0x0800c0ec                __sflush_r
 .text._fflush_r
                0x0800c1f0       0x50 /Applications/ArmGNUToolchain/14.2.rel1/arm-none-eabi/bin/../lib/gcc/arm-none-eabi/14.2.1/../../../../arm-none-eabi/lib/thumb/v7e-m+dp/hard/libc_nano.a(libc_a-fflush.o)
                0x0800c1f0                _fflush_r
 .text.__sread  0x0800c240       0x22 /Applications/ArmGNUToolchain/14.2.rel1/arm-none-eabi/bin/../lib/gcc/arm-none-eabi/14.2.1/../../../../arm-none-eabi/lib/thumb/v7e-m+dp/hard/libc_nano.a(libc_a-stdio.o)
                0x0800c240                __sread
 .text.__swrite
                0x0800c262       0x38 /Applications/ArmGNUToolchain/14.2.rel1/arm-none-eabi/bin/../lib/gcc/arm-none-eabi/14.2.1/../../../../arm-none-eabi/lib/thumb/v7e-m+dp/hard/libc_nano.a(libc_a-stdio.o)
                0x0800c262                __swrite
 .text.__sseek  0x0800c29a       0x26 /Applications/ArmGNUToolchain/14.2.rel1/arm-none-eabi/bin/../lib/gcc/arm-none-eabi/14.2.1/../../../../arm-none-eabi/lib/thumb/v7e-m+dp/hard/libc_nano.a(libc_a-stdio.o)
                0x0800c29a                __sseek
 .text.__sclose
                0x0800c2c0        0x8 /Applications/ArmGNUToolchain/14.2.rel1/arm-none-eabi/bin/../lib/gcc/arm-none-eabi/14.2.1/../../../../arm-none-eabi/lib/thumb/v7e-m+dp/hard/libc_nano.a(libc_a-stdio.o)
                0x0800c2c0                __sclose
 .text.fprintf  0x0800c2c8       0x24 /Applications/ArmGNUToolchain/14.2.rel1/arm-none-eabi/bin/../lib/gcc/arm-none-eabi/14.2.1/../../../../arm-none-eabi/lib/thumb/v7e-m+dp/hard/libc_nano.a(libc_a-fprintf.o)
                0x0800c2c8                fprintf
                0x0800c2c8                fiprintf
 .text._realloc_r
                0x0800c2ec       0x5c /Applications/ArmGNUToolchain/14.2.rel1/arm-none-eabi/bin/../lib/gcc/arm-none-eabi/14.2.1/../../../../arm-none-eabi/lib/thumb/v7e-m+dp/hard/libc_nano.a(libc_a-reallocr.o)
                0x0800c2ec                _realloc_r
 .text.memmove  0x0800c348       0x32 /Applications/ArmGNUToolchain/14.2.rel1/arm-none-eabi/bin/../lib/gcc/arm-none-eabi/14.2.1/../../../../arm-none-eabi/lib/thumb/v7e-m+dp/hard/libc_nano.a(libc_a-memmove.o)
                0x0800c348                memmove
 *fill*         0x0800c37a        0x2 
 .text._lseek_r
                0x0800c37c       0x24 /Applications/ArmGNUToolchain/14.2.rel1/arm-none-eabi/bin/../lib/gcc/arm-none-eabi/14.2.1/../../../../arm-none-eabi/lib/thumb/v7e-m+dp/hard/libc_nano.a(libc_a-lseekr.o)
                0x0800c37c                _lseek_r
 .text._read_r  0x0800c3a0       0x24 /Applications/ArmGNUToolchain/14.2.rel1/arm-none-eabi/bin/../lib/gcc/arm-none-eabi/14.2.1/../../../../arm-none-eabi/lib/thumb/v7e-m+dp/hard/libc_nano.a(libc_a-readr.o)
                0x0800c3a0                _read_r
 .text._write_r
                0x0800c3c4       0x24 /Applications/ArmGNUToolchain/14.2.rel1/arm-none-eabi/bin/../lib/gcc/arm-none-eabi/14.2.1/../../../../arm-none-eabi/lib/thumb/v7e-m+dp/hard/libc_nano.a(libc_a-writer.o)
                0x0800c3c4                _write_r
 .text._close_r
                0x0800c3e8       0x20 /Applications/ArmGNUToolchain/14.2.rel1/arm-none-eabi/bin/../lib/gcc/arm-none-eabi/14.2.1/../../../../arm-none-eabi/lib/thumb/v7e-m+dp/hard/libc_nano.a(libc_a-closer.o)
                0x0800c3e8                _close_r
 .text.abort    0x0800c408        0xe /Applications/ArmGNUToolchain/14.2.rel1/arm-none-eabi/bin/../lib/gcc/arm-none-eabi/14.2.1/../../../../arm-none-eabi/lib/thumb/v7e-m+dp/hard/libc_nano.a(libc_a-abort.o)
                0x0800c408                abort
 .text.__sfputc_r
                0x0800c416       0x2e /Applications/ArmGNUToolchain/14.2.rel1/arm-none-eabi/bin/../lib/gcc/arm-none-eabi/14.2.1/../../../../arm-none-eabi/lib/thumb/v7e-m+dp/hard/libc_nano.a(libc_a-nano-vfprintf.o)
 .text.__sfputs_r
                0x0800c444       0x24 /Applications/ArmGNUToolchain/14.2.rel1/arm-none-eabi/bin/../lib/gcc/arm-none-eabi/14.2.1/../../../../arm-none-eabi/lib/thumb/v7e-m+dp/hard/libc_nano.a(libc_a-nano-vfprintf.o)
                0x0800c444                __sfputs_r
 .text._vfprintf_r
                0x0800c468      0x230 /Applications/ArmGNUToolchain/14.2.rel1/arm-none-eabi/bin/../lib/gcc/arm-none-eabi/14.2.1/../../../../arm-none-eabi/lib/thumb/v7e-m+dp/hard/libc_nano.a(libc_a-nano-vfprintf.o)
                0x0800c468                _vfiprintf_r
                0x0800c468                _vfprintf_r
 .text._malloc_usable_size_r
                0x0800c698       0x10 /Applications/ArmGNUToolchain/14.2.rel1/arm-none-eabi/bin/../lib/gcc/arm-none-eabi/14.2.1/../../../../arm-none-eabi/lib/thumb/v7e-m+dp/hard/libc_nano.a(libc_a-msizer.o)
                0x0800c698                _malloc_usable_size_r
 .text.__swbuf_r
                0x0800c6a8       0x7c /Applications/ArmGNUToolchain/14.2.rel1/arm-none-eabi/bin/../lib/gcc/arm-none-eabi/14.2.1/../../../../arm-none-eabi/lib/thumb/v7e-m+dp/hard/libc_nano.a(libc_a-wbuf.o)
                0x0800c6a8                __swbuf_r
 .text.__swsetup_r
                0x0800c724       0xa8 /Applications/ArmGNUToolchain/14.2.rel1/arm-none-eabi/bin/../lib/gcc/arm-none-eabi/14.2.1/../../../../arm-none-eabi/lib/thumb/v7e-m+dp/hard/libc_nano.a(libc_a-wsetup.o)
                0x0800c724                __swsetup_r
 .text.__swhatbuf_r
                0x0800c7cc       0x48 /Applications/ArmGNUToolchain/14.2.rel1/arm-none-eabi/bin/../lib/gcc/arm-none-eabi/14.2.1/../../../../arm-none-eabi/lib/thumb/v7e-m+dp/hard/libc_nano.a(libc_a-makebuf.o)
                0x0800c7cc                __swhatbuf_r
 .text.__smakebuf_r
                0x0800c814       0x72 /Applications/ArmGNUToolchain/14.2.rel1/arm-none-eabi/bin/../lib/gcc/arm-none-eabi/14.2.1/../../../../arm-none-eabi/lib/thumb/v7e-m+dp/hard/libc_nano.a(libc_a-makebuf.o)
                0x0800c814                __smakebuf_r
 .text._raise_r
                0x0800c886       0x50 /Applications/ArmGNUToolchain/14.2.rel1/arm-none-eabi/bin/../lib/gcc/arm-none-eabi/14.2.1/../../../../arm-none-eabi/lib/thumb/v7e-m+dp/hard/libc_nano.a(libc_a-signal.o)
                0x0800c886                _raise_r
 *fill*         0x0800c8d6        0x2 
 .text.raise    0x0800c8d8       0x10 /Applications/ArmGNUToolchain/14.2.rel1/arm-none-eabi/bin/../lib/gcc/arm-none-eabi/14.2.1/../../../../arm-none-eabi/lib/thumb/v7e-m+dp/hard/libc_nano.a(libc_a-signal.o)
                0x0800c8d8                raise
 .text._isatty_r
                0x0800c8e8       0x20 /Applications/ArmGNUToolchain/14.2.rel1/arm-none-eabi/bin/../lib/gcc/arm-none-eabi/14.2.1/../../../../arm-none-eabi/lib/thumb/v7e-m+dp/hard/libc_nano.a(libc_a-isattyr.o)
                0x0800c8e8                _isatty_r
 .text._kill_r  0x0800c908       0x24 /Applications/ArmGNUToolchain/14.2.rel1/arm-none-eabi/bin/../lib/gcc/arm-none-eabi/14.2.1/../../../../arm-none-eabi/lib/thumb/v7e-m+dp/hard/libc_nano.a(libc_a-signalr.o)
                0x0800c908                _kill_r
 .text._getpid_r
                0x0800c92c        0x4 /Applications/ArmGNUToolchain/14.2.rel1/arm-none-eabi/bin/../lib/gcc/arm-none-eabi/14.2.1/../../../../arm-none-eabi/lib/thumb/v7e-m+dp/hard/libc_nano.a(libc_a-signalr.o)
                0x0800c92c                _getpid_r
 .text._fstat_r
                0x0800c930       0x24 /Applications/ArmGNUToolchain/14.2.rel1/arm-none-eabi/bin/../lib/gcc/arm-none-eabi/14.2.1/../../../../arm-none-eabi/lib/thumb/v7e-m+dp/hard/libc_nano.a(libc_a-fstatr.o)
                0x0800c930                _fstat_r
 .text.__udivmoddi4
                0x0800c954      0x2f8 /Applications/ArmGNUToolchain/14.2.rel1/arm-none-eabi/bin/../lib/gcc/arm-none-eabi/14.2.1/thumb/v7e-m+dp/hard/libgcc.a(_udivmoddi4.o)
                0x0800c954                __udivmoddi4
 *(.glue_7)
 .glue_7        0x0800cc4c        0x0 linker stubs
 *(.glue_7t)
 .glue_7t       0x0800cc4c        0x0 linker stubs
 *(.eh_frame)
 .eh_frame      0x0800cc4c        0x0 /Applications/ArmGNUToolchain/14.2.rel1/arm-none-eabi/bin/../lib/gcc/arm-none-eabi/14.2.1/thumb/v7e-m+dp/hard/crtbegin.o
 *(.init)
 .init          0x0800cc4c        0x4 /Applications/ArmGNUToolchain/14.2.rel1/arm-none-eabi/bin/../lib/gcc/arm-none-eabi/14.2.1/thumb/v7e-m+dp/hard/crti.o
                0x0800cc4c                _init
 .init          0x0800cc50        0x8 /Applications/ArmGNUToolchain/14.2.rel1/arm-none-eabi/bin/../lib/gcc/arm-none-eabi/14.2.1/thumb/v7e-m+dp/hard/crtn.o
 *(.fini)
 .fini          0x0800cc58        0x4 /Applications/ArmGNUToolchain/14.2.rel1/arm-none-eabi/bin/../lib/gcc/arm-none-eabi/14.2.1/thumb/v7e-m+dp/hard/crti.o
                0x0800cc58                _fini
 .fini          0x0800cc5c        0x8 /Applications/ArmGNUToolchain/14.2.rel1/arm-none-eabi/bin/../lib/gcc/arm-none-eabi/14.2.1/thumb/v7e-m+dp/hard/crtn.o
                0x0800cc64                        . = ALIGN (0x4)
                0x0800cc64                        _etext = .

.vfp11_veneer   0x0800cc64        0x0
 .vfp11_veneer  0x0800cc64        0x0 linker stubs

.v4_bx          0x0800cc64        0x0
 .v4_bx         0x0800cc64        0x0 linker stubs

.iplt           0x0800cc64        0x0
 .iplt          0x0800cc64        0x0 /Applications/ArmGNUToolchain/14.2.rel1/arm-none-eabi/bin/../lib/gcc/arm-none-eabi/14.2.1/thumb/v7e-m+dp/hard/crtbegin.o

.rodata         0x0800cc64    0x17e08
                0x0800cc64                        . = ALIGN (0x4)
 *(.rodata)
 .rodata        0x0800cc64       0x31 build/nt35510.o
 *(.rodata*)
 *fill*         0x0800cc95        0x3 
 .rodata.HardFault_Handler.str1.4
                0x0800cc98      0x45a build/stm32f7xx_it.o
                                 0x17 (size before relaxing)
 .rodata.StartDefaultTask.str1.4
                0x0800d0f2      0x363 build/freertos.o
 .rodata.StartTouchTask.str1.4
                0x0800d0f2       0x28 build/freertos.o
 .rodata.str1.4
                0x0800d0f2       0x18 build/freertos.o
 *fill*         0x0800d0f2        0x2 
 .rodata.touchTask_attributes
                0x0800d0f4       0x24 build/freertos.o
                0x0800d0f4                touchTask_attributes
 .rodata.defaultTask_attributes
                0x0800d118       0x24 build/freertos.o
                0x0800d118                defaultTask_attributes
 .rodata.APBPrescTable
                0x0800d13c        0x8 build/system_stm32f7xx.o
                0x0800d13c                APBPrescTable
 .rodata.AHBPrescTable
                0x0800d144       0x10 build/system_stm32f7xx.o
                0x0800d144                AHBPrescTable
 .rodata.flagBitshiftOffset.0
                0x0800d154        0x8 build/stm32f7xx_hal_dma.o
 .rodata.Font96_Table
                0x0800d15c    0x11d00 build/stm32f769i_discovery_lcd.o
                0x0800d15c                Font96_Table
 .rodata.Font48_Table
                0x0801ee5c     0x4740 build/stm32f769i_discovery_lcd.o
                0x0801ee5c                Font48_Table
 .rodata.Font24_Table
                0x0802359c     0x11d0 build/stm32f769i_discovery_lcd.o
                0x0802359c                Font24_Table
 .rodata.ESP8266_SendCommand.str1.4
                0x0802476c        0x5 build/esp8266.o
 .rodata.ESP8266_Init.str1.4
                0x0802476c        0x9 build/esp8266.o
 .rodata.ShortRegData51
                0x0802476c        0x2 build/otm8009a.o
                0x0802476c                ShortRegData51
 *fill*         0x0802476e        0x2 
 .rodata.ShortRegData50
                0x08024770        0x2 build/otm8009a.o
                0x08024770                ShortRegData50
 *fill*         0x08024772        0x2 
 .rodata.ShortRegData49
                0x08024774        0x2 build/otm8009a.o
                0x08024774                ShortRegData49
 *fill*         0x08024776        0x2 
 .rodata.ShortRegData48
                0x08024778        0x2 build/otm8009a.o
                0x08024778                ShortRegData48
 *fill*         0x0802477a        0x2 
 .rodata.ShortRegData47
                0x0802477c        0x2 build/otm8009a.o
                0x0802477c                ShortRegData47
 *fill*         0x0802477e        0x2 
 .rodata.ShortRegData46
                0x08024780        0x2 build/otm8009a.o
                0x08024780                ShortRegData46
 *fill*         0x08024782        0x2 
 .rodata.ShortRegData45
                0x08024784        0x2 build/otm8009a.o
                0x08024784                ShortRegData45
 *fill*         0x08024786        0x2 
 .rodata.ShortRegData44
                0x08024788        0x2 build/otm8009a.o
                0x08024788                ShortRegData44
 *fill*         0x0802478a        0x2 
 .rodata.ShortRegData43
                0x0802478c        0x2 build/otm8009a.o
                0x0802478c                ShortRegData43
 *fill*         0x0802478e        0x2 
 .rodata.ShortRegData42
                0x08024790        0x2 build/otm8009a.o
                0x08024790                ShortRegData42
 *fill*         0x08024792        0x2 
 .rodata.ShortRegData41
                0x08024794        0x2 build/otm8009a.o
                0x08024794                ShortRegData41
 *fill*         0x08024796        0x2 
 .rodata.ShortRegData40
                0x08024798        0x2 build/otm8009a.o